2026-01-04 15:37:04,749 - INFO - Logging to: logs/training_20260104_153704.log
2026-01-04 15:37:04,750 - WARNING - MacOS detected: Forcing num_workers=0 to avoid multiprocessing deadlocks
2026-01-04 15:37:04,750 - INFO - Loading tokenizer...
2026-01-04 15:37:05,652 - INFO - Loading model config...
2026-01-04 15:37:05,653 - INFO - Loading dataset from: /Users/qureshsu/Learning/TSAI/ERAV4/session14/data/input.txt
2026-01-04 15:37:06,097 - INFO - Initializing model...
2026-01-04 15:37:10,384 - INFO - Starting training...
2026-01-04 15:37:10,384 - INFO - Resuming from checkpoint: checkpoints/deepseekv3-step=00500-train_loss=3.3785.ckpt
2026-01-04 15:37:11,642 - INFO - 
================================================================================
2026-01-04 15:37:11,642 - INFO - MODEL SUMMARY
2026-01-04 15:37:11,642 - INFO - ================================================================================
2026-01-04 15:37:11,642 - INFO - Model: DeepSeekV3
2026-01-04 15:37:11,642 - INFO - Total parameters: 271,866,736
2026-01-04 15:37:11,642 - INFO - Trainable parameters: 271,866,736
2026-01-04 15:37:11,642 - INFO - Block size: 512
2026-01-04 15:37:11,642 - INFO - Warmup steps: 1000
2026-01-04 15:37:11,642 - INFO - Peak learning rate: 0.0005
2026-01-04 15:37:11,642 - INFO - Total training steps: 10000
2026-01-04 15:37:11,642 - INFO - Predict every: 500 steps
2026-01-04 15:37:11,642 - INFO - ================================================================================

2026-01-04 15:37:17,568 - INFO - step 502 | dt: 5919.19 ms
2026-01-04 15:37:22,563 - INFO - step 503 | dt: 4990.56 ms
2026-01-04 15:37:27,209 - INFO - step 504 | dt: 4643.72 ms
2026-01-04 15:37:31,566 - INFO - step 505 | dt: 4355.42 ms
2026-01-04 15:37:35,624 - INFO - step 506 | dt: 4056.09 ms
2026-01-04 15:37:39,651 - INFO - step 507 | dt: 4025.85 ms
2026-01-04 15:37:43,694 - INFO - step 508 | dt: 4040.58 ms
2026-01-04 15:37:47,879 - INFO - step 509 | dt: 4183.50 ms
2026-01-04 15:37:52,125 - INFO - step 510 | dt: 4244.18 ms
2026-01-04 15:37:55,887 - INFO - step 511 | dt: 3759.84 ms
2026-01-04 15:37:59,836 - INFO - step 512 | dt: 3946.76 ms
2026-01-04 15:38:03,522 - INFO - step 513 | dt: 3683.92 ms
2026-01-04 15:38:07,419 - INFO - step 514 | dt: 3895.03 ms
2026-01-04 15:38:11,175 - INFO - step 515 | dt: 3754.81 ms
2026-01-04 15:38:14,682 - INFO - step 516 | dt: 3504.08 ms
2026-01-04 15:38:18,563 - INFO - step 517 | dt: 3878.83 ms
2026-01-04 15:38:22,095 - INFO - step 518 | dt: 3530.75 ms
2026-01-04 15:38:25,678 - INFO - step 519 | dt: 3581.20 ms
2026-01-04 15:38:28,319 - INFO - step 520 | dt: 2639.60 ms
2026-01-04 15:38:31,870 - INFO - step 521 | dt: 3549.07 ms
2026-01-04 15:38:35,657 - INFO - step 522 | dt: 3782.05 ms
2026-01-04 15:38:38,831 - INFO - step 523 | dt: 3170.68 ms
2026-01-04 15:38:43,128 - INFO - step 524 | dt: 4295.38 ms
2026-01-04 15:38:47,255 - INFO - step 525 | dt: 4124.09 ms
2026-01-04 15:38:50,603 - INFO - step 526 | dt: 3346.37 ms
2026-01-04 15:38:53,959 - INFO - step 527 | dt: 3353.43 ms
2026-01-04 15:38:56,454 - INFO - step 528 | dt: 2492.68 ms
2026-01-04 15:38:59,841 - INFO - step 529 | dt: 3384.24 ms
2026-01-04 15:39:03,162 - INFO - step 530 | dt: 3317.39 ms
2026-01-04 15:39:06,700 - INFO - step 531 | dt: 3536.77 ms
2026-01-04 15:39:09,221 - INFO - step 532 | dt: 2518.66 ms
2026-01-04 15:39:11,779 - INFO - step 533 | dt: 2555.87 ms
2026-01-04 15:39:15,321 - INFO - step 534 | dt: 3540.11 ms
2026-01-04 15:39:18,002 - INFO - step 535 | dt: 2679.14 ms
2026-01-04 15:39:21,653 - INFO - step 536 | dt: 3649.09 ms
2026-01-04 15:39:24,713 - INFO - step 537 | dt: 3058.77 ms
2026-01-04 15:39:27,211 - INFO - step 538 | dt: 2494.56 ms
2026-01-04 15:39:30,524 - INFO - step 539 | dt: 3310.77 ms
2026-01-04 15:39:33,016 - INFO - step 540 | dt: 2490.21 ms
2026-01-04 15:39:35,870 - INFO - step 541 | dt: 2852.45 ms
2026-01-04 15:39:39,134 - INFO - step 542 | dt: 3262.33 ms
2026-01-04 15:39:41,986 - INFO - step 543 | dt: 2850.23 ms
2026-01-04 15:39:44,643 - INFO - step 544 | dt: 2652.38 ms
2026-01-04 15:39:47,278 - INFO - step 545 | dt: 2632.32 ms
2026-01-04 15:39:49,971 - INFO - step 546 | dt: 2692.18 ms
2026-01-04 15:39:52,418 - INFO - step 547 | dt: 2444.06 ms
2026-01-04 15:39:54,956 - INFO - step 548 | dt: 2536.43 ms
2026-01-04 15:39:57,633 - INFO - step 549 | dt: 2644.28 ms
2026-01-04 15:40:00,954 - INFO - step 550 | dt: 3310.75 ms
2026-01-04 15:40:04,045 - INFO - step 551 | dt: 3088.25 ms
2026-01-04 15:40:07,090 - INFO - step 552 | dt: 3042.91 ms
2026-01-04 15:40:09,686 - INFO - step 553 | dt: 2595.02 ms
2026-01-04 15:40:12,233 - INFO - step 554 | dt: 2544.90 ms
2026-01-04 15:40:14,799 - INFO - step 555 | dt: 2563.98 ms
2026-01-04 15:40:18,278 - INFO - step 556 | dt: 3477.42 ms
2026-01-04 15:40:21,062 - INFO - step 557 | dt: 2780.44 ms
2026-01-04 15:40:23,585 - INFO - step 558 | dt: 2522.11 ms
2026-01-04 15:40:26,060 - INFO - step 559 | dt: 2472.08 ms
2026-01-04 15:40:28,515 - INFO - step 560 | dt: 2452.39 ms
2026-01-04 15:40:31,088 - INFO - step 561 | dt: 2571.63 ms
2026-01-04 15:40:34,382 - INFO - step 562 | dt: 3291.26 ms
2026-01-04 15:40:37,245 - INFO - step 563 | dt: 2860.59 ms
2026-01-04 15:40:39,844 - INFO - step 564 | dt: 2597.81 ms
2026-01-04 15:40:43,309 - INFO - step 565 | dt: 3461.10 ms
2026-01-04 15:40:45,963 - INFO - step 566 | dt: 2651.75 ms
2026-01-04 15:40:48,425 - INFO - step 567 | dt: 2460.30 ms
2026-01-04 15:40:52,128 - INFO - step 568 | dt: 3700.92 ms
2026-01-04 15:40:55,169 - INFO - step 569 | dt: 3038.18 ms
2026-01-04 15:40:57,615 - INFO - step 570 | dt: 2444.60 ms
2026-01-04 15:41:00,384 - INFO - step 571 | dt: 2766.66 ms
2026-01-04 15:41:03,077 - INFO - step 572 | dt: 2690.79 ms
2026-01-04 15:41:05,583 - INFO - step 573 | dt: 2503.65 ms
2026-01-04 15:41:08,104 - INFO - step 574 | dt: 2519.64 ms
2026-01-04 15:41:10,662 - INFO - step 575 | dt: 2554.65 ms
2026-01-04 15:41:14,126 - INFO - step 576 | dt: 3462.82 ms
2026-01-04 15:41:16,692 - INFO - step 577 | dt: 2565.09 ms
2026-01-04 15:41:19,978 - INFO - step 578 | dt: 3282.44 ms
2026-01-04 15:41:23,595 - INFO - step 579 | dt: 3614.44 ms
2026-01-04 15:41:26,818 - INFO - step 580 | dt: 3219.72 ms
2026-01-04 15:41:30,252 - INFO - step 581 | dt: 3431.68 ms
2026-01-04 15:41:33,059 - INFO - step 582 | dt: 2806.19 ms
2026-01-04 15:41:35,553 - INFO - step 583 | dt: 2492.61 ms
2026-01-04 15:41:37,963 - INFO - step 584 | dt: 2407.51 ms
2026-01-04 15:41:41,535 - INFO - step 585 | dt: 3569.32 ms
2026-01-04 15:41:44,865 - INFO - step 586 | dt: 3328.21 ms
2026-01-04 15:41:48,259 - INFO - step 587 | dt: 3392.14 ms
2026-01-04 15:41:51,780 - INFO - step 588 | dt: 3518.44 ms
2026-01-04 15:41:54,814 - INFO - step 589 | dt: 3031.42 ms
2026-01-04 15:41:57,250 - INFO - step 590 | dt: 2433.98 ms
2026-01-04 15:41:59,623 - INFO - step 591 | dt: 2369.56 ms
2026-01-04 15:42:02,033 - INFO - step 592 | dt: 2408.62 ms
2026-01-04 15:42:04,448 - INFO - step 593 | dt: 2413.33 ms
2026-01-04 15:42:06,898 - INFO - step 594 | dt: 2447.68 ms
2026-01-04 15:42:10,421 - INFO - step 595 | dt: 3521.07 ms
2026-01-04 15:42:13,052 - INFO - step 596 | dt: 2629.17 ms
2026-01-04 15:42:15,759 - INFO - step 597 | dt: 2706.22 ms
2026-01-04 15:42:19,016 - INFO - step 598 | dt: 3254.40 ms
2026-01-04 15:42:21,757 - INFO - step 599 | dt: 2738.22 ms
2026-01-04 15:42:24,144 - INFO - step 600 | dt: 2383.49 ms
2026-01-04 15:42:27,119 - INFO - step 601 | dt: 2973.51 ms
2026-01-04 15:42:29,597 - INFO - step 602 | dt: 2475.78 ms
2026-01-04 15:42:32,968 - INFO - step 603 | dt: 3368.56 ms
2026-01-04 15:42:36,117 - INFO - step 604 | dt: 3147.19 ms
2026-01-04 15:42:38,889 - INFO - step 605 | dt: 2770.42 ms
2026-01-04 15:42:41,349 - INFO - step 606 | dt: 2457.00 ms
2026-01-04 15:42:43,803 - INFO - step 607 | dt: 2450.36 ms
2026-01-04 15:42:47,538 - INFO - step 608 | dt: 3732.32 ms
2026-01-04 15:42:50,324 - INFO - step 609 | dt: 2782.52 ms
2026-01-04 15:42:53,734 - INFO - step 610 | dt: 3407.08 ms
2026-01-04 15:42:57,042 - INFO - step 611 | dt: 3306.24 ms
2026-01-04 15:43:00,237 - INFO - step 612 | dt: 3191.76 ms
2026-01-04 15:43:03,400 - INFO - step 613 | dt: 3161.49 ms
2026-01-04 15:43:06,725 - INFO - step 614 | dt: 3323.37 ms
2026-01-04 15:43:09,173 - INFO - step 615 | dt: 2446.75 ms
2026-01-04 15:43:11,707 - INFO - step 616 | dt: 2532.42 ms
2026-01-04 15:43:14,855 - INFO - step 617 | dt: 3144.68 ms
2026-01-04 15:43:17,294 - INFO - step 618 | dt: 2436.60 ms
2026-01-04 15:43:20,495 - INFO - step 619 | dt: 3199.40 ms
2026-01-04 15:43:23,548 - INFO - step 620 | dt: 3051.94 ms
2026-01-04 15:43:26,026 - INFO - step 621 | dt: 2475.33 ms
2026-01-04 15:43:28,562 - INFO - step 622 | dt: 2533.54 ms
2026-01-04 15:43:31,980 - INFO - step 623 | dt: 3416.84 ms
2026-01-04 15:43:34,471 - INFO - step 624 | dt: 2488.89 ms
2026-01-04 15:43:37,085 - INFO - step 625 | dt: 2612.23 ms
2026-01-04 15:43:39,699 - INFO - step 626 | dt: 2612.29 ms
2026-01-04 15:43:42,240 - INFO - step 627 | dt: 2539.98 ms
2026-01-04 15:43:45,031 - INFO - step 628 | dt: 2788.13 ms
2026-01-04 15:43:47,863 - INFO - step 629 | dt: 2831.11 ms
2026-01-04 15:43:51,113 - INFO - step 630 | dt: 3247.56 ms
2026-01-04 15:43:53,685 - INFO - step 631 | dt: 2570.35 ms
2026-01-04 15:43:56,949 - INFO - step 632 | dt: 3261.60 ms
2026-01-04 15:43:59,371 - INFO - step 633 | dt: 2419.82 ms
2026-01-04 15:44:01,828 - INFO - step 634 | dt: 2454.82 ms
2026-01-04 15:44:04,379 - INFO - step 635 | dt: 2549.98 ms
2026-01-04 15:44:06,896 - INFO - step 636 | dt: 2514.86 ms
2026-01-04 15:44:09,287 - INFO - step 637 | dt: 2388.14 ms
2026-01-04 15:44:11,914 - INFO - step 638 | dt: 2625.82 ms
2026-01-04 15:44:14,399 - INFO - step 639 | dt: 2481.71 ms
2026-01-04 15:44:16,913 - INFO - step 640 | dt: 2513.19 ms
2026-01-04 15:44:19,387 - INFO - step 641 | dt: 2471.91 ms
2026-01-04 15:44:21,852 - INFO - step 642 | dt: 2463.06 ms
2026-01-04 15:44:24,246 - INFO - step 643 | dt: 2391.04 ms
2026-01-04 15:44:26,762 - INFO - step 644 | dt: 2514.43 ms
2026-01-04 15:44:29,225 - INFO - step 645 | dt: 2460.17 ms
2026-01-04 15:44:31,657 - INFO - step 646 | dt: 2430.54 ms
2026-01-04 15:44:34,334 - INFO - step 647 | dt: 2675.38 ms
2026-01-04 15:44:36,740 - INFO - step 648 | dt: 2404.52 ms
2026-01-04 15:44:40,379 - INFO - step 649 | dt: 3635.19 ms
2026-01-04 15:44:43,510 - INFO - step 650 | dt: 3128.27 ms
2026-01-04 15:44:45,914 - INFO - step 651 | dt: 2402.69 ms
2026-01-04 15:44:48,357 - INFO - step 652 | dt: 2440.37 ms
2026-01-04 15:44:50,755 - INFO - step 653 | dt: 2396.78 ms
2026-01-04 15:44:53,679 - INFO - step 654 | dt: 2921.78 ms
2026-01-04 15:44:56,224 - INFO - step 655 | dt: 2542.67 ms
2026-01-04 15:44:58,615 - INFO - step 656 | dt: 2390.02 ms
2026-01-04 15:45:01,369 - INFO - step 657 | dt: 2750.65 ms
2026-01-04 15:45:03,957 - INFO - step 658 | dt: 2587.41 ms
2026-01-04 15:45:07,098 - INFO - step 659 | dt: 3137.68 ms
2026-01-04 15:45:10,264 - INFO - step 660 | dt: 3164.26 ms
2026-01-04 15:45:13,227 - INFO - step 661 | dt: 2961.56 ms
2026-01-04 15:45:16,027 - INFO - step 662 | dt: 2798.62 ms
2026-01-04 15:45:18,837 - INFO - step 663 | dt: 2808.37 ms
2026-01-04 15:45:21,579 - INFO - step 664 | dt: 2739.69 ms
2026-01-04 15:45:24,907 - INFO - step 665 | dt: 3325.84 ms
2026-01-04 15:45:28,155 - INFO - step 666 | dt: 3245.63 ms
2026-01-04 15:45:31,204 - INFO - step 667 | dt: 3047.68 ms
2026-01-04 15:45:34,464 - INFO - step 668 | dt: 3257.74 ms
2026-01-04 15:45:37,768 - INFO - step 669 | dt: 3302.40 ms
2026-01-04 15:45:41,279 - INFO - step 670 | dt: 3509.21 ms
2026-01-04 15:45:44,284 - INFO - step 671 | dt: 3003.21 ms
2026-01-04 15:45:48,028 - INFO - step 672 | dt: 3741.66 ms
2026-01-04 15:45:50,513 - INFO - step 673 | dt: 2483.48 ms
2026-01-04 15:45:52,912 - INFO - step 674 | dt: 2396.88 ms
2026-01-04 15:45:56,305 - INFO - step 675 | dt: 3390.77 ms
2026-01-04 15:45:59,330 - INFO - step 676 | dt: 3023.20 ms
2026-01-04 15:46:01,788 - INFO - step 677 | dt: 2456.93 ms
2026-01-04 15:46:04,336 - INFO - step 678 | dt: 2545.13 ms
2026-01-04 15:46:06,799 - INFO - step 679 | dt: 2461.35 ms
2026-01-04 15:46:09,263 - INFO - step 680 | dt: 2462.36 ms
2026-01-04 15:46:11,779 - INFO - step 681 | dt: 2514.40 ms
2026-01-04 15:46:14,172 - INFO - step 682 | dt: 2389.80 ms
2026-01-04 15:46:16,793 - INFO - step 683 | dt: 2619.98 ms
2026-01-04 15:46:19,511 - INFO - step 684 | dt: 2714.31 ms
2026-01-04 15:46:21,977 - INFO - step 685 | dt: 2463.16 ms
2026-01-04 15:46:24,421 - INFO - step 686 | dt: 2443.07 ms
2026-01-04 15:46:28,199 - INFO - step 687 | dt: 3774.10 ms
2026-01-04 15:46:30,765 - INFO - step 688 | dt: 2562.92 ms
2026-01-04 15:46:34,031 - INFO - step 689 | dt: 3264.89 ms
2026-01-04 15:46:36,603 - INFO - step 690 | dt: 2569.81 ms
2026-01-04 15:46:39,010 - INFO - step 691 | dt: 2405.46 ms
2026-01-04 15:46:41,433 - INFO - step 692 | dt: 2420.71 ms
2026-01-04 15:46:43,871 - INFO - step 693 | dt: 2434.54 ms
2026-01-04 15:46:47,512 - INFO - step 694 | dt: 3639.63 ms
2026-01-04 15:46:50,940 - INFO - step 695 | dt: 3425.91 ms
2026-01-04 15:46:53,488 - INFO - step 696 | dt: 2547.18 ms
2026-01-04 15:46:55,882 - INFO - step 697 | dt: 2390.01 ms
2026-01-04 15:46:58,294 - INFO - step 698 | dt: 2410.21 ms
2026-01-04 15:47:00,853 - INFO - step 699 | dt: 2557.00 ms
2026-01-04 15:47:03,417 - INFO - step 700 | dt: 2559.63 ms
2026-01-04 15:47:06,641 - INFO - step 701 | dt: 3222.39 ms
2026-01-04 15:47:09,964 - INFO - step 702 | dt: 3320.20 ms
2026-01-04 15:47:13,059 - INFO - step 703 | dt: 3094.07 ms
2026-01-04 15:47:15,699 - INFO - step 704 | dt: 2637.58 ms
2026-01-04 15:47:18,095 - INFO - step 705 | dt: 2394.70 ms
2026-01-04 15:47:20,625 - INFO - step 706 | dt: 2527.65 ms
2026-01-04 15:47:23,074 - INFO - step 707 | dt: 2445.94 ms
2026-01-04 15:47:25,468 - INFO - step 708 | dt: 2392.10 ms
2026-01-04 15:47:27,959 - INFO - step 709 | dt: 2489.47 ms
2026-01-04 15:47:30,408 - INFO - step 710 | dt: 2444.59 ms
2026-01-04 15:47:32,923 - INFO - step 711 | dt: 2514.09 ms
2026-01-04 15:47:35,389 - INFO - step 712 | dt: 2464.50 ms
2026-01-04 15:47:37,844 - INFO - step 713 | dt: 2452.27 ms
2026-01-04 15:47:40,420 - INFO - step 714 | dt: 2572.87 ms
2026-01-04 15:47:43,668 - INFO - step 715 | dt: 3246.92 ms
2026-01-04 15:47:46,829 - INFO - step 716 | dt: 3158.23 ms
2026-01-04 15:47:50,119 - INFO - step 717 | dt: 3288.85 ms
2026-01-04 15:47:53,231 - INFO - step 718 | dt: 3109.37 ms
2026-01-04 15:47:56,602 - INFO - step 719 | dt: 3369.23 ms
2026-01-04 15:47:59,874 - INFO - step 720 | dt: 3270.15 ms
2026-01-04 15:48:02,575 - INFO - step 721 | dt: 2698.36 ms
2026-01-04 15:48:04,959 - INFO - step 722 | dt: 2382.29 ms
2026-01-04 15:48:08,195 - INFO - step 723 | dt: 3234.51 ms
2026-01-04 15:48:11,594 - INFO - step 724 | dt: 3397.48 ms
2026-01-04 15:48:14,331 - INFO - step 725 | dt: 2734.89 ms
2026-01-04 15:48:18,027 - INFO - step 726 | dt: 3693.94 ms
2026-01-04 15:48:21,113 - INFO - step 727 | dt: 3084.65 ms
2026-01-04 15:48:24,485 - INFO - step 728 | dt: 3369.10 ms
2026-01-04 15:48:28,108 - INFO - step 729 | dt: 3621.31 ms
2026-01-04 15:48:31,170 - INFO - step 730 | dt: 3060.06 ms
2026-01-04 15:48:34,377 - INFO - step 731 | dt: 3205.30 ms
2026-01-04 15:48:37,003 - INFO - step 732 | dt: 2624.13 ms
2026-01-04 15:48:39,358 - INFO - step 733 | dt: 2354.43 ms
2026-01-04 15:48:41,750 - INFO - step 734 | dt: 2388.80 ms
2026-01-04 15:48:44,089 - INFO - step 735 | dt: 2335.96 ms
2026-01-04 15:48:46,450 - INFO - step 736 | dt: 2360.39 ms
2026-01-04 15:48:48,896 - INFO - step 737 | dt: 2444.17 ms
2026-01-04 15:48:51,410 - INFO - step 738 | dt: 2509.20 ms
2026-01-04 15:48:54,480 - INFO - step 739 | dt: 3069.00 ms
2026-01-04 15:48:57,260 - INFO - step 740 | dt: 2778.96 ms
2026-01-04 15:48:59,717 - INFO - step 741 | dt: 2453.58 ms
2026-01-04 15:49:02,965 - INFO - step 742 | dt: 3245.27 ms
2026-01-04 15:49:06,294 - INFO - step 743 | dt: 3328.31 ms
2026-01-04 15:49:09,580 - INFO - step 744 | dt: 3284.17 ms
2026-01-04 15:49:12,619 - INFO - step 745 | dt: 3037.17 ms
2026-01-04 15:49:15,982 - INFO - step 746 | dt: 3360.88 ms
2026-01-04 15:49:19,140 - INFO - step 747 | dt: 3156.24 ms
2026-01-04 15:49:22,370 - INFO - step 748 | dt: 3228.19 ms
2026-01-04 15:49:25,736 - INFO - step 749 | dt: 3362.71 ms
2026-01-04 15:49:28,429 - INFO - step 750 | dt: 2690.65 ms
2026-01-04 15:49:30,880 - INFO - step 751 | dt: 2449.61 ms
2026-01-04 15:49:33,538 - INFO - step 752 | dt: 2655.41 ms
2026-01-04 15:49:35,950 - INFO - step 753 | dt: 2409.89 ms
2026-01-04 15:49:38,576 - INFO - step 754 | dt: 2625.02 ms
2026-01-04 15:49:41,229 - INFO - step 755 | dt: 2650.76 ms
2026-01-04 15:49:43,742 - INFO - step 756 | dt: 2511.11 ms
2026-01-04 15:49:46,170 - INFO - step 757 | dt: 2424.81 ms
2026-01-04 15:49:48,705 - INFO - step 758 | dt: 2532.33 ms
2026-01-04 15:49:51,069 - INFO - step 759 | dt: 2363.12 ms
2026-01-04 15:49:54,240 - INFO - step 760 | dt: 3169.10 ms
2026-01-04 15:49:57,323 - INFO - step 761 | dt: 3081.87 ms
2026-01-04 15:50:00,198 - INFO - step 762 | dt: 2873.66 ms
2026-01-04 15:50:02,621 - INFO - step 763 | dt: 2421.06 ms
2026-01-04 15:50:05,012 - INFO - step 764 | dt: 2387.88 ms
2026-01-04 15:50:07,453 - INFO - step 765 | dt: 2439.93 ms
2026-01-04 15:50:09,870 - INFO - step 766 | dt: 2414.93 ms
2026-01-04 15:50:12,277 - INFO - step 767 | dt: 2403.75 ms
2026-01-04 15:50:14,697 - INFO - step 768 | dt: 2419.16 ms
2026-01-04 15:50:17,813 - INFO - step 769 | dt: 3113.79 ms
2026-01-04 15:50:21,023 - INFO - step 770 | dt: 3208.43 ms
2026-01-04 15:50:24,566 - INFO - step 771 | dt: 3540.75 ms
2026-01-04 15:50:28,104 - INFO - step 772 | dt: 3535.99 ms
2026-01-04 15:50:30,830 - INFO - step 773 | dt: 2723.96 ms
2026-01-04 15:50:34,057 - INFO - step 774 | dt: 3224.62 ms
2026-01-04 15:50:37,071 - INFO - step 775 | dt: 3013.12 ms
2026-01-04 15:50:39,467 - INFO - step 776 | dt: 2393.42 ms
2026-01-04 15:50:42,064 - INFO - step 777 | dt: 2594.78 ms
2026-01-04 15:50:44,529 - INFO - step 778 | dt: 2463.04 ms
2026-01-04 15:50:47,305 - INFO - step 779 | dt: 2774.10 ms
2026-01-04 15:50:50,110 - INFO - step 780 | dt: 2802.69 ms
2026-01-04 15:50:52,741 - INFO - step 781 | dt: 2628.55 ms
2026-01-04 15:50:55,305 - INFO - step 782 | dt: 2562.28 ms
2026-01-04 15:50:57,725 - INFO - step 783 | dt: 2418.11 ms
2026-01-04 15:51:00,324 - INFO - step 784 | dt: 2596.33 ms
2026-01-04 15:51:02,917 - INFO - step 785 | dt: 2590.42 ms
2026-01-04 15:51:05,321 - INFO - step 786 | dt: 2402.33 ms
2026-01-04 15:51:07,757 - INFO - step 787 | dt: 2432.85 ms
2026-01-04 15:51:10,886 - INFO - step 788 | dt: 3127.80 ms
2026-01-04 15:51:13,392 - INFO - step 789 | dt: 2503.65 ms
2026-01-04 15:51:16,750 - INFO - step 790 | dt: 3355.73 ms
2026-01-04 15:51:19,850 - INFO - step 791 | dt: 3097.67 ms
2026-01-04 15:51:23,450 - INFO - step 792 | dt: 3598.23 ms
2026-01-04 15:51:26,753 - INFO - step 793 | dt: 3301.41 ms
2026-01-04 15:51:30,201 - INFO - step 794 | dt: 3446.41 ms
2026-01-04 15:51:33,695 - INFO - step 795 | dt: 3491.94 ms
2026-01-04 15:51:36,935 - INFO - step 796 | dt: 3238.61 ms
2026-01-04 15:51:39,936 - INFO - step 797 | dt: 2998.53 ms
2026-01-04 15:51:42,612 - INFO - step 798 | dt: 2675.04 ms
2026-01-04 15:51:45,970 - INFO - step 799 | dt: 3346.80 ms
2026-01-04 15:51:49,174 - INFO - step 800 | dt: 3199.96 ms
2026-01-04 15:51:52,479 - INFO - step 801 | dt: 3303.97 ms
2026-01-04 15:51:55,775 - INFO - step 802 | dt: 3293.88 ms
2026-01-04 15:51:59,229 - INFO - step 803 | dt: 3451.37 ms
2026-01-04 15:52:02,520 - INFO - step 804 | dt: 3290.03 ms
2026-01-04 15:52:05,937 - INFO - step 805 | dt: 3414.89 ms
2026-01-04 15:52:09,221 - INFO - step 806 | dt: 3282.50 ms
2026-01-04 15:52:12,354 - INFO - step 807 | dt: 3130.28 ms
2026-01-04 15:52:15,657 - INFO - step 808 | dt: 3301.50 ms
2026-01-04 15:52:18,680 - INFO - step 809 | dt: 3021.45 ms
2026-01-04 15:52:21,688 - INFO - step 810 | dt: 3006.44 ms
2026-01-04 15:52:24,435 - INFO - step 811 | dt: 2744.40 ms
2026-01-04 15:52:27,853 - INFO - step 812 | dt: 3416.16 ms
2026-01-04 15:52:31,153 - INFO - step 813 | dt: 3298.01 ms
2026-01-04 15:52:34,406 - INFO - step 814 | dt: 3251.76 ms
2026-01-04 15:52:37,757 - INFO - step 815 | dt: 3349.16 ms
2026-01-04 15:52:40,928 - INFO - step 816 | dt: 3168.70 ms
2026-01-04 15:52:43,898 - INFO - step 817 | dt: 2967.67 ms
2026-01-04 15:52:46,592 - INFO - step 818 | dt: 2692.70 ms
2026-01-04 15:52:50,043 - INFO - step 819 | dt: 3449.64 ms
2026-01-04 15:52:53,279 - INFO - step 820 | dt: 3233.16 ms
2026-01-04 15:52:56,368 - INFO - step 821 | dt: 3087.58 ms
2026-01-04 15:52:59,348 - INFO - step 822 | dt: 2978.44 ms
2026-01-04 15:53:02,101 - INFO - step 823 | dt: 2751.23 ms
2026-01-04 15:53:05,203 - INFO - step 824 | dt: 3100.34 ms
2026-01-04 15:53:08,025 - INFO - step 825 | dt: 2819.69 ms
2026-01-04 15:53:10,697 - INFO - step 826 | dt: 2670.11 ms
2026-01-04 15:53:13,312 - INFO - step 827 | dt: 2613.98 ms
2026-01-04 15:53:16,033 - INFO - step 828 | dt: 2717.40 ms
2026-01-04 15:53:19,237 - INFO - step 829 | dt: 3203.07 ms
2026-01-04 15:53:22,270 - INFO - step 830 | dt: 3031.08 ms
2026-01-04 15:53:25,947 - INFO - step 831 | dt: 3675.22 ms
2026-01-04 15:53:29,062 - INFO - step 832 | dt: 3113.48 ms
2026-01-04 15:53:31,739 - INFO - step 833 | dt: 2675.71 ms
2026-01-04 15:53:34,746 - INFO - step 834 | dt: 3004.54 ms
2026-01-04 15:53:37,476 - INFO - step 835 | dt: 2728.70 ms
2026-01-04 15:53:40,317 - INFO - step 836 | dt: 2840.17 ms
2026-01-04 15:53:43,622 - INFO - step 837 | dt: 3302.56 ms
2026-01-04 15:53:46,776 - INFO - step 838 | dt: 3152.07 ms
2026-01-04 15:53:49,476 - INFO - step 839 | dt: 2697.15 ms
2026-01-04 15:53:52,364 - INFO - step 840 | dt: 2886.04 ms
2026-01-04 15:53:55,251 - INFO - step 841 | dt: 2885.17 ms
2026-01-04 15:53:58,567 - INFO - step 842 | dt: 3313.35 ms
2026-01-04 15:54:01,920 - INFO - step 843 | dt: 3351.72 ms
2026-01-04 15:54:04,799 - INFO - step 844 | dt: 2877.25 ms
2026-01-04 15:54:08,131 - INFO - step 845 | dt: 3328.45 ms
2026-01-04 15:54:11,352 - INFO - step 846 | dt: 3219.72 ms
2026-01-04 15:54:14,345 - INFO - step 847 | dt: 2991.52 ms
2026-01-04 15:54:16,921 - INFO - step 848 | dt: 2573.86 ms
2026-01-04 15:54:20,366 - INFO - step 849 | dt: 3442.63 ms
2026-01-04 15:54:23,602 - INFO - step 850 | dt: 3232.25 ms
2026-01-04 15:54:26,764 - INFO - step 851 | dt: 3161.24 ms
2026-01-04 15:54:30,137 - INFO - step 852 | dt: 3370.59 ms
2026-01-04 15:54:33,719 - INFO - step 853 | dt: 3580.55 ms
2026-01-04 15:54:36,834 - INFO - step 854 | dt: 3108.41 ms
2026-01-04 15:54:39,975 - INFO - step 855 | dt: 3139.40 ms
2026-01-04 15:54:43,236 - INFO - step 856 | dt: 3259.28 ms
2026-01-04 15:54:46,300 - INFO - step 857 | dt: 3062.59 ms
2026-01-04 15:54:48,761 - INFO - step 858 | dt: 2459.59 ms
2026-01-04 15:54:51,950 - INFO - step 859 | dt: 3185.06 ms
2026-01-04 15:54:55,030 - INFO - step 860 | dt: 3077.66 ms
2026-01-04 15:54:58,181 - INFO - step 861 | dt: 3149.26 ms
2026-01-04 15:55:00,606 - INFO - step 862 | dt: 2422.63 ms
2026-01-04 15:55:03,024 - INFO - step 863 | dt: 2416.03 ms
2026-01-04 15:55:05,468 - INFO - step 864 | dt: 2441.96 ms
2026-01-04 15:55:08,825 - INFO - step 865 | dt: 3354.44 ms
2026-01-04 15:55:12,012 - INFO - step 866 | dt: 3186.15 ms
2026-01-04 15:55:15,298 - INFO - step 867 | dt: 3283.74 ms
2026-01-04 15:55:18,477 - INFO - step 868 | dt: 3177.55 ms
2026-01-04 15:55:21,504 - INFO - step 869 | dt: 3025.12 ms
2026-01-04 15:55:24,869 - INFO - step 870 | dt: 3362.87 ms
2026-01-04 15:55:27,463 - INFO - step 871 | dt: 2593.03 ms
2026-01-04 15:55:29,917 - INFO - step 872 | dt: 2452.01 ms
2026-01-04 15:55:32,643 - INFO - step 873 | dt: 2724.43 ms
2026-01-04 15:55:35,759 - INFO - step 874 | dt: 3113.67 ms
2026-01-04 15:55:38,373 - INFO - step 875 | dt: 2612.40 ms
2026-01-04 15:55:41,081 - INFO - step 876 | dt: 2703.79 ms
2026-01-04 15:55:43,835 - INFO - step 877 | dt: 2752.41 ms
2026-01-04 15:55:46,573 - INFO - step 878 | dt: 2736.90 ms
2026-01-04 15:55:49,247 - INFO - step 879 | dt: 2671.38 ms
2026-01-04 15:55:51,815 - INFO - step 880 | dt: 2566.67 ms
2026-01-04 15:55:54,862 - INFO - step 881 | dt: 3045.13 ms
2026-01-04 15:55:57,345 - INFO - step 882 | dt: 2481.15 ms
2026-01-04 15:56:00,633 - INFO - step 883 | dt: 3286.05 ms
2026-01-04 15:56:03,867 - INFO - step 884 | dt: 3232.21 ms
2026-01-04 15:56:06,911 - INFO - step 885 | dt: 3041.97 ms
2026-01-04 15:56:10,023 - INFO - step 886 | dt: 3109.96 ms
2026-01-04 15:56:13,499 - INFO - step 887 | dt: 3473.32 ms
2026-01-04 15:56:16,851 - INFO - step 888 | dt: 3349.87 ms
2026-01-04 15:56:20,160 - INFO - step 889 | dt: 3306.68 ms
2026-01-04 15:56:23,746 - INFO - step 890 | dt: 3584.29 ms
2026-01-04 15:56:27,075 - INFO - step 891 | dt: 3326.35 ms
2026-01-04 15:56:30,325 - INFO - step 892 | dt: 3248.69 ms
2026-01-04 15:56:33,717 - INFO - step 893 | dt: 3390.01 ms
2026-01-04 15:56:36,970 - INFO - step 894 | dt: 3250.72 ms
2026-01-04 15:56:40,091 - INFO - step 895 | dt: 3119.51 ms
2026-01-04 15:56:43,302 - INFO - step 896 | dt: 3208.46 ms
2026-01-04 15:56:46,398 - INFO - step 897 | dt: 3094.65 ms
2026-01-04 15:56:49,743 - INFO - step 898 | dt: 3342.12 ms
2026-01-04 15:56:53,056 - INFO - step 899 | dt: 3304.63 ms
2026-01-04 15:56:55,527 - INFO - step 900 | dt: 2466.34 ms
2026-01-04 15:56:58,564 - INFO - step 901 | dt: 3035.19 ms
2026-01-04 15:57:01,866 - INFO - step 902 | dt: 3301.07 ms
2026-01-04 15:57:04,873 - INFO - step 903 | dt: 3004.46 ms
2026-01-04 15:57:07,782 - INFO - step 904 | dt: 2907.96 ms
2026-01-04 15:57:11,354 - INFO - step 905 | dt: 3570.56 ms
2026-01-04 15:57:14,571 - INFO - step 906 | dt: 3212.24 ms
2026-01-04 15:57:18,046 - INFO - step 907 | dt: 3473.12 ms
2026-01-04 15:57:21,473 - INFO - step 908 | dt: 3425.70 ms
2026-01-04 15:57:24,569 - INFO - step 909 | dt: 3092.90 ms
2026-01-04 15:57:27,910 - INFO - step 910 | dt: 3339.15 ms
2026-01-04 15:57:30,968 - INFO - step 911 | dt: 3056.02 ms
2026-01-04 15:57:33,635 - INFO - step 912 | dt: 2665.01 ms
2026-01-04 15:57:36,947 - INFO - step 913 | dt: 3309.49 ms
2026-01-04 15:57:40,028 - INFO - step 914 | dt: 3079.83 ms
2026-01-04 15:57:43,235 - INFO - step 915 | dt: 3204.90 ms
2026-01-04 15:57:46,422 - INFO - step 916 | dt: 3184.56 ms
2026-01-04 15:57:49,806 - INFO - step 917 | dt: 3382.93 ms
2026-01-04 15:57:52,907 - INFO - step 918 | dt: 3098.47 ms
2026-01-04 15:57:56,029 - INFO - step 919 | dt: 3121.13 ms
2026-01-04 15:57:59,147 - INFO - step 920 | dt: 3116.57 ms
2026-01-04 15:58:02,486 - INFO - step 921 | dt: 3336.99 ms
2026-01-04 15:58:05,968 - INFO - step 922 | dt: 3479.91 ms
2026-01-04 15:58:09,092 - INFO - step 923 | dt: 3121.09 ms
2026-01-04 15:58:12,094 - INFO - step 924 | dt: 3000.35 ms
2026-01-04 15:58:15,508 - INFO - step 925 | dt: 3412.88 ms
2026-01-04 15:58:18,697 - INFO - step 926 | dt: 3186.52 ms
2026-01-04 15:58:21,831 - INFO - step 927 | dt: 3133.36 ms
2026-01-04 15:58:25,123 - INFO - step 928 | dt: 3288.36 ms
2026-01-04 15:58:28,486 - INFO - step 929 | dt: 3362.53 ms
2026-01-04 15:58:32,043 - INFO - step 930 | dt: 3553.98 ms
2026-01-04 15:58:35,560 - INFO - step 931 | dt: 3515.03 ms
2026-01-04 15:58:38,773 - INFO - step 932 | dt: 3210.78 ms
2026-01-04 15:58:41,981 - INFO - step 933 | dt: 3207.40 ms
2026-01-04 15:58:45,389 - INFO - step 934 | dt: 3405.60 ms
2026-01-04 15:58:48,795 - INFO - step 935 | dt: 3404.41 ms
2026-01-04 15:58:52,086 - INFO - step 936 | dt: 3288.08 ms
2026-01-04 15:58:55,377 - INFO - step 937 | dt: 3287.15 ms
2026-01-04 15:58:58,605 - INFO - step 938 | dt: 3226.20 ms
2026-01-04 15:59:01,883 - INFO - step 939 | dt: 3276.73 ms
2026-01-04 15:59:05,160 - INFO - step 940 | dt: 3274.23 ms
2026-01-04 15:59:08,560 - INFO - step 941 | dt: 3398.29 ms
2026-01-04 15:59:11,817 - INFO - step 942 | dt: 3255.66 ms
2026-01-04 15:59:14,914 - INFO - step 943 | dt: 3094.89 ms
2026-01-04 15:59:18,094 - INFO - step 944 | dt: 3177.99 ms
2026-01-04 15:59:21,299 - INFO - step 945 | dt: 3203.39 ms
2026-01-04 15:59:24,485 - INFO - step 946 | dt: 3183.01 ms
2026-01-04 15:59:27,667 - INFO - step 947 | dt: 3179.98 ms
2026-01-04 15:59:30,853 - INFO - step 948 | dt: 3184.77 ms
2026-01-04 15:59:34,444 - INFO - step 949 | dt: 3580.44 ms
2026-01-04 15:59:37,752 - INFO - step 950 | dt: 3303.08 ms
2026-01-04 15:59:41,013 - INFO - step 951 | dt: 3259.14 ms
2026-01-04 15:59:44,051 - INFO - step 952 | dt: 3035.97 ms
2026-01-04 15:59:46,802 - INFO - step 953 | dt: 2749.13 ms
2026-01-04 15:59:49,221 - INFO - step 954 | dt: 2417.57 ms
2026-01-04 15:59:52,476 - INFO - step 955 | dt: 3252.24 ms
2026-01-04 15:59:55,250 - INFO - step 956 | dt: 2771.95 ms
2026-01-04 15:59:57,897 - INFO - step 957 | dt: 2645.39 ms
2026-01-04 16:00:00,384 - INFO - step 958 | dt: 2485.14 ms
2026-01-04 16:00:03,607 - INFO - step 959 | dt: 3221.46 ms
2026-01-04 16:00:07,023 - INFO - step 960 | dt: 3414.33 ms
2026-01-04 16:00:10,262 - INFO - step 961 | dt: 3237.30 ms
2026-01-04 16:00:13,844 - INFO - step 962 | dt: 3579.62 ms
2026-01-04 16:00:17,315 - INFO - step 963 | dt: 3469.39 ms
2026-01-04 16:00:20,612 - INFO - step 964 | dt: 3294.98 ms
2026-01-04 16:00:24,025 - INFO - step 965 | dt: 3410.15 ms
2026-01-04 16:00:27,408 - INFO - step 966 | dt: 3381.78 ms
2026-01-04 16:00:30,727 - INFO - step 967 | dt: 3316.73 ms
2026-01-04 16:00:34,002 - INFO - step 968 | dt: 3273.35 ms
2026-01-04 16:00:37,367 - INFO - step 969 | dt: 3364.01 ms
2026-01-04 16:00:40,770 - INFO - step 970 | dt: 3400.82 ms
2026-01-04 16:00:43,939 - INFO - step 971 | dt: 3166.37 ms
2026-01-04 16:00:47,346 - INFO - step 972 | dt: 3405.56 ms
2026-01-04 16:00:50,689 - INFO - step 973 | dt: 3340.46 ms
2026-01-04 16:00:54,121 - INFO - step 974 | dt: 3430.19 ms
2026-01-04 16:00:57,448 - INFO - step 975 | dt: 3323.42 ms
2026-01-04 16:01:00,410 - INFO - step 976 | dt: 2960.81 ms
2026-01-04 16:01:03,871 - INFO - step 977 | dt: 3459.03 ms
2026-01-04 16:01:07,169 - INFO - step 978 | dt: 3295.25 ms
2026-01-04 16:01:10,097 - INFO - step 979 | dt: 2926.86 ms
2026-01-04 16:01:13,360 - INFO - step 980 | dt: 3260.99 ms
2026-01-04 16:01:16,570 - INFO - step 981 | dt: 3206.54 ms
2026-01-04 16:01:19,840 - INFO - step 982 | dt: 3268.61 ms
2026-01-04 16:01:23,112 - INFO - step 983 | dt: 3270.32 ms
2026-01-04 16:01:26,465 - INFO - step 984 | dt: 3350.92 ms
2026-01-04 16:01:29,915 - INFO - step 985 | dt: 3449.28 ms
2026-01-04 16:01:33,339 - INFO - step 986 | dt: 3420.69 ms
2026-01-04 16:01:36,502 - INFO - step 987 | dt: 3161.88 ms
2026-01-04 16:01:39,897 - INFO - step 988 | dt: 3391.77 ms
2026-01-04 16:01:43,185 - INFO - step 989 | dt: 3285.79 ms
2026-01-04 16:01:46,319 - INFO - step 990 | dt: 3131.06 ms
2026-01-04 16:01:49,613 - INFO - step 991 | dt: 3293.08 ms
2026-01-04 16:01:52,493 - INFO - step 992 | dt: 2876.91 ms
2026-01-04 16:01:55,927 - INFO - step 993 | dt: 3432.81 ms
2026-01-04 16:01:59,415 - INFO - step 994 | dt: 3485.75 ms
2026-01-04 16:02:02,455 - INFO - step 995 | dt: 3038.92 ms
2026-01-04 16:02:05,661 - INFO - step 996 | dt: 3203.28 ms
2026-01-04 16:02:08,879 - INFO - step 997 | dt: 3217.15 ms
2026-01-04 16:02:12,182 - INFO - step 998 | dt: 3301.32 ms
2026-01-04 16:02:15,545 - INFO - step 999 | dt: 3351.39 ms
2026-01-04 16:02:18,665 - INFO - step 1000 | dt: 3116.69 ms
2026-01-04 16:02:19,581 - INFO - Step 1000 | train_loss=3.0410
2026-01-04 16:02:19,614 - INFO - Starting generation for prompt: 'First Citizen:'
2026-01-04 16:02:25,745 - INFO - Generation | new_tokens: 50 | dt: 6131.38 ms | tok/s: 8
2026-01-04 16:02:25,758 - INFO - 
================================================================================
2026-01-04 16:02:25,759 - INFO - Step 1000 - Generated text:
2026-01-04 16:02:25,759 - INFO - First Citizen:
And in this island seem to give from me as
More than I do not take my master.

AUTOLYCUS:
No, like a man,
For every grief a man before a hot infusion;
For,
2026-01-04 16:02:25,759 - INFO - ================================================================================

2026-01-04 16:02:27,690 - INFO - Saving checkpoint at step 1000
2026-01-04 16:02:32,681 - INFO - Saving checkpoint at step 1000
