2026-01-04 11:49:55,782 - INFO - Logging to: logs/training_20260104_114955.log
2026-01-04 11:49:55,783 - INFO - Loading tokenizer...
2026-01-04 11:49:56,711 - INFO - Loading model config...
2026-01-04 11:49:56,711 - INFO - Loading dataset from: /Users/qureshsu/Learning/TSAI/ERAV4/session14/data/input.txt
2026-01-04 11:49:57,140 - INFO - Initializing model...
2026-01-04 11:50:01,432 - INFO - Starting training...
2026-01-04 11:50:01,432 - INFO - Resuming from checkpoint: checkpoints/deepseekv3-final-step-00010.ckpt
2026-01-04 11:50:20,566 - INFO - 
================================================================================
2026-01-04 11:50:20,566 - INFO - MODEL SUMMARY
2026-01-04 11:50:20,566 - INFO - ================================================================================
2026-01-04 11:50:20,566 - INFO - Model: DeepSeekV3
2026-01-04 11:50:20,566 - INFO - Total parameters: 271,866,736
2026-01-04 11:50:20,566 - INFO - Trainable parameters: 271,866,736
2026-01-04 11:50:20,566 - INFO - Block size: 512
2026-01-04 11:50:20,566 - INFO - Warmup steps: 1000
2026-01-04 11:50:20,566 - INFO - Peak learning rate: 0.0005
2026-01-04 11:50:20,566 - INFO - Total training steps: 10000
2026-01-04 11:50:20,566 - INFO - Predict every: 500 steps
2026-01-04 11:50:20,566 - INFO - ================================================================================

2026-01-04 11:50:26,818 - INFO - step 12 | dt: 6246.66 ms
2026-01-04 11:50:31,276 - INFO - step 13 | dt: 4455.56 ms
2026-01-04 11:50:35,601 - INFO - step 14 | dt: 4323.73 ms
2026-01-04 11:50:39,035 - INFO - step 15 | dt: 3430.47 ms
2026-01-04 11:50:42,577 - INFO - step 16 | dt: 3538.45 ms
2026-01-04 11:50:45,721 - INFO - step 17 | dt: 3141.24 ms
2026-01-04 11:50:48,306 - INFO - step 18 | dt: 2583.78 ms
2026-01-04 11:50:51,549 - INFO - step 19 | dt: 3240.30 ms
2026-01-04 11:50:55,101 - INFO - step 20 | dt: 3550.90 ms
2026-01-04 11:50:57,978 - INFO - step 21 | dt: 2874.14 ms
2026-01-04 11:51:00,579 - INFO - step 22 | dt: 2599.60 ms
2026-01-04 11:51:03,054 - INFO - step 23 | dt: 2471.94 ms
2026-01-04 11:51:06,180 - INFO - step 24 | dt: 3124.19 ms
2026-01-04 11:51:09,188 - INFO - step 25 | dt: 3006.05 ms
2026-01-04 11:51:12,776 - INFO - step 26 | dt: 3586.27 ms
2026-01-04 11:51:16,014 - INFO - step 27 | dt: 3234.56 ms
2026-01-04 11:51:19,607 - INFO - step 28 | dt: 3590.88 ms
2026-01-04 11:51:22,264 - INFO - step 29 | dt: 2655.61 ms
2026-01-04 11:51:24,969 - INFO - step 30 | dt: 2702.63 ms
2026-01-04 11:51:27,792 - INFO - step 31 | dt: 2821.38 ms
2026-01-04 11:51:31,180 - INFO - step 32 | dt: 3385.57 ms
2026-01-04 11:51:34,705 - INFO - step 33 | dt: 3522.77 ms
2026-01-04 11:51:37,898 - INFO - step 34 | dt: 3191.04 ms
2026-01-04 11:51:41,349 - INFO - step 35 | dt: 3449.35 ms
2026-01-04 11:51:44,729 - INFO - step 36 | dt: 3377.82 ms
2026-01-04 11:51:47,459 - INFO - step 37 | dt: 2727.00 ms
2026-01-04 11:51:50,369 - INFO - step 38 | dt: 2908.79 ms
2026-01-04 11:51:54,289 - INFO - step 39 | dt: 3917.13 ms
2026-01-04 11:51:57,887 - INFO - step 40 | dt: 3595.37 ms
2026-01-04 11:52:01,389 - INFO - step 41 | dt: 3500.74 ms
2026-01-04 11:52:04,932 - INFO - step 42 | dt: 3540.77 ms
2026-01-04 11:52:08,522 - INFO - step 43 | dt: 3587.09 ms
2026-01-04 11:52:11,954 - INFO - step 44 | dt: 3430.70 ms
2026-01-04 11:52:15,959 - INFO - step 45 | dt: 4003.14 ms
2026-01-04 11:52:19,661 - INFO - step 46 | dt: 3699.16 ms
2026-01-04 11:52:23,499 - INFO - step 47 | dt: 3835.37 ms
2026-01-04 11:52:27,022 - INFO - step 48 | dt: 3519.57 ms
2026-01-04 11:52:30,589 - INFO - step 49 | dt: 3565.33 ms
2026-01-04 11:52:33,930 - INFO - step 50 | dt: 3337.87 ms
2026-01-04 11:52:37,522 - INFO - step 51 | dt: 3574.01 ms
2026-01-04 11:52:41,395 - INFO - step 52 | dt: 3863.50 ms
2026-01-04 11:52:45,013 - INFO - step 53 | dt: 3616.77 ms
2026-01-04 11:52:48,603 - INFO - step 54 | dt: 3587.84 ms
2026-01-04 11:52:51,974 - INFO - step 55 | dt: 3368.47 ms
2026-01-04 11:52:55,352 - INFO - step 56 | dt: 3376.11 ms
2026-01-04 11:52:58,885 - INFO - step 57 | dt: 3528.97 ms
2026-01-04 11:53:02,124 - INFO - step 58 | dt: 3237.39 ms
2026-01-04 11:53:05,719 - INFO - step 59 | dt: 3593.38 ms
2026-01-04 11:53:09,185 - INFO - step 60 | dt: 3462.27 ms
2026-01-04 11:53:12,415 - INFO - step 61 | dt: 3229.17 ms
2026-01-04 11:53:15,828 - INFO - step 62 | dt: 3410.70 ms
2026-01-04 11:53:19,018 - INFO - step 63 | dt: 3186.80 ms
2026-01-04 11:53:22,241 - INFO - step 64 | dt: 3221.18 ms
2026-01-04 11:53:25,435 - INFO - step 65 | dt: 3192.92 ms
2026-01-04 11:53:28,819 - INFO - step 66 | dt: 3382.19 ms
2026-01-04 11:53:32,303 - INFO - step 67 | dt: 3480.32 ms
2026-01-04 11:53:35,751 - INFO - step 68 | dt: 3446.15 ms
2026-01-04 11:53:39,096 - INFO - step 69 | dt: 3341.89 ms
2026-01-04 11:53:43,095 - INFO - step 70 | dt: 3996.68 ms
2026-01-04 11:53:46,498 - INFO - step 71 | dt: 3399.82 ms
2026-01-04 11:53:49,617 - INFO - step 72 | dt: 3114.98 ms
2026-01-04 11:53:53,502 - INFO - step 73 | dt: 3883.95 ms
2026-01-04 11:53:57,849 - INFO - step 74 | dt: 4343.27 ms
2026-01-04 11:54:01,086 - INFO - step 75 | dt: 3233.36 ms
2026-01-04 11:54:04,344 - INFO - step 76 | dt: 3253.92 ms
2026-01-04 11:54:07,995 - INFO - step 77 | dt: 3650.22 ms
2026-01-04 11:54:11,252 - INFO - step 78 | dt: 3254.94 ms
2026-01-04 11:54:14,526 - INFO - step 79 | dt: 3271.23 ms
2026-01-04 11:54:17,902 - INFO - step 80 | dt: 3373.68 ms
2026-01-04 11:54:20,608 - INFO - step 81 | dt: 2704.23 ms
2026-01-04 11:54:23,865 - INFO - step 82 | dt: 3250.91 ms
2026-01-04 11:54:26,953 - INFO - step 83 | dt: 3086.37 ms
2026-01-04 11:54:30,697 - INFO - step 84 | dt: 3742.39 ms
2026-01-04 11:54:33,911 - INFO - step 85 | dt: 3211.74 ms
2026-01-04 11:54:37,018 - INFO - step 86 | dt: 3104.55 ms
2026-01-04 11:54:40,244 - INFO - step 87 | dt: 3224.71 ms
2026-01-04 11:54:43,670 - INFO - step 88 | dt: 3423.69 ms
2026-01-04 11:54:47,054 - INFO - step 89 | dt: 3381.70 ms
2026-01-04 11:54:50,807 - INFO - step 90 | dt: 3751.51 ms
2026-01-04 11:54:54,456 - INFO - step 91 | dt: 3646.74 ms
2026-01-04 11:54:57,571 - INFO - step 92 | dt: 3113.21 ms
2026-01-04 11:55:00,891 - INFO - step 93 | dt: 3317.57 ms
2026-01-04 11:55:04,381 - INFO - step 94 | dt: 3486.32 ms
2026-01-04 11:55:08,221 - INFO - step 95 | dt: 3838.44 ms
2026-01-04 11:55:11,456 - INFO - step 96 | dt: 3232.12 ms
2026-01-04 11:55:14,798 - INFO - step 97 | dt: 3339.53 ms
2026-01-04 11:55:18,115 - INFO - step 98 | dt: 3314.83 ms
2026-01-04 11:55:21,315 - INFO - step 99 | dt: 3198.97 ms
2026-01-04 11:55:25,297 - INFO - step 100 | dt: 3978.05 ms
2026-01-04 11:55:28,823 - INFO - step 101 | dt: 3516.62 ms
2026-01-04 11:55:32,218 - INFO - step 102 | dt: 3389.98 ms
2026-01-04 11:55:35,464 - INFO - step 103 | dt: 3244.36 ms
2026-01-04 11:55:38,780 - INFO - step 104 | dt: 3311.81 ms
2026-01-04 11:55:42,083 - INFO - step 105 | dt: 3301.35 ms
2026-01-04 11:55:45,473 - INFO - step 106 | dt: 3387.56 ms
2026-01-04 11:55:49,022 - INFO - step 107 | dt: 3547.50 ms
2026-01-04 11:55:52,375 - INFO - step 108 | dt: 3350.49 ms
2026-01-04 11:55:55,623 - INFO - step 109 | dt: 3244.99 ms
2026-01-04 11:55:58,874 - INFO - step 110 | dt: 3249.14 ms
2026-01-04 11:56:02,241 - INFO - step 111 | dt: 3366.28 ms
2026-01-04 11:56:05,405 - INFO - step 112 | dt: 3159.81 ms
2026-01-04 11:56:08,706 - INFO - step 113 | dt: 3299.55 ms
2026-01-04 11:56:11,944 - INFO - step 114 | dt: 3235.66 ms
2026-01-04 11:56:15,160 - INFO - step 115 | dt: 3213.29 ms
2026-01-04 11:56:18,365 - INFO - step 116 | dt: 3202.19 ms
2026-01-04 11:56:21,623 - INFO - step 117 | dt: 3257.48 ms
2026-01-04 11:56:24,872 - INFO - step 118 | dt: 3245.17 ms
2026-01-04 11:56:28,010 - INFO - step 119 | dt: 3137.12 ms
2026-01-04 11:56:31,200 - INFO - step 120 | dt: 3186.60 ms
2026-01-04 11:56:34,906 - INFO - step 121 | dt: 3702.91 ms
2026-01-04 11:56:38,258 - INFO - step 122 | dt: 3350.54 ms
2026-01-04 11:56:41,724 - INFO - step 123 | dt: 3462.87 ms
2026-01-04 11:56:45,108 - INFO - step 124 | dt: 3380.52 ms
2026-01-04 11:56:48,399 - INFO - step 125 | dt: 3289.33 ms
2026-01-04 11:56:51,831 - INFO - step 126 | dt: 3428.94 ms
2026-01-04 11:56:55,082 - INFO - step 127 | dt: 3248.90 ms
2026-01-04 11:56:58,404 - INFO - step 128 | dt: 3319.59 ms
2026-01-04 11:57:01,821 - INFO - step 129 | dt: 3414.40 ms
2026-01-04 11:57:04,784 - INFO - step 130 | dt: 2960.94 ms
2026-01-04 11:57:08,217 - INFO - step 131 | dt: 3430.23 ms
2026-01-04 11:57:11,842 - INFO - step 132 | dt: 3621.40 ms
2026-01-04 11:57:15,508 - INFO - step 133 | dt: 3539.89 ms
2026-01-04 11:57:18,691 - INFO - step 134 | dt: 3182.10 ms
2026-01-04 11:57:21,982 - INFO - step 135 | dt: 3288.50 ms
2026-01-04 11:57:25,049 - INFO - step 136 | dt: 3061.19 ms
2026-01-04 11:57:28,308 - INFO - step 137 | dt: 3257.62 ms
2026-01-04 11:57:31,450 - INFO - step 138 | dt: 3138.95 ms
2026-01-04 11:57:34,689 - INFO - step 139 | dt: 3236.72 ms
2026-01-04 11:57:37,843 - INFO - step 140 | dt: 3150.86 ms
2026-01-04 11:57:41,216 - INFO - step 141 | dt: 3371.72 ms
2026-01-04 11:57:44,431 - INFO - step 142 | dt: 3212.86 ms
2026-01-04 11:57:47,540 - INFO - step 143 | dt: 3107.20 ms
2026-01-04 11:57:50,815 - INFO - step 144 | dt: 3273.44 ms
2026-01-04 11:57:54,159 - INFO - step 145 | dt: 3340.62 ms
2026-01-04 11:57:57,332 - INFO - step 146 | dt: 3171.51 ms
2026-01-04 11:58:00,642 - INFO - step 147 | dt: 3304.36 ms
2026-01-04 11:58:03,747 - INFO - step 148 | dt: 3102.93 ms
2026-01-04 11:58:06,913 - INFO - step 149 | dt: 3163.42 ms
2026-01-04 11:58:10,213 - INFO - step 150 | dt: 3298.44 ms
2026-01-04 11:58:13,329 - INFO - step 151 | dt: 3105.86 ms
2026-01-04 11:58:15,809 - INFO - step 152 | dt: 2476.36 ms
2026-01-04 11:58:19,094 - INFO - step 153 | dt: 3282.43 ms
2026-01-04 11:58:22,318 - INFO - step 154 | dt: 3221.60 ms
2026-01-04 11:58:25,548 - INFO - step 155 | dt: 3227.93 ms
2026-01-04 11:58:28,937 - INFO - step 156 | dt: 3386.40 ms
2026-01-04 11:58:31,866 - INFO - step 157 | dt: 2926.89 ms
2026-01-04 11:58:34,838 - INFO - step 158 | dt: 2970.26 ms
2026-01-04 11:58:38,003 - INFO - step 159 | dt: 3162.88 ms
2026-01-04 11:58:41,072 - INFO - step 160 | dt: 3066.36 ms
2026-01-04 11:58:44,273 - INFO - step 161 | dt: 3199.21 ms
2026-01-04 11:58:47,522 - INFO - step 162 | dt: 3245.48 ms
2026-01-04 11:58:50,573 - INFO - step 163 | dt: 3049.07 ms
2026-01-04 11:58:53,934 - INFO - step 164 | dt: 3360.47 ms
2026-01-04 11:58:57,129 - INFO - step 165 | dt: 3191.49 ms
2026-01-04 11:59:00,111 - INFO - step 166 | dt: 2980.63 ms
2026-01-04 11:59:03,154 - INFO - step 167 | dt: 3039.70 ms
2026-01-04 11:59:06,105 - INFO - step 168 | dt: 2950.04 ms
2026-01-04 11:59:09,205 - INFO - step 169 | dt: 3098.27 ms
2026-01-04 11:59:12,394 - INFO - step 170 | dt: 3185.60 ms
2026-01-04 11:59:15,607 - INFO - step 171 | dt: 3211.81 ms
2026-01-04 11:59:18,763 - INFO - step 172 | dt: 3151.68 ms
2026-01-04 11:59:21,979 - INFO - step 173 | dt: 3214.84 ms
2026-01-04 11:59:25,029 - INFO - step 174 | dt: 3047.04 ms
2026-01-04 11:59:28,352 - INFO - step 175 | dt: 3321.03 ms
2026-01-04 11:59:31,448 - INFO - step 176 | dt: 3092.67 ms
2026-01-04 11:59:33,817 - INFO - step 177 | dt: 2366.96 ms
2026-01-04 11:59:36,246 - INFO - step 178 | dt: 2427.53 ms
2026-01-04 11:59:39,025 - INFO - step 179 | dt: 2775.73 ms
2026-01-04 11:59:42,083 - INFO - step 180 | dt: 3057.15 ms
2026-01-04 11:59:45,123 - INFO - step 181 | dt: 3034.75 ms
2026-01-04 11:59:48,483 - INFO - step 182 | dt: 3357.78 ms
2026-01-04 11:59:51,830 - INFO - step 183 | dt: 3344.81 ms
2026-01-04 11:59:54,680 - INFO - step 184 | dt: 2848.18 ms
2026-01-04 11:59:57,915 - INFO - step 185 | dt: 3232.49 ms
2026-01-04 12:00:01,389 - INFO - step 186 | dt: 3472.94 ms
2026-01-04 12:00:05,299 - INFO - step 187 | dt: 3904.72 ms
2026-01-04 12:00:08,481 - INFO - step 188 | dt: 3179.82 ms
2026-01-04 12:00:11,749 - INFO - step 189 | dt: 3264.35 ms
2026-01-04 12:00:14,839 - INFO - step 190 | dt: 3087.82 ms
2026-01-04 12:00:18,130 - INFO - step 191 | dt: 3288.65 ms
2026-01-04 12:00:21,517 - INFO - step 192 | dt: 3385.65 ms
2026-01-04 12:00:24,838 - INFO - step 193 | dt: 3316.84 ms
2026-01-04 12:00:28,031 - INFO - step 194 | dt: 3191.14 ms
2026-01-04 12:00:31,389 - INFO - step 195 | dt: 3354.58 ms
2026-01-04 12:00:34,545 - INFO - step 196 | dt: 3154.77 ms
2026-01-04 12:00:37,555 - INFO - step 197 | dt: 3007.27 ms
2026-01-04 12:00:40,543 - INFO - step 198 | dt: 2985.32 ms
2026-01-04 12:00:43,620 - INFO - step 199 | dt: 3073.63 ms
2026-01-04 12:00:46,956 - INFO - step 200 | dt: 3334.61 ms
2026-01-04 12:00:50,106 - INFO - step 201 | dt: 3135.03 ms
2026-01-04 12:00:53,153 - INFO - step 202 | dt: 3040.78 ms
2026-01-04 12:00:56,901 - INFO - step 203 | dt: 3744.27 ms
2026-01-04 12:01:00,397 - INFO - step 204 | dt: 3490.76 ms
2026-01-04 12:01:03,749 - INFO - step 205 | dt: 3348.51 ms
2026-01-04 12:01:07,040 - INFO - step 206 | dt: 3287.82 ms
2026-01-04 12:01:09,964 - INFO - step 207 | dt: 2920.92 ms
2026-01-04 12:01:13,440 - INFO - step 208 | dt: 3474.49 ms
2026-01-04 12:01:16,587 - INFO - step 209 | dt: 3143.38 ms
2026-01-04 12:01:19,836 - INFO - step 210 | dt: 3247.64 ms
2026-01-04 12:01:22,997 - INFO - step 211 | dt: 3158.10 ms
2026-01-04 12:01:26,498 - INFO - step 212 | dt: 3498.67 ms
2026-01-04 12:01:29,613 - INFO - step 213 | dt: 3112.51 ms
2026-01-04 12:01:32,748 - INFO - step 214 | dt: 3133.89 ms
2026-01-04 12:01:35,878 - INFO - step 215 | dt: 3126.56 ms
2026-01-04 12:01:39,287 - INFO - step 216 | dt: 3407.94 ms
2026-01-04 12:01:42,314 - INFO - step 217 | dt: 3023.77 ms
2026-01-04 12:01:46,007 - INFO - step 218 | dt: 3691.11 ms
2026-01-04 12:01:49,279 - INFO - step 219 | dt: 3269.60 ms
2026-01-04 12:01:52,466 - INFO - step 220 | dt: 3185.31 ms
2026-01-04 12:01:55,481 - INFO - step 221 | dt: 3011.37 ms
2026-01-04 12:01:57,841 - INFO - step 222 | dt: 2357.89 ms
2026-01-04 12:02:01,218 - INFO - step 223 | dt: 3374.34 ms
2026-01-04 12:02:04,309 - INFO - step 224 | dt: 3089.93 ms
2026-01-04 12:02:07,457 - INFO - step 225 | dt: 3146.16 ms
2026-01-04 12:02:10,662 - INFO - step 226 | dt: 3201.84 ms
2026-01-04 12:02:13,826 - INFO - step 227 | dt: 3162.81 ms
2026-01-04 12:02:16,879 - INFO - step 228 | dt: 3050.87 ms
2026-01-04 12:02:20,131 - INFO - step 229 | dt: 3250.94 ms
2026-01-04 12:02:23,252 - INFO - step 230 | dt: 3117.26 ms
2026-01-04 12:02:26,237 - INFO - step 231 | dt: 2983.37 ms
2026-01-04 12:02:28,710 - INFO - step 232 | dt: 2470.69 ms
2026-01-04 12:02:31,215 - INFO - step 233 | dt: 2501.11 ms
2026-01-04 12:02:34,356 - INFO - step 234 | dt: 3139.55 ms
2026-01-04 12:02:37,560 - INFO - step 235 | dt: 3202.74 ms
2026-01-04 12:02:40,569 - INFO - step 236 | dt: 3005.77 ms
2026-01-04 12:02:43,687 - INFO - step 237 | dt: 3116.57 ms
2026-01-04 12:02:46,811 - INFO - step 238 | dt: 3122.41 ms
2026-01-04 12:02:49,944 - INFO - step 239 | dt: 3130.79 ms
2026-01-04 12:02:52,764 - INFO - step 240 | dt: 2817.64 ms
2026-01-04 12:02:56,125 - INFO - step 241 | dt: 3360.04 ms
2026-01-04 12:02:59,168 - INFO - step 242 | dt: 3040.19 ms
2026-01-04 12:03:02,507 - INFO - step 243 | dt: 3336.66 ms
2026-01-04 12:03:05,524 - INFO - step 244 | dt: 3013.79 ms
2026-01-04 12:03:07,949 - INFO - step 245 | dt: 2424.35 ms
2026-01-04 12:03:11,416 - INFO - step 246 | dt: 3464.81 ms
2026-01-04 12:03:14,505 - INFO - step 247 | dt: 3086.20 ms
2026-01-04 12:03:17,473 - INFO - step 248 | dt: 2966.23 ms
2026-01-04 12:03:20,479 - INFO - step 249 | dt: 3003.41 ms
2026-01-04 12:03:23,657 - INFO - step 250 | dt: 3175.99 ms
2026-01-04 12:03:27,050 - INFO - step 251 | dt: 3383.35 ms
2026-01-04 12:03:30,316 - INFO - step 252 | dt: 3259.86 ms
2026-01-04 12:03:33,410 - INFO - step 253 | dt: 3091.82 ms
2026-01-04 12:03:36,431 - INFO - step 254 | dt: 3017.87 ms
2026-01-04 12:03:39,646 - INFO - step 255 | dt: 3212.81 ms
2026-01-04 12:03:42,631 - INFO - step 256 | dt: 2981.71 ms
2026-01-04 12:03:45,656 - INFO - step 257 | dt: 3022.74 ms
2026-01-04 12:03:48,493 - INFO - step 258 | dt: 2834.59 ms
2026-01-04 12:03:50,882 - INFO - step 259 | dt: 2386.93 ms
2026-01-04 12:03:53,261 - INFO - step 260 | dt: 2375.98 ms
2026-01-04 12:03:55,677 - INFO - step 261 | dt: 2414.04 ms
2026-01-04 12:03:58,130 - INFO - step 262 | dt: 2450.93 ms
2026-01-04 12:04:00,564 - INFO - step 263 | dt: 2430.41 ms
2026-01-04 12:04:02,967 - INFO - step 264 | dt: 2400.93 ms
2026-01-04 12:04:05,285 - INFO - step 265 | dt: 2315.63 ms
2026-01-04 12:04:07,617 - INFO - step 266 | dt: 2329.68 ms
2026-01-04 12:04:10,688 - INFO - step 267 | dt: 3068.58 ms
2026-01-04 12:04:13,240 - INFO - step 268 | dt: 2550.36 ms
2026-01-04 12:04:15,590 - INFO - step 269 | dt: 2348.67 ms
2026-01-04 12:04:17,895 - INFO - step 270 | dt: 2302.95 ms
2026-01-04 12:04:20,341 - INFO - step 271 | dt: 2444.90 ms
2026-01-04 12:04:23,621 - INFO - step 272 | dt: 3278.54 ms
2026-01-04 12:04:25,969 - INFO - step 273 | dt: 2346.20 ms
2026-01-04 12:04:28,287 - INFO - step 274 | dt: 2314.83 ms
2026-01-04 12:04:30,686 - INFO - step 275 | dt: 2397.18 ms
2026-01-04 12:04:33,088 - INFO - step 276 | dt: 2399.33 ms
2026-01-04 12:04:35,377 - INFO - step 277 | dt: 2287.44 ms
2026-01-04 12:04:37,718 - INFO - step 278 | dt: 2339.36 ms
2026-01-04 12:04:40,507 - INFO - step 279 | dt: 2787.23 ms
2026-01-04 12:04:42,872 - INFO - step 280 | dt: 2360.77 ms
2026-01-04 12:04:45,227 - INFO - step 281 | dt: 2353.60 ms
2026-01-04 12:04:48,181 - INFO - step 282 | dt: 2952.24 ms
2026-01-04 12:04:50,526 - INFO - step 283 | dt: 2343.83 ms
2026-01-04 12:04:53,351 - INFO - step 284 | dt: 2822.58 ms
2026-01-04 12:04:55,727 - INFO - step 285 | dt: 2374.66 ms
2026-01-04 12:04:58,030 - INFO - step 286 | dt: 2300.51 ms
2026-01-04 12:05:00,341 - INFO - step 287 | dt: 2309.12 ms
2026-01-04 12:05:02,643 - INFO - step 288 | dt: 2300.37 ms
2026-01-04 12:05:05,690 - INFO - step 289 | dt: 3044.42 ms
2026-01-04 12:05:08,690 - INFO - step 290 | dt: 2997.64 ms
2026-01-04 12:05:11,772 - INFO - step 291 | dt: 3080.86 ms
2026-01-04 12:05:14,805 - INFO - step 292 | dt: 3030.84 ms
2026-01-04 12:05:17,852 - INFO - step 293 | dt: 3045.73 ms
2026-01-04 12:05:20,747 - INFO - step 294 | dt: 2892.96 ms
2026-01-04 12:05:23,089 - INFO - step 295 | dt: 2339.80 ms
2026-01-04 12:05:25,592 - INFO - step 296 | dt: 2501.55 ms
2026-01-04 12:05:28,018 - INFO - step 297 | dt: 2424.02 ms
2026-01-04 12:05:30,467 - INFO - step 298 | dt: 2446.23 ms
2026-01-04 12:05:32,950 - INFO - step 299 | dt: 2480.40 ms
2026-01-04 12:05:36,000 - INFO - step 300 | dt: 3048.17 ms
2026-01-04 12:05:39,108 - INFO - step 301 | dt: 3098.91 ms
2026-01-04 12:05:42,161 - INFO - step 302 | dt: 3047.45 ms
2026-01-04 12:05:44,567 - INFO - step 303 | dt: 2405.11 ms
2026-01-04 12:05:47,108 - INFO - step 304 | dt: 2538.61 ms
2026-01-04 12:05:50,278 - INFO - step 305 | dt: 3168.78 ms
2026-01-04 12:05:52,677 - INFO - step 306 | dt: 2396.83 ms
2026-01-04 12:05:55,034 - INFO - step 307 | dt: 2354.76 ms
2026-01-04 12:05:57,483 - INFO - step 308 | dt: 2446.62 ms
2026-01-04 12:06:00,456 - INFO - step 309 | dt: 2970.71 ms
2026-01-04 12:06:03,464 - INFO - step 310 | dt: 3006.92 ms
2026-01-04 12:06:06,067 - INFO - step 311 | dt: 2600.97 ms
2026-01-04 12:06:09,206 - INFO - step 312 | dt: 3136.45 ms
2026-01-04 12:06:12,231 - INFO - step 313 | dt: 3023.29 ms
2026-01-04 12:06:15,315 - INFO - step 314 | dt: 3082.10 ms
2026-01-04 12:06:18,341 - INFO - step 315 | dt: 3023.30 ms
2026-01-04 12:06:21,422 - INFO - step 316 | dt: 3078.71 ms
2026-01-04 12:06:24,455 - INFO - step 317 | dt: 3031.23 ms
2026-01-04 12:06:27,448 - INFO - step 318 | dt: 2991.09 ms
2026-01-04 12:06:30,721 - INFO - step 319 | dt: 3270.41 ms
2026-01-04 12:06:33,741 - INFO - step 320 | dt: 3019.05 ms
2026-01-04 12:06:36,898 - INFO - step 321 | dt: 3153.55 ms
2026-01-04 12:06:39,223 - INFO - step 322 | dt: 2323.74 ms
2026-01-04 12:06:42,256 - INFO - step 323 | dt: 3030.14 ms
2026-01-04 12:06:44,617 - INFO - step 324 | dt: 2359.82 ms
2026-01-04 12:06:47,840 - INFO - step 325 | dt: 3220.96 ms
2026-01-04 12:06:51,083 - INFO - step 326 | dt: 3240.39 ms
2026-01-04 12:06:54,081 - INFO - step 327 | dt: 2995.89 ms
2026-01-04 12:06:57,103 - INFO - step 328 | dt: 3020.42 ms
2026-01-04 12:07:00,368 - INFO - step 329 | dt: 3263.53 ms
2026-01-04 12:07:03,416 - INFO - step 330 | dt: 3044.74 ms
2026-01-04 12:07:06,421 - INFO - step 331 | dt: 3003.79 ms
2026-01-04 12:07:09,474 - INFO - step 332 | dt: 3050.31 ms
2026-01-04 12:07:12,606 - INFO - step 333 | dt: 3129.67 ms
2026-01-04 12:07:15,615 - INFO - step 334 | dt: 3006.12 ms
2026-01-04 12:07:18,826 - INFO - step 335 | dt: 3209.31 ms
2026-01-04 12:07:21,829 - INFO - step 336 | dt: 3000.65 ms
2026-01-04 12:07:24,894 - INFO - step 337 | dt: 3063.35 ms
2026-01-04 12:07:27,920 - INFO - step 338 | dt: 3022.99 ms
2026-01-04 12:07:30,845 - INFO - step 339 | dt: 2922.87 ms
2026-01-04 12:07:33,925 - INFO - step 340 | dt: 3077.10 ms
2026-01-04 12:07:37,046 - INFO - step 341 | dt: 3118.57 ms
2026-01-04 12:07:40,002 - INFO - step 342 | dt: 2953.72 ms
2026-01-04 12:07:42,748 - INFO - step 343 | dt: 2744.24 ms
2026-01-04 12:07:45,940 - INFO - step 344 | dt: 3190.24 ms
2026-01-04 12:07:49,010 - INFO - step 345 | dt: 3067.07 ms
2026-01-04 12:07:52,228 - INFO - step 346 | dt: 3216.36 ms
2026-01-04 12:07:55,393 - INFO - step 347 | dt: 3162.13 ms
2026-01-04 12:07:58,478 - INFO - step 348 | dt: 3083.53 ms
2026-01-04 12:08:01,586 - INFO - step 349 | dt: 3105.08 ms
2026-01-04 12:08:04,733 - INFO - step 350 | dt: 3145.35 ms
2026-01-04 12:08:07,974 - INFO - step 351 | dt: 3233.35 ms
2026-01-04 12:08:11,165 - INFO - step 352 | dt: 3188.82 ms
2026-01-04 12:08:14,319 - INFO - step 353 | dt: 3150.75 ms
2026-01-04 12:08:17,463 - INFO - step 354 | dt: 3142.45 ms
2026-01-04 12:08:20,432 - INFO - step 355 | dt: 2965.56 ms
2026-01-04 12:08:23,455 - INFO - step 356 | dt: 3021.72 ms
2026-01-04 12:08:26,472 - INFO - step 357 | dt: 3015.13 ms
2026-01-04 12:08:29,499 - INFO - step 358 | dt: 3024.35 ms
2026-01-04 12:08:32,422 - INFO - step 359 | dt: 2921.62 ms
2026-01-04 12:08:35,564 - INFO - step 360 | dt: 3140.58 ms
2026-01-04 12:08:38,405 - INFO - step 361 | dt: 2837.87 ms
2026-01-04 12:08:41,592 - INFO - step 362 | dt: 3185.92 ms
2026-01-04 12:08:44,058 - INFO - step 363 | dt: 2464.30 ms
2026-01-04 12:08:46,849 - INFO - step 364 | dt: 2789.31 ms
2026-01-04 12:08:49,328 - INFO - step 365 | dt: 2476.77 ms
2026-01-04 12:08:51,908 - INFO - step 366 | dt: 2578.43 ms
2026-01-04 12:08:54,393 - INFO - step 367 | dt: 2482.77 ms
2026-01-04 12:08:56,881 - INFO - step 368 | dt: 2485.36 ms
2026-01-04 12:08:59,246 - INFO - step 369 | dt: 2363.40 ms
2026-01-04 12:09:02,021 - INFO - step 370 | dt: 2771.40 ms
2026-01-04 12:09:04,404 - INFO - step 371 | dt: 2380.17 ms
2026-01-04 12:09:06,794 - INFO - step 372 | dt: 2388.22 ms
2026-01-04 12:09:09,227 - INFO - step 373 | dt: 2431.28 ms
2026-01-04 12:09:11,791 - INFO - step 374 | dt: 2562.17 ms
2026-01-04 12:09:14,268 - INFO - step 375 | dt: 2475.79 ms
2026-01-04 12:09:17,367 - INFO - step 376 | dt: 3097.44 ms
2026-01-04 12:09:20,507 - INFO - step 377 | dt: 3136.11 ms
2026-01-04 12:09:23,696 - INFO - step 378 | dt: 3187.84 ms
2026-01-04 12:09:26,964 - INFO - step 379 | dt: 3265.10 ms
2026-01-04 12:09:30,090 - INFO - step 380 | dt: 3123.67 ms
2026-01-04 12:09:33,157 - INFO - step 381 | dt: 3065.50 ms
2026-01-04 12:09:36,223 - INFO - step 382 | dt: 3060.36 ms
2026-01-04 12:09:39,235 - INFO - step 383 | dt: 3010.09 ms
2026-01-04 12:09:42,153 - INFO - step 384 | dt: 2915.81 ms
2026-01-04 12:09:45,139 - INFO - step 385 | dt: 2984.94 ms
2026-01-04 12:09:48,065 - INFO - step 386 | dt: 2925.03 ms
2026-01-04 12:09:51,209 - INFO - step 387 | dt: 3140.30 ms
2026-01-04 12:09:54,125 - INFO - step 388 | dt: 2913.40 ms
2026-01-04 12:09:57,075 - INFO - step 389 | dt: 2948.51 ms
2026-01-04 12:10:00,006 - INFO - step 390 | dt: 2927.89 ms
2026-01-04 12:10:02,449 - INFO - step 391 | dt: 2441.53 ms
2026-01-04 12:10:05,009 - INFO - step 392 | dt: 2558.08 ms
2026-01-04 12:10:08,221 - INFO - step 393 | dt: 3209.80 ms
2026-01-04 12:10:11,182 - INFO - step 394 | dt: 2959.43 ms
2026-01-04 12:10:13,652 - INFO - step 395 | dt: 2468.00 ms
2026-01-04 12:10:16,047 - INFO - step 396 | dt: 2393.51 ms
2026-01-04 12:10:18,395 - INFO - step 397 | dt: 2343.25 ms
2026-01-04 12:10:20,789 - INFO - step 398 | dt: 2392.99 ms
2026-01-04 12:10:23,172 - INFO - step 399 | dt: 2380.78 ms
2026-01-04 12:10:25,576 - INFO - step 400 | dt: 2400.70 ms
2026-01-04 12:10:28,778 - INFO - step 401 | dt: 3193.76 ms
2026-01-04 12:10:31,157 - INFO - step 402 | dt: 2373.68 ms
2026-01-04 12:10:34,374 - INFO - step 403 | dt: 3214.46 ms
2026-01-04 12:10:37,648 - INFO - step 404 | dt: 3270.90 ms
2026-01-04 12:10:40,682 - INFO - step 405 | dt: 3032.34 ms
2026-01-04 12:10:43,941 - INFO - step 406 | dt: 3258.03 ms
2026-01-04 12:10:46,333 - INFO - step 407 | dt: 2388.71 ms
2026-01-04 12:10:49,456 - INFO - step 408 | dt: 3121.11 ms
2026-01-04 12:10:51,873 - INFO - step 409 | dt: 2416.31 ms
2026-01-04 12:10:54,268 - INFO - step 410 | dt: 2392.10 ms
2026-01-04 12:10:56,833 - INFO - step 411 | dt: 2562.59 ms
2026-01-04 12:10:59,849 - INFO - step 412 | dt: 3013.24 ms
2026-01-04 12:11:02,499 - INFO - step 413 | dt: 2648.62 ms
2026-01-04 12:11:05,806 - INFO - step 414 | dt: 3305.51 ms
2026-01-04 12:11:08,179 - INFO - step 415 | dt: 2370.72 ms
2026-01-04 12:11:10,538 - INFO - step 416 | dt: 2356.37 ms
2026-01-04 12:11:13,622 - INFO - step 417 | dt: 3082.78 ms
2026-01-04 12:11:16,640 - INFO - step 418 | dt: 3015.85 ms
2026-01-04 12:11:19,479 - INFO - step 419 | dt: 2837.21 ms
2026-01-04 12:11:21,902 - INFO - step 420 | dt: 2422.22 ms
2026-01-04 12:11:25,078 - INFO - step 421 | dt: 3171.20 ms
2026-01-04 12:11:28,037 - INFO - step 422 | dt: 2957.10 ms
2026-01-04 12:11:31,099 - INFO - step 423 | dt: 3059.81 ms
2026-01-04 12:11:33,811 - INFO - step 424 | dt: 2709.99 ms
2026-01-04 12:11:36,960 - INFO - step 425 | dt: 3146.99 ms
2026-01-04 12:11:39,889 - INFO - step 426 | dt: 2926.44 ms
2026-01-04 12:11:42,886 - INFO - step 427 | dt: 2992.97 ms
2026-01-04 12:11:45,848 - INFO - step 428 | dt: 2957.52 ms
2026-01-04 12:11:49,005 - INFO - step 429 | dt: 3155.93 ms
2026-01-04 12:11:52,050 - INFO - step 430 | dt: 3041.87 ms
2026-01-04 12:11:55,191 - INFO - step 431 | dt: 3139.01 ms
2026-01-04 12:11:58,173 - INFO - step 432 | dt: 2979.23 ms
2026-01-04 12:12:01,216 - INFO - step 433 | dt: 3041.32 ms
2026-01-04 12:12:04,416 - INFO - step 434 | dt: 3198.14 ms
2026-01-04 12:12:07,707 - INFO - step 435 | dt: 3288.72 ms
2026-01-04 12:12:10,826 - INFO - step 436 | dt: 3117.05 ms
2026-01-04 12:12:13,902 - INFO - step 437 | dt: 3072.58 ms
2026-01-04 12:12:17,100 - INFO - step 438 | dt: 3196.76 ms
2026-01-04 12:12:20,018 - INFO - step 439 | dt: 2914.84 ms
2026-01-04 12:12:23,201 - INFO - step 440 | dt: 3181.45 ms
2026-01-04 12:12:26,214 - INFO - step 441 | dt: 3009.91 ms
2026-01-04 12:12:29,413 - INFO - step 442 | dt: 3197.74 ms
2026-01-04 12:12:32,557 - INFO - step 443 | dt: 3140.27 ms
2026-01-04 12:12:35,758 - INFO - step 444 | dt: 3199.41 ms
2026-01-04 12:12:38,808 - INFO - step 445 | dt: 3047.56 ms
2026-01-04 12:12:41,840 - INFO - step 446 | dt: 3029.74 ms
2026-01-04 12:12:44,924 - INFO - step 447 | dt: 3082.35 ms
2026-01-04 12:12:47,269 - INFO - step 448 | dt: 2342.54 ms
2026-01-04 12:12:50,317 - INFO - step 449 | dt: 3045.99 ms
2026-01-04 12:12:53,350 - INFO - step 450 | dt: 3031.54 ms
2026-01-04 12:12:56,648 - INFO - step 451 | dt: 3288.60 ms
2026-01-04 12:12:59,684 - INFO - step 452 | dt: 3030.62 ms
2026-01-04 12:13:02,065 - INFO - step 453 | dt: 2378.63 ms
2026-01-04 12:13:04,502 - INFO - step 454 | dt: 2435.12 ms
2026-01-04 12:13:06,878 - INFO - step 455 | dt: 2373.62 ms
2026-01-04 12:13:09,956 - INFO - step 456 | dt: 3076.26 ms
2026-01-04 12:13:12,894 - INFO - step 457 | dt: 2937.27 ms
2026-01-04 12:13:16,124 - INFO - step 458 | dt: 3228.02 ms
2026-01-04 12:13:18,527 - INFO - step 459 | dt: 2400.99 ms
2026-01-04 12:13:21,574 - INFO - step 460 | dt: 3046.13 ms
2026-01-04 12:13:23,975 - INFO - step 461 | dt: 2399.19 ms
2026-01-04 12:13:27,254 - INFO - step 462 | dt: 3277.09 ms
2026-01-04 12:13:30,258 - INFO - step 463 | dt: 3001.03 ms
2026-01-04 12:13:33,282 - INFO - step 464 | dt: 3022.71 ms
2026-01-04 12:13:36,608 - INFO - step 465 | dt: 3324.41 ms
2026-01-04 12:13:39,532 - INFO - step 466 | dt: 2920.80 ms
2026-01-04 12:13:42,508 - INFO - step 467 | dt: 2974.20 ms
2026-01-04 12:13:45,449 - INFO - step 468 | dt: 2937.56 ms
2026-01-04 12:13:47,901 - INFO - step 469 | dt: 2449.93 ms
2026-01-04 12:13:51,291 - INFO - step 470 | dt: 3386.97 ms
2026-01-04 12:13:54,468 - INFO - step 471 | dt: 3122.63 ms
2026-01-04 12:13:57,795 - INFO - step 472 | dt: 3325.12 ms
2026-01-04 12:14:00,827 - INFO - step 473 | dt: 3028.66 ms
2026-01-04 12:14:03,271 - INFO - step 474 | dt: 2441.74 ms
2026-01-04 12:14:06,341 - INFO - step 475 | dt: 3067.29 ms
2026-01-04 12:14:09,242 - INFO - step 476 | dt: 2898.85 ms
2026-01-04 12:14:11,689 - INFO - step 477 | dt: 2445.20 ms
2026-01-04 12:14:14,025 - INFO - step 478 | dt: 2334.29 ms
2026-01-04 12:14:17,271 - INFO - step 479 | dt: 3243.73 ms
2026-01-04 12:14:20,327 - INFO - step 480 | dt: 3054.01 ms
2026-01-04 12:14:23,272 - INFO - step 481 | dt: 2944.29 ms
2026-01-04 12:14:26,320 - INFO - step 482 | dt: 3044.64 ms
2026-01-04 12:14:29,397 - INFO - step 483 | dt: 3074.97 ms
2026-01-04 12:14:31,712 - INFO - step 484 | dt: 2312.40 ms
2026-01-04 12:14:34,054 - INFO - step 485 | dt: 2339.51 ms
2026-01-04 12:14:36,396 - INFO - step 486 | dt: 2340.17 ms
2026-01-04 12:14:38,948 - INFO - step 487 | dt: 2549.14 ms
2026-01-04 12:14:41,376 - INFO - step 488 | dt: 2424.86 ms
2026-01-04 12:14:44,293 - INFO - step 489 | dt: 2914.40 ms
2026-01-04 12:14:46,631 - INFO - step 490 | dt: 2336.46 ms
2026-01-04 12:14:49,097 - INFO - step 491 | dt: 2463.27 ms
2026-01-04 12:14:52,181 - INFO - step 492 | dt: 3081.18 ms
2026-01-04 12:14:55,421 - INFO - step 493 | dt: 3238.66 ms
2026-01-04 12:14:58,649 - INFO - step 494 | dt: 3223.03 ms
2026-01-04 12:15:01,620 - INFO - step 495 | dt: 2969.48 ms
2026-01-04 12:15:04,628 - INFO - step 496 | dt: 3004.31 ms
2026-01-04 12:15:07,703 - INFO - step 497 | dt: 3074.13 ms
2026-01-04 12:15:10,647 - INFO - step 498 | dt: 2941.46 ms
2026-01-04 12:15:13,771 - INFO - step 499 | dt: 3118.26 ms
2026-01-04 12:15:16,866 - INFO - step 500 | dt: 3093.91 ms
2026-01-04 12:15:18,223 - INFO - Step 500 | train_loss=4.1681
2026-01-04 12:15:28,166 - INFO - Generation | new_tokens: 50 | dt: 9927.29 ms | tok/s: 5
2026-01-04 12:15:28,173 - INFO - 
================================================================================
2026-01-04 12:15:28,173 - INFO - Step 500 - Generated text:
2026-01-04 12:15:28,173 - INFO - First Citizen:
You have you, then you will not so.

LEONTES:
And the best.

WARWere not a king, for my poor brother
To see your highness, the king to the world
As your
2026-01-04 12:15:28,173 - INFO - ================================================================================

