2026-01-04 16:06:06,054 - INFO - Logging to: logs/training_20260104_160606.log
2026-01-04 16:06:06,054 - WARNING - MacOS detected: Forcing num_workers=0 to avoid multiprocessing deadlocks
2026-01-04 16:06:06,054 - INFO - Loading tokenizer...
2026-01-04 16:06:07,040 - INFO - Loading model config...
2026-01-04 16:06:07,040 - INFO - Loading dataset from: /Users/qureshsu/Learning/TSAI/ERAV4/session14/data/input.txt
2026-01-04 16:06:07,470 - INFO - Initializing model...
2026-01-04 16:06:11,730 - INFO - Starting training...
2026-01-04 16:06:11,730 - INFO - Resuming from checkpoint: checkpoints/deepseekv3-step=01000-train_loss=3.0410.ckpt
2026-01-04 16:06:13,641 - INFO - 
================================================================================
2026-01-04 16:06:13,641 - INFO - MODEL SUMMARY
2026-01-04 16:06:13,641 - INFO - ================================================================================
2026-01-04 16:06:13,641 - INFO - Model: DeepSeekV3
2026-01-04 16:06:13,641 - INFO - Total parameters: 271,866,736
2026-01-04 16:06:13,641 - INFO - Trainable parameters: 271,866,736
2026-01-04 16:06:13,641 - INFO - Block size: 512
2026-01-04 16:06:13,641 - INFO - Warmup steps: 1000
2026-01-04 16:06:13,641 - INFO - Peak learning rate: 0.0005
2026-01-04 16:06:13,641 - INFO - Total training steps: 10000
2026-01-04 16:06:13,641 - INFO - Predict every: 2500 steps
2026-01-04 16:06:13,641 - INFO - ================================================================================

2026-01-04 16:06:19,462 - INFO - step 1002 | dt: 5808.33 ms
2026-01-04 16:06:24,683 - INFO - step 1003 | dt: 5218.79 ms
2026-01-04 16:06:30,085 - INFO - step 1004 | dt: 5400.62 ms
2026-01-04 16:06:34,946 - INFO - step 1005 | dt: 4856.54 ms
2026-01-04 16:06:39,478 - INFO - step 1006 | dt: 4528.84 ms
2026-01-04 16:06:44,187 - INFO - step 1007 | dt: 4704.41 ms
2026-01-04 16:06:48,816 - INFO - step 1008 | dt: 4625.99 ms
2026-01-04 16:06:53,129 - INFO - step 1009 | dt: 4307.82 ms
2026-01-04 16:06:57,262 - INFO - step 1010 | dt: 4131.02 ms
2026-01-04 16:07:01,799 - INFO - step 1011 | dt: 4533.10 ms
2026-01-04 16:07:05,837 - INFO - step 1012 | dt: 4032.70 ms
2026-01-04 16:07:09,479 - INFO - step 1013 | dt: 3639.03 ms
2026-01-04 16:07:13,250 - INFO - step 1014 | dt: 3767.89 ms
2026-01-04 16:07:17,142 - INFO - step 1015 | dt: 3888.79 ms
2026-01-04 16:07:21,058 - INFO - step 1016 | dt: 3912.19 ms
2026-01-04 16:07:24,801 - INFO - step 1017 | dt: 3739.39 ms
2026-01-04 16:07:28,583 - INFO - step 1018 | dt: 3776.62 ms
2026-01-04 16:07:31,909 - INFO - step 1019 | dt: 3322.88 ms
2026-01-04 16:07:35,825 - INFO - step 1020 | dt: 3911.92 ms
2026-01-04 16:07:39,354 - INFO - step 1021 | dt: 3526.78 ms
2026-01-04 16:07:42,963 - INFO - step 1022 | dt: 3607.57 ms
2026-01-04 16:07:46,601 - INFO - step 1023 | dt: 3634.22 ms
2026-01-04 16:07:50,342 - INFO - step 1024 | dt: 3738.52 ms
2026-01-04 16:07:53,918 - INFO - step 1025 | dt: 3572.14 ms
2026-01-04 16:07:57,667 - INFO - step 1026 | dt: 3746.21 ms
2026-01-04 16:08:01,015 - INFO - step 1027 | dt: 3344.77 ms
2026-01-04 16:08:04,534 - INFO - step 1028 | dt: 3516.21 ms
2026-01-04 16:08:08,129 - INFO - step 1029 | dt: 3592.17 ms
2026-01-04 16:08:11,401 - INFO - step 1030 | dt: 3270.25 ms
2026-01-04 16:08:14,785 - INFO - step 1031 | dt: 3381.42 ms
2026-01-04 16:08:18,786 - INFO - step 1032 | dt: 3998.10 ms
2026-01-04 16:08:22,293 - INFO - step 1033 | dt: 3502.13 ms
2026-01-04 16:08:26,031 - INFO - step 1034 | dt: 3734.43 ms
2026-01-04 16:08:29,484 - INFO - step 1035 | dt: 3449.29 ms
2026-01-04 16:08:32,601 - INFO - step 1036 | dt: 3116.33 ms
2026-01-04 16:08:35,362 - INFO - step 1037 | dt: 2758.48 ms
2026-01-04 16:08:38,713 - INFO - step 1038 | dt: 3347.87 ms
2026-01-04 16:08:42,201 - INFO - step 1039 | dt: 3486.05 ms
2026-01-04 16:08:46,034 - INFO - step 1040 | dt: 3830.24 ms
2026-01-04 16:08:49,559 - INFO - step 1041 | dt: 3517.70 ms
2026-01-04 16:08:53,147 - INFO - step 1042 | dt: 3585.32 ms
2026-01-04 16:08:56,646 - INFO - step 1043 | dt: 3496.70 ms
2026-01-04 16:09:00,299 - INFO - step 1044 | dt: 3648.88 ms
2026-01-04 16:09:04,034 - INFO - step 1045 | dt: 3731.97 ms
2026-01-04 16:09:07,567 - INFO - step 1046 | dt: 3529.92 ms
2026-01-04 16:09:11,433 - INFO - step 1047 | dt: 3863.16 ms
2026-01-04 16:09:14,473 - INFO - step 1048 | dt: 3036.76 ms
2026-01-04 16:09:18,089 - INFO - step 1049 | dt: 3588.99 ms
2026-01-04 16:09:21,539 - INFO - step 1050 | dt: 3438.32 ms
2026-01-04 16:09:24,813 - INFO - step 1051 | dt: 3271.77 ms
2026-01-04 16:09:28,404 - INFO - step 1052 | dt: 3588.57 ms
2026-01-04 16:09:32,230 - INFO - step 1053 | dt: 3823.34 ms
2026-01-04 16:09:35,847 - INFO - step 1054 | dt: 3614.04 ms
2026-01-04 16:09:39,272 - INFO - step 1055 | dt: 3422.73 ms
2026-01-04 16:09:42,755 - INFO - step 1056 | dt: 3480.52 ms
2026-01-04 16:09:45,914 - INFO - step 1057 | dt: 3157.18 ms
2026-01-04 16:09:49,485 - INFO - step 1058 | dt: 3567.73 ms
2026-01-04 16:09:52,773 - INFO - step 1059 | dt: 3285.73 ms
2026-01-04 16:09:56,381 - INFO - step 1060 | dt: 3604.58 ms
2026-01-04 16:09:59,036 - INFO - step 1061 | dt: 2653.13 ms
2026-01-04 16:10:02,517 - INFO - step 1062 | dt: 3479.28 ms
2026-01-04 16:10:05,701 - INFO - step 1063 | dt: 3180.71 ms
2026-01-04 16:10:09,077 - INFO - step 1064 | dt: 3373.48 ms
2026-01-04 16:10:12,257 - INFO - step 1065 | dt: 3178.30 ms
2026-01-04 16:10:15,695 - INFO - step 1066 | dt: 3435.77 ms
2026-01-04 16:10:19,582 - INFO - step 1067 | dt: 3883.82 ms
2026-01-04 16:10:22,966 - INFO - step 1068 | dt: 3380.59 ms
2026-01-04 16:10:26,731 - INFO - step 1069 | dt: 3763.07 ms
2026-01-04 16:10:30,259 - INFO - step 1070 | dt: 3523.69 ms
2026-01-04 16:10:33,794 - INFO - step 1071 | dt: 3533.22 ms
2026-01-04 16:10:37,236 - INFO - step 1072 | dt: 3439.64 ms
2026-01-04 16:10:40,661 - INFO - step 1073 | dt: 3423.89 ms
2026-01-04 16:10:43,926 - INFO - step 1074 | dt: 3260.73 ms
2026-01-04 16:10:47,083 - INFO - step 1075 | dt: 3154.14 ms
2026-01-04 16:10:50,370 - INFO - step 1076 | dt: 3284.17 ms
2026-01-04 16:10:54,090 - INFO - step 1077 | dt: 3718.03 ms
2026-01-04 16:10:57,723 - INFO - step 1078 | dt: 3630.76 ms
2026-01-04 16:11:01,592 - INFO - step 1079 | dt: 3865.29 ms
2026-01-04 16:11:05,061 - INFO - step 1080 | dt: 3467.46 ms
2026-01-04 16:11:08,498 - INFO - step 1081 | dt: 3433.94 ms
2026-01-04 16:11:12,276 - INFO - step 1082 | dt: 3775.06 ms
2026-01-04 16:11:15,689 - INFO - step 1083 | dt: 3410.35 ms
2026-01-04 16:11:18,949 - INFO - step 1084 | dt: 3255.99 ms
2026-01-04 16:11:22,243 - INFO - step 1085 | dt: 3291.33 ms
2026-01-04 16:11:26,420 - INFO - step 1086 | dt: 4174.28 ms
2026-01-04 16:11:29,995 - INFO - step 1087 | dt: 3569.73 ms
2026-01-04 16:11:33,273 - INFO - step 1088 | dt: 3277.07 ms
2026-01-04 16:11:36,720 - INFO - step 1089 | dt: 3442.81 ms
2026-01-04 16:11:40,275 - INFO - step 1090 | dt: 3552.88 ms
2026-01-04 16:11:43,730 - INFO - step 1091 | dt: 3450.81 ms
2026-01-04 16:11:47,128 - INFO - step 1092 | dt: 3395.61 ms
2026-01-04 16:11:50,411 - INFO - step 1093 | dt: 3279.86 ms
2026-01-04 16:11:53,797 - INFO - step 1094 | dt: 3382.21 ms
2026-01-04 16:11:57,530 - INFO - step 1095 | dt: 3731.47 ms
2026-01-04 16:12:01,111 - INFO - step 1096 | dt: 3578.06 ms
2026-01-04 16:12:04,722 - INFO - step 1097 | dt: 3607.66 ms
2026-01-04 16:12:08,449 - INFO - step 1098 | dt: 3722.58 ms
2026-01-04 16:12:12,275 - INFO - step 1099 | dt: 3810.28 ms
2026-01-04 16:12:15,947 - INFO - step 1100 | dt: 3664.64 ms
2026-01-04 16:12:19,300 - INFO - step 1101 | dt: 3349.41 ms
2026-01-04 16:12:22,639 - INFO - step 1102 | dt: 3335.91 ms
2026-01-04 16:12:26,425 - INFO - step 1103 | dt: 3783.23 ms
2026-01-04 16:12:29,198 - INFO - step 1104 | dt: 2769.81 ms
2026-01-04 16:12:32,685 - INFO - step 1105 | dt: 3485.18 ms
2026-01-04 16:12:36,109 - INFO - step 1106 | dt: 3419.28 ms
2026-01-04 16:12:39,682 - INFO - step 1107 | dt: 3569.82 ms
2026-01-04 16:12:42,965 - INFO - step 1108 | dt: 3281.00 ms
2026-01-04 16:12:46,470 - INFO - step 1109 | dt: 3501.82 ms
2026-01-04 16:12:50,060 - INFO - step 1110 | dt: 3586.25 ms
2026-01-04 16:12:53,711 - INFO - step 1111 | dt: 3648.41 ms
2026-01-04 16:12:56,803 - INFO - step 1112 | dt: 3086.92 ms
2026-01-04 16:13:00,360 - INFO - step 1113 | dt: 3553.41 ms
2026-01-04 16:13:03,628 - INFO - step 1114 | dt: 3264.71 ms
2026-01-04 16:13:06,735 - INFO - step 1115 | dt: 3104.07 ms
2026-01-04 16:13:10,277 - INFO - step 1116 | dt: 3539.78 ms
2026-01-04 16:13:13,760 - INFO - step 1117 | dt: 3479.95 ms
2026-01-04 16:13:16,625 - INFO - step 1118 | dt: 2860.51 ms
2026-01-04 16:13:19,929 - INFO - step 1119 | dt: 3301.79 ms
2026-01-04 16:13:23,519 - INFO - step 1120 | dt: 3586.86 ms
2026-01-04 16:13:26,975 - INFO - step 1121 | dt: 3452.27 ms
2026-01-04 16:13:30,195 - INFO - step 1122 | dt: 3217.06 ms
2026-01-04 16:13:32,642 - INFO - step 1123 | dt: 2443.35 ms
2026-01-04 16:13:35,912 - INFO - step 1124 | dt: 3266.78 ms
2026-01-04 16:13:38,887 - INFO - step 1125 | dt: 2972.73 ms
2026-01-04 16:13:42,462 - INFO - step 1126 | dt: 3572.85 ms
2026-01-04 16:13:45,985 - INFO - step 1127 | dt: 3519.00 ms
2026-01-04 16:13:49,084 - INFO - step 1128 | dt: 3097.30 ms
2026-01-04 16:13:51,762 - INFO - step 1129 | dt: 2675.37 ms
2026-01-04 16:13:54,661 - INFO - step 1130 | dt: 2896.19 ms
2026-01-04 16:13:57,988 - INFO - step 1131 | dt: 3322.46 ms
2026-01-04 16:14:01,411 - INFO - step 1132 | dt: 3420.24 ms
2026-01-04 16:14:04,611 - INFO - step 1133 | dt: 3197.33 ms
2026-01-04 16:14:08,011 - INFO - step 1134 | dt: 3397.37 ms
2026-01-04 16:14:11,540 - INFO - step 1135 | dt: 3524.93 ms
2026-01-04 16:14:14,952 - INFO - step 1136 | dt: 3408.81 ms
2026-01-04 16:14:18,561 - INFO - step 1137 | dt: 3607.11 ms
2026-01-04 16:14:22,069 - INFO - step 1138 | dt: 3504.71 ms
2026-01-04 16:14:25,521 - INFO - step 1139 | dt: 3450.64 ms
2026-01-04 16:14:29,028 - INFO - step 1140 | dt: 3503.78 ms
2026-01-04 16:14:32,412 - INFO - step 1141 | dt: 3382.22 ms
2026-01-04 16:14:36,054 - INFO - step 1142 | dt: 3639.42 ms
2026-01-04 16:14:38,617 - INFO - step 1143 | dt: 2558.84 ms
2026-01-04 16:14:42,146 - INFO - step 1144 | dt: 3525.34 ms
2026-01-04 16:14:45,324 - INFO - step 1145 | dt: 3174.48 ms
2026-01-04 16:14:48,096 - INFO - step 1146 | dt: 2769.14 ms
2026-01-04 16:14:51,654 - INFO - step 1147 | dt: 3554.84 ms
2026-01-04 16:14:54,957 - INFO - step 1148 | dt: 3300.59 ms
2026-01-04 16:14:58,274 - INFO - step 1149 | dt: 3305.96 ms
2026-01-04 16:15:01,551 - INFO - step 1150 | dt: 3271.34 ms
2026-01-04 16:15:04,999 - INFO - step 1151 | dt: 3445.28 ms
2026-01-04 16:15:08,398 - INFO - step 1152 | dt: 3396.33 ms
2026-01-04 16:15:11,812 - INFO - step 1153 | dt: 3412.04 ms
2026-01-04 16:15:15,456 - INFO - step 1154 | dt: 3640.38 ms
2026-01-04 16:15:18,807 - INFO - step 1155 | dt: 3348.49 ms
2026-01-04 16:15:22,225 - INFO - step 1156 | dt: 3415.10 ms
2026-01-04 16:15:25,627 - INFO - step 1157 | dt: 3400.23 ms
2026-01-04 16:15:29,032 - INFO - step 1158 | dt: 3402.89 ms
2026-01-04 16:15:32,302 - INFO - step 1159 | dt: 3266.61 ms
2026-01-04 16:15:35,815 - INFO - step 1160 | dt: 3510.18 ms
2026-01-04 16:15:38,931 - INFO - step 1161 | dt: 3113.71 ms
2026-01-04 16:15:42,349 - INFO - step 1162 | dt: 3415.48 ms
2026-01-04 16:15:45,977 - INFO - step 1163 | dt: 3624.68 ms
2026-01-04 16:15:49,459 - INFO - step 1164 | dt: 3478.89 ms
2026-01-04 16:15:52,746 - INFO - step 1165 | dt: 3284.66 ms
2026-01-04 16:15:56,145 - INFO - step 1166 | dt: 3395.28 ms
2026-01-04 16:15:59,666 - INFO - step 1167 | dt: 3519.27 ms
2026-01-04 16:16:03,235 - INFO - step 1168 | dt: 3565.94 ms
2026-01-04 16:16:06,728 - INFO - step 1169 | dt: 3490.56 ms
2026-01-04 16:16:10,181 - INFO - step 1170 | dt: 3449.95 ms
2026-01-04 16:16:13,712 - INFO - step 1171 | dt: 3528.06 ms
2026-01-04 16:16:17,168 - INFO - step 1172 | dt: 3453.17 ms
2026-01-04 16:16:20,572 - INFO - step 1173 | dt: 3399.95 ms
2026-01-04 16:16:24,056 - INFO - step 1174 | dt: 3480.33 ms
2026-01-04 16:16:27,567 - INFO - step 1175 | dt: 3508.46 ms
2026-01-04 16:16:31,125 - INFO - step 1176 | dt: 3553.62 ms
2026-01-04 16:16:34,424 - INFO - step 1177 | dt: 3296.91 ms
2026-01-04 16:16:37,893 - INFO - step 1178 | dt: 3465.00 ms
2026-01-04 16:16:41,483 - INFO - step 1179 | dt: 3587.61 ms
2026-01-04 16:16:44,915 - INFO - step 1180 | dt: 3429.21 ms
2026-01-04 16:16:48,383 - INFO - step 1181 | dt: 3465.98 ms
2026-01-04 16:16:51,999 - INFO - step 1182 | dt: 3612.73 ms
2026-01-04 16:16:54,978 - INFO - step 1183 | dt: 2976.09 ms
2026-01-04 16:16:58,527 - INFO - step 1184 | dt: 3545.11 ms
2026-01-04 16:17:02,059 - INFO - step 1185 | dt: 3530.42 ms
2026-01-04 16:17:05,035 - INFO - step 1186 | dt: 2971.75 ms
2026-01-04 16:17:08,551 - INFO - step 1187 | dt: 3513.51 ms
2026-01-04 16:17:12,283 - INFO - step 1188 | dt: 3728.52 ms
2026-01-04 16:17:15,324 - INFO - step 1189 | dt: 3038.60 ms
2026-01-04 16:17:18,294 - INFO - step 1190 | dt: 2966.33 ms
2026-01-04 16:17:21,557 - INFO - step 1191 | dt: 3261.05 ms
2026-01-04 16:17:24,548 - INFO - step 1192 | dt: 2987.11 ms
2026-01-04 16:17:28,134 - INFO - step 1193 | dt: 3583.07 ms
2026-01-04 16:17:31,708 - INFO - step 1194 | dt: 3571.19 ms
2026-01-04 16:17:35,157 - INFO - step 1195 | dt: 3446.56 ms
2026-01-04 16:17:38,493 - INFO - step 1196 | dt: 3333.35 ms
2026-01-04 16:17:41,876 - INFO - step 1197 | dt: 3381.25 ms
2026-01-04 16:17:45,227 - INFO - step 1198 | dt: 3348.10 ms
2026-01-04 16:17:48,536 - INFO - step 1199 | dt: 3293.38 ms
2026-01-04 16:17:51,913 - INFO - step 1200 | dt: 3369.53 ms
2026-01-04 16:17:55,511 - INFO - step 1201 | dt: 3595.06 ms
2026-01-04 16:17:58,930 - INFO - step 1202 | dt: 3415.77 ms
2026-01-04 16:18:02,323 - INFO - step 1203 | dt: 3390.40 ms
2026-01-04 16:18:05,641 - INFO - step 1204 | dt: 3314.89 ms
2026-01-04 16:18:08,592 - INFO - step 1205 | dt: 2948.21 ms
2026-01-04 16:18:11,983 - INFO - step 1206 | dt: 3388.64 ms
2026-01-04 16:18:14,972 - INFO - step 1207 | dt: 2986.37 ms
2026-01-04 16:18:18,543 - INFO - step 1208 | dt: 3568.98 ms
2026-01-04 16:18:21,162 - INFO - step 1209 | dt: 2616.17 ms
2026-01-04 16:18:24,718 - INFO - step 1210 | dt: 3553.24 ms
2026-01-04 16:18:28,329 - INFO - step 1211 | dt: 3607.21 ms
2026-01-04 16:18:31,827 - INFO - step 1212 | dt: 3495.56 ms
2026-01-04 16:18:35,340 - INFO - step 1213 | dt: 3510.07 ms
2026-01-04 16:18:38,853 - INFO - step 1214 | dt: 3510.14 ms
2026-01-04 16:18:42,514 - INFO - step 1215 | dt: 3658.20 ms
2026-01-04 16:18:46,013 - INFO - step 1216 | dt: 3496.27 ms
2026-01-04 16:18:49,449 - INFO - step 1217 | dt: 3433.53 ms
2026-01-04 16:18:52,721 - INFO - step 1218 | dt: 3269.73 ms
2026-01-04 16:18:56,189 - INFO - step 1219 | dt: 3465.69 ms
2026-01-04 16:18:59,679 - INFO - step 1220 | dt: 3486.61 ms
2026-01-04 16:19:03,217 - INFO - step 1221 | dt: 3535.00 ms
2026-01-04 16:19:06,787 - INFO - step 1222 | dt: 3564.03 ms
2026-01-04 16:19:10,288 - INFO - step 1223 | dt: 3498.88 ms
2026-01-04 16:19:13,827 - INFO - step 1224 | dt: 3536.45 ms
2026-01-04 16:19:16,854 - INFO - step 1225 | dt: 3024.19 ms
2026-01-04 16:19:20,077 - INFO - step 1226 | dt: 3220.56 ms
2026-01-04 16:19:23,453 - INFO - step 1227 | dt: 3372.50 ms
2026-01-04 16:19:26,671 - INFO - step 1228 | dt: 3213.66 ms
2026-01-04 16:19:30,079 - INFO - step 1229 | dt: 3406.29 ms
2026-01-04 16:19:33,747 - INFO - step 1230 | dt: 3665.51 ms
2026-01-04 16:19:37,367 - INFO - step 1231 | dt: 3616.50 ms
2026-01-04 16:19:40,786 - INFO - step 1232 | dt: 3415.49 ms
2026-01-04 16:19:44,312 - INFO - step 1233 | dt: 3521.78 ms
2026-01-04 16:19:47,850 - INFO - step 1234 | dt: 3534.25 ms
2026-01-04 16:19:50,481 - INFO - step 1235 | dt: 2626.68 ms
2026-01-04 16:19:52,927 - INFO - step 1236 | dt: 2443.21 ms
2026-01-04 16:19:56,223 - INFO - step 1237 | dt: 3293.97 ms
2026-01-04 16:19:59,822 - INFO - step 1238 | dt: 3595.97 ms
2026-01-04 16:20:03,137 - INFO - step 1239 | dt: 3313.50 ms
2026-01-04 16:20:06,631 - INFO - step 1240 | dt: 3491.17 ms
2026-01-04 16:20:09,989 - INFO - step 1241 | dt: 3355.86 ms
2026-01-04 16:20:13,525 - INFO - step 1242 | dt: 3532.97 ms
2026-01-04 16:20:17,012 - INFO - step 1243 | dt: 3482.38 ms
2026-01-04 16:20:20,375 - INFO - step 1244 | dt: 3358.78 ms
2026-01-04 16:20:23,630 - INFO - step 1245 | dt: 3251.99 ms
2026-01-04 16:20:26,888 - INFO - step 1246 | dt: 3254.21 ms
2026-01-04 16:20:29,457 - INFO - step 1247 | dt: 2565.86 ms
2026-01-04 16:20:31,889 - INFO - step 1248 | dt: 2429.57 ms
2026-01-04 16:20:35,289 - INFO - step 1249 | dt: 3383.96 ms
2026-01-04 16:20:38,506 - INFO - step 1250 | dt: 3210.08 ms
2026-01-04 16:20:41,921 - INFO - step 1251 | dt: 3412.61 ms
2026-01-04 16:20:44,879 - INFO - step 1252 | dt: 2952.98 ms
2026-01-04 16:20:48,133 - INFO - step 1253 | dt: 3251.68 ms
2026-01-04 16:20:51,767 - INFO - step 1254 | dt: 3631.58 ms
2026-01-04 16:20:54,723 - INFO - step 1255 | dt: 2950.12 ms
2026-01-04 16:20:58,099 - INFO - step 1256 | dt: 3373.72 ms
2026-01-04 16:21:01,344 - INFO - step 1257 | dt: 3243.02 ms
2026-01-04 16:21:04,697 - INFO - step 1258 | dt: 3350.64 ms
2026-01-04 16:21:08,100 - INFO - step 1259 | dt: 3400.40 ms
2026-01-04 16:21:11,082 - INFO - step 1260 | dt: 2979.79 ms
2026-01-04 16:21:14,402 - INFO - step 1261 | dt: 3316.48 ms
2026-01-04 16:21:17,901 - INFO - step 1262 | dt: 3495.39 ms
2026-01-04 16:21:21,450 - INFO - step 1263 | dt: 3546.55 ms
2026-01-04 16:21:24,913 - INFO - step 1264 | dt: 3460.49 ms
2026-01-04 16:21:28,393 - INFO - step 1265 | dt: 3478.10 ms
2026-01-04 16:21:31,870 - INFO - step 1266 | dt: 3473.39 ms
2026-01-04 16:21:35,399 - INFO - step 1267 | dt: 3526.68 ms
2026-01-04 16:21:38,465 - INFO - step 1268 | dt: 3064.30 ms
2026-01-04 16:21:42,167 - INFO - step 1269 | dt: 3699.27 ms
2026-01-04 16:21:45,518 - INFO - step 1270 | dt: 3347.12 ms
2026-01-04 16:21:48,256 - INFO - step 1271 | dt: 2735.12 ms
2026-01-04 16:21:51,519 - INFO - step 1272 | dt: 3259.68 ms
2026-01-04 16:21:54,382 - INFO - step 1273 | dt: 2860.33 ms
2026-01-04 16:21:57,808 - INFO - step 1274 | dt: 3424.26 ms
2026-01-04 16:22:00,471 - INFO - step 1275 | dt: 2659.39 ms
2026-01-04 16:22:03,951 - INFO - step 1276 | dt: 3475.47 ms
2026-01-04 16:22:07,084 - INFO - step 1277 | dt: 3130.28 ms
2026-01-04 16:22:10,277 - INFO - step 1278 | dt: 3190.67 ms
2026-01-04 16:22:13,651 - INFO - step 1279 | dt: 3368.10 ms
2026-01-04 16:22:17,057 - INFO - step 1280 | dt: 3404.33 ms
2026-01-04 16:22:19,828 - INFO - step 1281 | dt: 2768.81 ms
2026-01-04 16:22:23,330 - INFO - step 1282 | dt: 3500.12 ms
2026-01-04 16:22:26,018 - INFO - step 1283 | dt: 2683.81 ms
2026-01-04 16:22:29,446 - INFO - step 1284 | dt: 3424.88 ms
2026-01-04 16:22:32,730 - INFO - step 1285 | dt: 3281.64 ms
2026-01-04 16:22:36,290 - INFO - step 1286 | dt: 3557.15 ms
2026-01-04 16:22:39,636 - INFO - step 1287 | dt: 3344.61 ms
2026-01-04 16:22:42,519 - INFO - step 1288 | dt: 2881.53 ms
2026-01-04 16:22:44,892 - INFO - step 1289 | dt: 2370.34 ms
2026-01-04 16:22:48,394 - INFO - step 1290 | dt: 3498.57 ms
2026-01-04 16:22:51,656 - INFO - step 1291 | dt: 3259.02 ms
2026-01-04 16:22:54,669 - INFO - step 1292 | dt: 3010.13 ms
2026-01-04 16:22:58,148 - INFO - step 1293 | dt: 3475.34 ms
2026-01-04 16:23:01,625 - INFO - step 1294 | dt: 3474.56 ms
2026-01-04 16:23:05,015 - INFO - step 1295 | dt: 3387.24 ms
2026-01-04 16:23:08,322 - INFO - step 1296 | dt: 3305.29 ms
2026-01-04 16:23:11,762 - INFO - step 1297 | dt: 3437.08 ms
2026-01-04 16:23:14,186 - INFO - step 1298 | dt: 2421.34 ms
2026-01-04 16:23:16,807 - INFO - step 1299 | dt: 2603.93 ms
2026-01-04 16:23:20,067 - INFO - step 1300 | dt: 3254.50 ms
2026-01-04 16:23:23,592 - INFO - step 1301 | dt: 3522.63 ms
2026-01-04 16:23:27,084 - INFO - step 1302 | dt: 3488.67 ms
2026-01-04 16:23:30,228 - INFO - step 1303 | dt: 3141.21 ms
2026-01-04 16:23:33,750 - INFO - step 1304 | dt: 3519.46 ms
2026-01-04 16:23:37,082 - INFO - step 1305 | dt: 3328.84 ms
2026-01-04 16:23:39,632 - INFO - step 1306 | dt: 2548.56 ms
2026-01-04 16:23:43,111 - INFO - step 1307 | dt: 3476.96 ms
2026-01-04 16:23:46,481 - INFO - step 1308 | dt: 3365.50 ms
2026-01-04 16:23:50,126 - INFO - step 1309 | dt: 3642.89 ms
2026-01-04 16:23:53,383 - INFO - step 1310 | dt: 3252.52 ms
2026-01-04 16:23:56,793 - INFO - step 1311 | dt: 3403.82 ms
2026-01-04 16:23:59,551 - INFO - step 1312 | dt: 2755.75 ms
2026-01-04 16:24:02,096 - INFO - step 1313 | dt: 2542.18 ms
2026-01-04 16:24:05,458 - INFO - step 1314 | dt: 3359.24 ms
2026-01-04 16:24:08,743 - INFO - step 1315 | dt: 3280.04 ms
2026-01-04 16:24:12,412 - INFO - step 1316 | dt: 3666.34 ms
2026-01-04 16:24:15,879 - INFO - step 1317 | dt: 3463.55 ms
2026-01-04 16:24:19,390 - INFO - step 1318 | dt: 3507.12 ms
2026-01-04 16:24:22,788 - INFO - step 1319 | dt: 3393.70 ms
2026-01-04 16:24:25,523 - INFO - step 1320 | dt: 2731.75 ms
2026-01-04 16:24:28,741 - INFO - step 1321 | dt: 3214.99 ms
2026-01-04 16:24:32,177 - INFO - step 1322 | dt: 3433.21 ms
2026-01-04 16:24:35,539 - INFO - step 1323 | dt: 3359.24 ms
2026-01-04 16:24:38,739 - INFO - step 1324 | dt: 3197.46 ms
2026-01-04 16:24:42,234 - INFO - step 1325 | dt: 3492.33 ms
2026-01-04 16:24:45,706 - INFO - step 1326 | dt: 3467.19 ms
2026-01-04 16:24:49,347 - INFO - step 1327 | dt: 3639.20 ms
2026-01-04 16:24:52,697 - INFO - step 1328 | dt: 3346.67 ms
2026-01-04 16:24:56,267 - INFO - step 1329 | dt: 3565.32 ms
2026-01-04 16:24:59,754 - INFO - step 1330 | dt: 3485.04 ms
2026-01-04 16:25:03,256 - INFO - step 1331 | dt: 3498.55 ms
2026-01-04 16:25:06,713 - INFO - step 1332 | dt: 3455.51 ms
2026-01-04 16:25:10,027 - INFO - step 1333 | dt: 3311.19 ms
2026-01-04 16:25:13,693 - INFO - step 1334 | dt: 3662.26 ms
2026-01-04 16:25:16,513 - INFO - step 1335 | dt: 2817.47 ms
2026-01-04 16:25:20,028 - INFO - step 1336 | dt: 3511.59 ms
2026-01-04 16:25:23,402 - INFO - step 1337 | dt: 3370.63 ms
2026-01-04 16:25:26,803 - INFO - step 1338 | dt: 3398.13 ms
2026-01-04 16:25:30,116 - INFO - step 1339 | dt: 3310.14 ms
2026-01-04 16:25:33,493 - INFO - step 1340 | dt: 3374.19 ms
2026-01-04 16:25:36,792 - INFO - step 1341 | dt: 3295.39 ms
2026-01-04 16:25:40,543 - INFO - step 1342 | dt: 3749.97 ms
2026-01-04 16:25:43,527 - INFO - step 1343 | dt: 2981.63 ms
2026-01-04 16:25:47,116 - INFO - step 1344 | dt: 3586.28 ms
2026-01-04 16:25:50,694 - INFO - step 1345 | dt: 3574.29 ms
2026-01-04 16:25:54,245 - INFO - step 1346 | dt: 3549.74 ms
2026-01-04 16:25:57,832 - INFO - step 1347 | dt: 3585.23 ms
2026-01-04 16:26:01,373 - INFO - step 1348 | dt: 3539.12 ms
2026-01-04 16:26:05,119 - INFO - step 1349 | dt: 3728.48 ms
2026-01-04 16:26:08,037 - INFO - step 1350 | dt: 2911.81 ms
2026-01-04 16:26:11,126 - INFO - step 1351 | dt: 3087.21 ms
2026-01-04 16:26:14,345 - INFO - step 1352 | dt: 3216.10 ms
2026-01-04 16:26:17,842 - INFO - step 1353 | dt: 3494.43 ms
2026-01-04 16:26:21,034 - INFO - step 1354 | dt: 3190.84 ms
2026-01-04 16:26:24,328 - INFO - step 1355 | dt: 3290.41 ms
2026-01-04 16:26:27,861 - INFO - step 1356 | dt: 3529.18 ms
2026-01-04 16:26:31,232 - INFO - step 1357 | dt: 3368.34 ms
2026-01-04 16:26:34,418 - INFO - step 1358 | dt: 3181.65 ms
2026-01-04 16:26:37,744 - INFO - step 1359 | dt: 3324.04 ms
2026-01-04 16:26:40,802 - INFO - step 1360 | dt: 3054.50 ms
2026-01-04 16:26:44,126 - INFO - step 1361 | dt: 3322.15 ms
2026-01-04 16:26:47,607 - INFO - step 1362 | dt: 3478.61 ms
2026-01-04 16:26:50,992 - INFO - step 1363 | dt: 3381.53 ms
2026-01-04 16:26:54,316 - INFO - step 1364 | dt: 3320.30 ms
2026-01-04 16:26:57,092 - INFO - step 1365 | dt: 2773.31 ms
2026-01-04 16:27:00,441 - INFO - step 1366 | dt: 3346.65 ms
2026-01-04 16:27:03,822 - INFO - step 1367 | dt: 3377.96 ms
2026-01-04 16:27:06,883 - INFO - step 1368 | dt: 3058.07 ms
2026-01-04 16:27:10,192 - INFO - step 1369 | dt: 3303.96 ms
2026-01-04 16:27:13,547 - INFO - step 1370 | dt: 3350.89 ms
2026-01-04 16:27:16,863 - INFO - step 1371 | dt: 3313.23 ms
2026-01-04 16:27:20,259 - INFO - step 1372 | dt: 3392.48 ms
2026-01-04 16:27:23,503 - INFO - step 1373 | dt: 3241.83 ms
2026-01-04 16:27:26,784 - INFO - step 1374 | dt: 3277.33 ms
2026-01-04 16:27:30,189 - INFO - step 1375 | dt: 3403.80 ms
2026-01-04 16:27:34,161 - INFO - step 1376 | dt: 3968.64 ms
2026-01-04 16:27:37,519 - INFO - step 1377 | dt: 3353.83 ms
2026-01-04 16:27:40,788 - INFO - step 1378 | dt: 3266.56 ms
2026-01-04 16:27:44,150 - INFO - step 1379 | dt: 3359.72 ms
2026-01-04 16:27:47,427 - INFO - step 1380 | dt: 3274.56 ms
2026-01-04 16:27:50,726 - INFO - step 1381 | dt: 3296.40 ms
2026-01-04 16:27:53,844 - INFO - step 1382 | dt: 3115.35 ms
2026-01-04 16:27:57,326 - INFO - step 1383 | dt: 3477.19 ms
2026-01-04 16:28:00,700 - INFO - step 1384 | dt: 3372.18 ms
2026-01-04 16:28:04,108 - INFO - step 1385 | dt: 3405.36 ms
2026-01-04 16:28:07,327 - INFO - step 1386 | dt: 3214.81 ms
2026-01-04 16:28:10,668 - INFO - step 1387 | dt: 3338.62 ms
2026-01-04 16:28:14,306 - INFO - step 1388 | dt: 3634.44 ms
2026-01-04 16:28:17,348 - INFO - step 1389 | dt: 3038.59 ms
2026-01-04 16:28:19,921 - INFO - step 1390 | dt: 2570.69 ms
2026-01-04 16:28:22,443 - INFO - step 1391 | dt: 2517.19 ms
2026-01-04 16:28:26,051 - INFO - step 1392 | dt: 3605.49 ms
2026-01-04 16:28:29,459 - INFO - step 1393 | dt: 3402.96 ms
2026-01-04 16:28:31,981 - INFO - step 1394 | dt: 2518.43 ms
2026-01-04 16:28:34,471 - INFO - step 1395 | dt: 2486.55 ms
2026-01-04 16:28:38,137 - INFO - step 1396 | dt: 3664.51 ms
2026-01-04 16:28:41,679 - INFO - step 1397 | dt: 3536.70 ms
2026-01-04 16:28:45,196 - INFO - step 1398 | dt: 3514.45 ms
2026-01-04 16:28:48,514 - INFO - step 1399 | dt: 3301.36 ms
2026-01-04 16:28:52,090 - INFO - step 1400 | dt: 3570.48 ms
2026-01-04 16:28:55,552 - INFO - step 1401 | dt: 3458.34 ms
2026-01-04 16:28:58,446 - INFO - step 1402 | dt: 2892.34 ms
2026-01-04 16:29:01,785 - INFO - step 1403 | dt: 3335.60 ms
2026-01-04 16:29:04,944 - INFO - step 1404 | dt: 3156.72 ms
2026-01-04 16:29:08,244 - INFO - step 1405 | dt: 3297.45 ms
2026-01-04 16:29:11,635 - INFO - step 1406 | dt: 3388.52 ms
2026-01-04 16:29:15,091 - INFO - step 1407 | dt: 3452.29 ms
2026-01-04 16:29:18,668 - INFO - step 1408 | dt: 3575.90 ms
2026-01-04 16:29:22,204 - INFO - step 1409 | dt: 3533.03 ms
2026-01-04 16:29:25,765 - INFO - step 1410 | dt: 3558.63 ms
2026-01-04 16:29:29,161 - INFO - step 1411 | dt: 3393.11 ms
2026-01-04 16:29:32,531 - INFO - step 1412 | dt: 3368.95 ms
2026-01-04 16:29:35,897 - INFO - step 1413 | dt: 3361.20 ms
2026-01-04 16:29:38,870 - INFO - step 1414 | dt: 2970.21 ms
2026-01-04 16:29:42,215 - INFO - step 1415 | dt: 3342.10 ms
2026-01-04 16:29:45,590 - INFO - step 1416 | dt: 3369.77 ms
2026-01-04 16:29:48,997 - INFO - step 1417 | dt: 3404.77 ms
2026-01-04 16:29:52,398 - INFO - step 1418 | dt: 3396.15 ms
2026-01-04 16:29:55,740 - INFO - step 1419 | dt: 3339.27 ms
2026-01-04 16:29:58,745 - INFO - step 1420 | dt: 3001.80 ms
2026-01-04 16:30:02,091 - INFO - step 1421 | dt: 3343.97 ms
2026-01-04 16:30:05,264 - INFO - step 1422 | dt: 3170.47 ms
2026-01-04 16:30:08,538 - INFO - step 1423 | dt: 3271.58 ms
2026-01-04 16:30:11,944 - INFO - step 1424 | dt: 3403.49 ms
2026-01-04 16:30:15,258 - INFO - step 1425 | dt: 3311.26 ms
2026-01-04 16:30:18,525 - INFO - step 1426 | dt: 3263.36 ms
2026-01-04 16:30:21,116 - INFO - step 1427 | dt: 2587.67 ms
2026-01-04 16:30:24,371 - INFO - step 1428 | dt: 3251.38 ms
2026-01-04 16:30:27,781 - INFO - step 1429 | dt: 3407.45 ms
2026-01-04 16:30:31,147 - INFO - step 1430 | dt: 3361.79 ms
2026-01-04 16:30:34,440 - INFO - step 1431 | dt: 3290.78 ms
2026-01-04 16:30:36,958 - INFO - step 1432 | dt: 2513.58 ms
2026-01-04 16:30:39,485 - INFO - step 1433 | dt: 2524.06 ms
2026-01-04 16:30:42,405 - INFO - step 1434 | dt: 2918.49 ms
2026-01-04 16:30:45,935 - INFO - step 1435 | dt: 3527.66 ms
2026-01-04 16:30:48,964 - INFO - step 1436 | dt: 3025.95 ms
2026-01-04 16:30:52,248 - INFO - step 1437 | dt: 3279.72 ms
2026-01-04 16:30:55,794 - INFO - step 1438 | dt: 3543.41 ms
2026-01-04 16:30:59,060 - INFO - step 1439 | dt: 3263.99 ms
2026-01-04 16:31:02,361 - INFO - step 1440 | dt: 3298.44 ms
2026-01-04 16:31:05,750 - INFO - step 1441 | dt: 3386.78 ms
2026-01-04 16:31:08,355 - INFO - step 1442 | dt: 2601.92 ms
2026-01-04 16:31:11,812 - INFO - step 1443 | dt: 3454.62 ms
2026-01-04 16:31:15,073 - INFO - step 1444 | dt: 3258.90 ms
2026-01-04 16:31:18,526 - INFO - step 1445 | dt: 3448.90 ms
2026-01-04 16:31:22,073 - INFO - step 1446 | dt: 3540.60 ms
2026-01-04 16:31:25,730 - INFO - step 1447 | dt: 3655.40 ms
2026-01-04 16:31:29,041 - INFO - step 1448 | dt: 3308.04 ms
2026-01-04 16:31:32,307 - INFO - step 1449 | dt: 3252.32 ms
2026-01-04 16:31:35,734 - INFO - step 1450 | dt: 3420.16 ms
2026-01-04 16:31:39,373 - INFO - step 1451 | dt: 3635.63 ms
2026-01-04 16:31:42,734 - INFO - step 1452 | dt: 3358.36 ms
2026-01-04 16:31:46,265 - INFO - step 1453 | dt: 3528.20 ms
2026-01-04 16:31:49,663 - INFO - step 1454 | dt: 3395.95 ms
2026-01-04 16:31:53,054 - INFO - step 1455 | dt: 3388.55 ms
2026-01-04 16:31:56,500 - INFO - step 1456 | dt: 3442.04 ms
2026-01-04 16:31:59,754 - INFO - step 1457 | dt: 3251.46 ms
2026-01-04 16:32:03,235 - INFO - step 1458 | dt: 3479.39 ms
2026-01-04 16:32:06,554 - INFO - step 1459 | dt: 3316.47 ms
2026-01-04 16:32:10,019 - INFO - step 1460 | dt: 3459.19 ms
2026-01-04 16:32:13,034 - INFO - step 1461 | dt: 3013.48 ms
2026-01-04 16:32:16,462 - INFO - step 1462 | dt: 3425.42 ms
2026-01-04 16:32:19,815 - INFO - step 1463 | dt: 3348.93 ms
2026-01-04 16:32:23,355 - INFO - step 1464 | dt: 3536.07 ms
2026-01-04 16:32:26,762 - INFO - step 1465 | dt: 3404.49 ms
2026-01-04 16:32:30,074 - INFO - step 1466 | dt: 3309.05 ms
2026-01-04 16:32:33,066 - INFO - step 1467 | dt: 2987.81 ms
2026-01-04 16:32:36,217 - INFO - step 1468 | dt: 3148.82 ms
2026-01-04 16:32:39,523 - INFO - step 1469 | dt: 3304.47 ms
2026-01-04 16:32:42,464 - INFO - step 1470 | dt: 2938.56 ms
2026-01-04 16:32:45,401 - INFO - step 1471 | dt: 2932.64 ms
2026-01-04 16:32:48,830 - INFO - step 1472 | dt: 3427.60 ms
2026-01-04 16:32:51,542 - INFO - step 1473 | dt: 2709.42 ms
2026-01-04 16:32:54,961 - INFO - step 1474 | dt: 3414.63 ms
2026-01-04 16:32:58,225 - INFO - step 1475 | dt: 3262.67 ms
2026-01-04 16:33:00,790 - INFO - step 1476 | dt: 2560.97 ms
2026-01-04 16:33:04,224 - INFO - step 1477 | dt: 3432.39 ms
2026-01-04 16:33:07,040 - INFO - step 1478 | dt: 2813.08 ms
2026-01-04 16:33:10,259 - INFO - step 1479 | dt: 3215.95 ms
2026-01-04 16:33:13,270 - INFO - step 1480 | dt: 3008.30 ms
2026-01-04 16:33:16,744 - INFO - step 1481 | dt: 3471.94 ms
2026-01-04 16:33:20,358 - INFO - step 1482 | dt: 3612.02 ms
2026-01-04 16:33:23,937 - INFO - step 1483 | dt: 3576.12 ms
2026-01-04 16:33:27,476 - INFO - step 1484 | dt: 3536.25 ms
2026-01-04 16:33:30,801 - INFO - step 1485 | dt: 3321.80 ms
2026-01-04 16:33:33,523 - INFO - step 1486 | dt: 2718.95 ms
2026-01-04 16:33:36,804 - INFO - step 1487 | dt: 3277.52 ms
2026-01-04 16:33:40,303 - INFO - step 1488 | dt: 3495.99 ms
2026-01-04 16:33:43,720 - INFO - step 1489 | dt: 3415.18 ms
2026-01-04 16:33:46,914 - INFO - step 1490 | dt: 3191.02 ms
2026-01-04 16:33:49,491 - INFO - step 1491 | dt: 2575.13 ms
2026-01-04 16:33:52,517 - INFO - step 1492 | dt: 3021.29 ms
2026-01-04 16:33:56,004 - INFO - step 1493 | dt: 3483.60 ms
2026-01-04 16:33:58,602 - INFO - step 1494 | dt: 2595.29 ms
2026-01-04 16:34:02,052 - INFO - step 1495 | dt: 3447.52 ms
2026-01-04 16:34:05,253 - INFO - step 1496 | dt: 3196.99 ms
2026-01-04 16:34:08,291 - INFO - step 1497 | dt: 3034.30 ms
2026-01-04 16:34:11,775 - INFO - step 1498 | dt: 3481.47 ms
2026-01-04 16:34:15,468 - INFO - step 1499 | dt: 3685.43 ms
2026-01-04 16:34:18,389 - INFO - step 1500 | dt: 2915.72 ms
2026-01-04 16:34:21,675 - INFO - step 1501 | dt: 3283.28 ms
2026-01-04 16:34:24,877 - INFO - step 1502 | dt: 3199.90 ms
2026-01-04 16:34:28,062 - INFO - step 1503 | dt: 3182.02 ms
2026-01-04 16:34:31,484 - INFO - step 1504 | dt: 3420.18 ms
2026-01-04 16:34:34,677 - INFO - step 1505 | dt: 3189.16 ms
2026-01-04 16:34:38,801 - INFO - step 1506 | dt: 4122.25 ms
2026-01-04 16:34:42,462 - INFO - step 1507 | dt: 3657.13 ms
2026-01-04 16:34:45,814 - INFO - step 1508 | dt: 3348.81 ms
2026-01-04 16:34:49,498 - INFO - step 1509 | dt: 3681.90 ms
2026-01-04 16:34:52,557 - INFO - step 1510 | dt: 3055.24 ms
2026-01-04 16:34:56,283 - INFO - step 1511 | dt: 3722.20 ms
2026-01-04 16:34:59,404 - INFO - step 1512 | dt: 3119.26 ms
2026-01-04 16:35:02,810 - INFO - step 1513 | dt: 3404.32 ms
2026-01-04 16:35:06,100 - INFO - step 1514 | dt: 3285.44 ms
2026-01-04 16:35:09,651 - INFO - step 1515 | dt: 3550.00 ms
2026-01-04 16:35:12,942 - INFO - step 1516 | dt: 3288.56 ms
2026-01-04 16:35:16,474 - INFO - step 1517 | dt: 3526.64 ms
2026-01-04 16:35:20,193 - INFO - step 1518 | dt: 3717.39 ms
2026-01-04 16:35:23,196 - INFO - step 1519 | dt: 2998.41 ms
2026-01-04 16:35:26,317 - INFO - step 1520 | dt: 3119.13 ms
2026-01-04 16:35:28,783 - INFO - step 1521 | dt: 2463.57 ms
2026-01-04 16:35:31,280 - INFO - step 1522 | dt: 2494.56 ms
2026-01-04 16:35:34,463 - INFO - step 1523 | dt: 3179.30 ms
2026-01-04 16:35:38,130 - INFO - step 1524 | dt: 3663.32 ms
2026-01-04 16:35:41,664 - INFO - step 1525 | dt: 3531.78 ms
2026-01-04 16:35:45,121 - INFO - step 1526 | dt: 3453.91 ms
2026-01-04 16:35:48,762 - INFO - step 1527 | dt: 3639.32 ms
2026-01-04 16:35:51,872 - INFO - step 1528 | dt: 3107.72 ms
2026-01-04 16:35:55,191 - INFO - step 1529 | dt: 3315.46 ms
2026-01-04 16:35:58,838 - INFO - step 1530 | dt: 3643.23 ms
2026-01-04 16:36:02,413 - INFO - step 1531 | dt: 3573.04 ms
2026-01-04 16:36:06,126 - INFO - step 1532 | dt: 3709.12 ms
2026-01-04 16:36:09,632 - INFO - step 1533 | dt: 3503.47 ms
2026-01-04 16:36:13,185 - INFO - step 1534 | dt: 3551.06 ms
2026-01-04 16:36:16,615 - INFO - step 1535 | dt: 3426.13 ms
2026-01-04 16:36:20,020 - INFO - step 1536 | dt: 3402.47 ms
2026-01-04 16:36:22,858 - INFO - step 1537 | dt: 2836.17 ms
2026-01-04 16:36:25,475 - INFO - step 1538 | dt: 2614.53 ms
2026-01-04 16:36:28,109 - INFO - step 1539 | dt: 2629.23 ms
2026-01-04 16:36:30,727 - INFO - step 1540 | dt: 2613.78 ms
2026-01-04 16:36:33,867 - INFO - step 1541 | dt: 3138.63 ms
2026-01-04 16:36:36,847 - INFO - step 1542 | dt: 2975.51 ms
2026-01-04 16:36:39,321 - INFO - step 1543 | dt: 2473.22 ms
2026-01-04 16:36:41,791 - INFO - step 1544 | dt: 2468.49 ms
2026-01-04 16:36:45,170 - INFO - step 1545 | dt: 3375.61 ms
2026-01-04 16:36:48,746 - INFO - step 1546 | dt: 3571.22 ms
2026-01-04 16:36:52,296 - INFO - step 1547 | dt: 3547.65 ms
2026-01-04 16:36:54,799 - INFO - step 1548 | dt: 2500.85 ms
2026-01-04 16:36:58,244 - INFO - step 1549 | dt: 3429.11 ms
2026-01-04 16:37:01,435 - INFO - step 1550 | dt: 3183.37 ms
2026-01-04 16:37:04,270 - INFO - step 1551 | dt: 2833.40 ms
2026-01-04 16:37:06,926 - INFO - step 1552 | dt: 2652.34 ms
2026-01-04 16:37:10,190 - INFO - step 1553 | dt: 3259.89 ms
2026-01-04 16:37:13,276 - INFO - step 1554 | dt: 3081.12 ms
2026-01-04 16:37:15,808 - INFO - step 1555 | dt: 2530.00 ms
2026-01-04 16:37:19,025 - INFO - step 1556 | dt: 3213.29 ms
2026-01-04 16:37:22,416 - INFO - step 1557 | dt: 3388.14 ms
2026-01-04 16:37:25,759 - INFO - step 1558 | dt: 3340.72 ms
2026-01-04 16:37:28,826 - INFO - step 1559 | dt: 3064.21 ms
2026-01-04 16:37:31,803 - INFO - step 1560 | dt: 2975.68 ms
2026-01-04 16:37:35,247 - INFO - step 1561 | dt: 3443.13 ms
2026-01-04 16:37:38,192 - INFO - step 1562 | dt: 2942.20 ms
2026-01-04 16:37:41,626 - INFO - step 1563 | dt: 3432.62 ms
2026-01-04 16:37:44,373 - INFO - step 1564 | dt: 2744.64 ms
2026-01-04 16:37:47,718 - INFO - step 1565 | dt: 3342.39 ms
2026-01-04 16:37:51,149 - INFO - step 1566 | dt: 3428.55 ms
2026-01-04 16:37:54,297 - INFO - step 1567 | dt: 3145.46 ms
2026-01-04 16:37:56,930 - INFO - step 1568 | dt: 2631.20 ms
2026-01-04 16:38:00,326 - INFO - step 1569 | dt: 3393.66 ms
2026-01-04 16:38:03,859 - INFO - step 1570 | dt: 3529.28 ms
2026-01-04 16:38:07,343 - INFO - step 1571 | dt: 3481.41 ms
2026-01-04 16:38:10,711 - INFO - step 1572 | dt: 3365.40 ms
2026-01-04 16:38:13,319 - INFO - step 1573 | dt: 2605.34 ms
2026-01-04 16:38:16,776 - INFO - step 1574 | dt: 3453.85 ms
2026-01-04 16:38:20,100 - INFO - step 1575 | dt: 3321.96 ms
2026-01-04 16:38:23,410 - INFO - step 1576 | dt: 3307.43 ms
2026-01-04 16:38:26,757 - INFO - step 1577 | dt: 3342.80 ms
2026-01-04 16:38:30,185 - INFO - step 1578 | dt: 3425.70 ms
2026-01-04 16:38:33,842 - INFO - step 1579 | dt: 3655.93 ms
2026-01-04 16:38:37,426 - INFO - step 1580 | dt: 3580.64 ms
2026-01-04 16:38:40,606 - INFO - step 1581 | dt: 3174.94 ms
2026-01-04 16:38:43,163 - INFO - step 1582 | dt: 2555.67 ms
2026-01-04 16:38:45,682 - INFO - step 1583 | dt: 2516.81 ms
2026-01-04 16:38:48,279 - INFO - step 1584 | dt: 2594.32 ms
2026-01-04 16:38:51,710 - INFO - step 1585 | dt: 3428.26 ms
2026-01-04 16:38:54,645 - INFO - step 1586 | dt: 2932.55 ms
2026-01-04 16:38:58,090 - INFO - step 1587 | dt: 3441.99 ms
2026-01-04 16:39:01,642 - INFO - step 1588 | dt: 3549.34 ms
2026-01-04 16:39:04,595 - INFO - step 1589 | dt: 2950.57 ms
2026-01-04 16:39:07,119 - INFO - step 1590 | dt: 2522.92 ms
2026-01-04 16:39:10,468 - INFO - step 1591 | dt: 3344.96 ms
2026-01-04 16:39:13,684 - INFO - step 1592 | dt: 3212.34 ms
2026-01-04 16:39:16,165 - INFO - step 1593 | dt: 2478.36 ms
2026-01-04 16:39:18,786 - INFO - step 1594 | dt: 2617.06 ms
2026-01-04 16:39:22,326 - INFO - step 1595 | dt: 3537.29 ms
2026-01-04 16:39:25,648 - INFO - step 1596 | dt: 3319.85 ms
2026-01-04 16:39:28,117 - INFO - step 1597 | dt: 2467.72 ms
2026-01-04 16:39:31,477 - INFO - step 1598 | dt: 3355.58 ms
2026-01-04 16:39:34,210 - INFO - step 1599 | dt: 2725.41 ms
2026-01-04 16:39:37,551 - INFO - step 1600 | dt: 3326.37 ms
2026-01-04 16:39:41,192 - INFO - step 1601 | dt: 3638.58 ms
2026-01-04 16:39:44,536 - INFO - step 1602 | dt: 3340.27 ms
2026-01-04 16:39:47,872 - INFO - step 1603 | dt: 3334.28 ms
2026-01-04 16:39:51,107 - INFO - step 1604 | dt: 3232.33 ms
2026-01-04 16:39:54,748 - INFO - step 1605 | dt: 3638.91 ms
2026-01-04 16:39:58,122 - INFO - step 1606 | dt: 3368.02 ms
2026-01-04 16:40:00,589 - INFO - step 1607 | dt: 2465.02 ms
2026-01-04 16:40:04,023 - INFO - step 1608 | dt: 3432.70 ms
2026-01-04 16:40:06,891 - INFO - step 1609 | dt: 2865.04 ms
2026-01-04 16:40:09,395 - INFO - step 1610 | dt: 2501.15 ms
2026-01-04 16:40:11,949 - INFO - step 1611 | dt: 2552.01 ms
2026-01-04 16:40:14,586 - INFO - step 1612 | dt: 2633.83 ms
2026-01-04 16:40:17,195 - INFO - step 1613 | dt: 2606.20 ms
2026-01-04 16:40:19,703 - INFO - step 1614 | dt: 2504.32 ms
2026-01-04 16:40:22,302 - INFO - step 1615 | dt: 2595.67 ms
2026-01-04 16:40:25,131 - INFO - step 1616 | dt: 2824.40 ms
2026-01-04 16:40:27,812 - INFO - step 1617 | dt: 2678.76 ms
2026-01-04 16:40:30,422 - INFO - step 1618 | dt: 2607.87 ms
2026-01-04 16:40:33,215 - INFO - step 1619 | dt: 2791.39 ms
2026-01-04 16:40:36,467 - INFO - step 1620 | dt: 3251.03 ms
2026-01-04 16:40:39,871 - INFO - step 1621 | dt: 3401.57 ms
2026-01-04 16:40:42,845 - INFO - step 1622 | dt: 2970.28 ms
2026-01-04 16:40:45,705 - INFO - step 1623 | dt: 2857.04 ms
2026-01-04 16:40:48,763 - INFO - step 1624 | dt: 3056.28 ms
2026-01-04 16:40:51,479 - INFO - step 1625 | dt: 2711.37 ms
2026-01-04 16:40:53,999 - INFO - step 1626 | dt: 2517.13 ms
2026-01-04 16:40:56,471 - INFO - step 1627 | dt: 2470.01 ms
2026-01-04 16:40:59,198 - INFO - step 1628 | dt: 2723.85 ms
2026-01-04 16:41:02,268 - INFO - step 1629 | dt: 3067.07 ms
2026-01-04 16:41:05,336 - INFO - step 1630 | dt: 3066.68 ms
2026-01-04 16:41:09,046 - INFO - step 1631 | dt: 3708.54 ms
2026-01-04 16:41:12,334 - INFO - step 1632 | dt: 3285.47 ms
2026-01-04 16:41:15,648 - INFO - step 1633 | dt: 3311.31 ms
2026-01-04 16:41:18,903 - INFO - step 1634 | dt: 3251.16 ms
2026-01-04 16:41:22,197 - INFO - step 1635 | dt: 3292.03 ms
2026-01-04 16:41:25,574 - INFO - step 1636 | dt: 3374.51 ms
2026-01-04 16:41:28,206 - INFO - step 1637 | dt: 2628.19 ms
2026-01-04 16:41:31,310 - INFO - step 1638 | dt: 3100.27 ms
2026-01-04 16:41:34,803 - INFO - step 1639 | dt: 3491.09 ms
2026-01-04 16:41:38,043 - INFO - step 1640 | dt: 3234.94 ms
2026-01-04 16:41:41,284 - INFO - step 1641 | dt: 3238.90 ms
2026-01-04 16:41:44,393 - INFO - step 1642 | dt: 3105.41 ms
2026-01-04 16:41:47,877 - INFO - step 1643 | dt: 3481.82 ms
2026-01-04 16:41:51,105 - INFO - step 1644 | dt: 3224.61 ms
2026-01-04 16:41:54,275 - INFO - step 1645 | dt: 3168.65 ms
2026-01-04 16:41:57,773 - INFO - step 1646 | dt: 3493.40 ms
2026-01-04 16:42:00,907 - INFO - step 1647 | dt: 3131.43 ms
2026-01-04 16:42:04,192 - INFO - step 1648 | dt: 3282.80 ms
2026-01-04 16:42:07,537 - INFO - step 1649 | dt: 3331.93 ms
2026-01-04 16:42:10,750 - INFO - step 1650 | dt: 3204.69 ms
2026-01-04 16:42:14,078 - INFO - step 1651 | dt: 3324.91 ms
2026-01-04 16:42:17,356 - INFO - step 1652 | dt: 3275.94 ms
2026-01-04 16:42:20,823 - INFO - step 1653 | dt: 3465.53 ms
2026-01-04 16:42:23,784 - INFO - step 1654 | dt: 2958.42 ms
2026-01-04 16:42:26,776 - INFO - step 1655 | dt: 2990.22 ms
2026-01-04 16:42:29,809 - INFO - step 1656 | dt: 3029.76 ms
2026-01-04 16:42:33,094 - INFO - step 1657 | dt: 3282.90 ms
2026-01-04 16:42:36,284 - INFO - step 1658 | dt: 3187.34 ms
2026-01-04 16:42:39,502 - INFO - step 1659 | dt: 3216.52 ms
2026-01-04 16:42:42,470 - INFO - step 1660 | dt: 2965.69 ms
2026-01-04 16:42:45,912 - INFO - step 1661 | dt: 3441.07 ms
2026-01-04 16:42:48,593 - INFO - step 1662 | dt: 2676.98 ms
2026-01-04 16:42:51,154 - INFO - step 1663 | dt: 2557.88 ms
2026-01-04 16:42:53,754 - INFO - step 1664 | dt: 2597.54 ms
2026-01-04 16:42:56,258 - INFO - step 1665 | dt: 2500.81 ms
2026-01-04 16:42:58,993 - INFO - step 1666 | dt: 2730.31 ms
2026-01-04 16:43:01,661 - INFO - step 1667 | dt: 2665.86 ms
2026-01-04 16:43:04,487 - INFO - step 1668 | dt: 2824.65 ms
2026-01-04 16:43:07,053 - INFO - step 1669 | dt: 2561.79 ms
2026-01-04 16:43:09,555 - INFO - step 1670 | dt: 2499.34 ms
2026-01-04 16:43:12,689 - INFO - step 1671 | dt: 3131.56 ms
2026-01-04 16:43:15,999 - INFO - step 1672 | dt: 3307.28 ms
2026-01-04 16:43:19,266 - INFO - step 1673 | dt: 3261.96 ms
2026-01-04 16:43:22,205 - INFO - step 1674 | dt: 2935.65 ms
2026-01-04 16:43:25,229 - INFO - step 1675 | dt: 3021.32 ms
2026-01-04 16:43:28,328 - INFO - step 1676 | dt: 3095.99 ms
2026-01-04 16:43:31,751 - INFO - step 1677 | dt: 3420.84 ms
2026-01-04 16:43:34,939 - INFO - step 1678 | dt: 3185.50 ms
2026-01-04 16:43:38,176 - INFO - step 1679 | dt: 3232.86 ms
2026-01-04 16:43:42,066 - INFO - step 1680 | dt: 3888.32 ms
2026-01-04 16:43:45,293 - INFO - step 1681 | dt: 3223.78 ms
2026-01-04 16:43:48,524 - INFO - step 1682 | dt: 3228.09 ms
2026-01-04 16:43:51,898 - INFO - step 1683 | dt: 3371.73 ms
2026-01-04 16:43:55,070 - INFO - step 1684 | dt: 3168.75 ms
2026-01-04 16:43:58,317 - INFO - step 1685 | dt: 3244.90 ms
2026-01-04 16:44:01,450 - INFO - step 1686 | dt: 3129.44 ms
2026-01-04 16:44:04,904 - INFO - step 1687 | dt: 3451.35 ms
2026-01-04 16:44:08,253 - INFO - step 1688 | dt: 3346.45 ms
2026-01-04 16:44:11,541 - INFO - step 1689 | dt: 3285.91 ms
2026-01-04 16:44:14,516 - INFO - step 1690 | dt: 2972.72 ms
2026-01-04 16:44:17,910 - INFO - step 1691 | dt: 3392.71 ms
2026-01-04 16:44:21,211 - INFO - step 1692 | dt: 3296.17 ms
2026-01-04 16:44:24,591 - INFO - step 1693 | dt: 3377.27 ms
2026-01-04 16:44:28,109 - INFO - step 1694 | dt: 3516.46 ms
2026-01-04 16:44:31,490 - INFO - step 1695 | dt: 3377.58 ms
2026-01-04 16:44:34,572 - INFO - step 1696 | dt: 3078.48 ms
2026-01-04 16:44:37,944 - INFO - step 1697 | dt: 3370.23 ms
2026-01-04 16:44:41,260 - INFO - step 1698 | dt: 3313.37 ms
2026-01-04 16:44:44,590 - INFO - step 1699 | dt: 3327.21 ms
2026-01-04 16:44:48,016 - INFO - step 1700 | dt: 3421.66 ms
2026-01-04 16:44:51,496 - INFO - step 1701 | dt: 3478.30 ms
2026-01-04 16:44:54,423 - INFO - step 1702 | dt: 2924.44 ms
2026-01-04 16:44:57,498 - INFO - step 1703 | dt: 3070.93 ms
2026-01-04 16:45:00,739 - INFO - step 1704 | dt: 3239.90 ms
2026-01-04 16:45:04,274 - INFO - step 1705 | dt: 3530.70 ms
2026-01-04 16:45:07,664 - INFO - step 1706 | dt: 3387.20 ms
2026-01-04 16:45:10,837 - INFO - step 1707 | dt: 3169.52 ms
2026-01-04 16:45:14,218 - INFO - step 1708 | dt: 3379.27 ms
2026-01-04 16:45:17,687 - INFO - step 1709 | dt: 3463.77 ms
2026-01-04 16:45:20,904 - INFO - step 1710 | dt: 3212.06 ms
2026-01-04 16:45:24,260 - INFO - step 1711 | dt: 3353.44 ms
2026-01-04 16:45:27,890 - INFO - step 1712 | dt: 3627.00 ms
2026-01-04 16:45:31,229 - INFO - step 1713 | dt: 3335.86 ms
2026-01-04 16:45:34,222 - INFO - step 1714 | dt: 2990.13 ms
2026-01-04 16:45:37,534 - INFO - step 1715 | dt: 3309.99 ms
2026-01-04 16:45:40,729 - INFO - step 1716 | dt: 3192.12 ms
2026-01-04 16:45:44,104 - INFO - step 1717 | dt: 3372.09 ms
2026-01-04 16:45:47,731 - INFO - step 1718 | dt: 3624.38 ms
2026-01-04 16:45:51,037 - INFO - step 1719 | dt: 3302.44 ms
2026-01-04 16:45:54,197 - INFO - step 1720 | dt: 3156.92 ms
2026-01-04 16:45:57,404 - INFO - step 1721 | dt: 3204.59 ms
2026-01-04 16:46:00,633 - INFO - step 1722 | dt: 3226.60 ms
2026-01-04 16:46:03,892 - INFO - step 1723 | dt: 3256.64 ms
2026-01-04 16:46:07,367 - INFO - step 1724 | dt: 3472.66 ms
2026-01-04 16:46:10,968 - INFO - step 1725 | dt: 3598.33 ms
2026-01-04 16:46:14,084 - INFO - step 1726 | dt: 3112.40 ms
2026-01-04 16:46:16,842 - INFO - step 1727 | dt: 2756.25 ms
2026-01-04 16:46:20,059 - INFO - step 1728 | dt: 3214.88 ms
2026-01-04 16:46:23,450 - INFO - step 1729 | dt: 3387.13 ms
2026-01-04 16:46:26,531 - INFO - step 1730 | dt: 3076.72 ms
2026-01-04 16:46:29,772 - INFO - step 1731 | dt: 3238.67 ms
2026-01-04 16:46:32,997 - INFO - step 1732 | dt: 3222.46 ms
2026-01-04 16:46:36,180 - INFO - step 1733 | dt: 3179.84 ms
2026-01-04 16:46:39,546 - INFO - step 1734 | dt: 3363.57 ms
2026-01-04 16:46:42,079 - INFO - step 1735 | dt: 2531.29 ms
2026-01-04 16:46:44,745 - INFO - step 1736 | dt: 2664.04 ms
2026-01-04 16:46:47,299 - INFO - step 1737 | dt: 2549.08 ms
2026-01-04 16:46:50,543 - INFO - step 1738 | dt: 3241.14 ms
2026-01-04 16:46:53,606 - INFO - step 1739 | dt: 3060.87 ms
2026-01-04 16:46:56,313 - INFO - step 1740 | dt: 2704.84 ms
2026-01-04 16:46:59,462 - INFO - step 1741 | dt: 3142.00 ms
2026-01-04 16:47:02,061 - INFO - step 1742 | dt: 2596.36 ms
2026-01-04 16:47:05,407 - INFO - step 1743 | dt: 3344.76 ms
2026-01-04 16:47:08,486 - INFO - step 1744 | dt: 3075.02 ms
2026-01-04 16:47:10,974 - INFO - step 1745 | dt: 2484.23 ms
2026-01-04 16:47:13,622 - INFO - step 1746 | dt: 2646.41 ms
2026-01-04 16:47:16,150 - INFO - step 1747 | dt: 2525.89 ms
2026-01-04 16:47:18,820 - INFO - step 1748 | dt: 2664.72 ms
2026-01-04 16:47:22,170 - INFO - step 1749 | dt: 3334.10 ms
2026-01-04 16:47:25,636 - INFO - step 1750 | dt: 3459.60 ms
2026-01-04 16:47:28,535 - INFO - step 1751 | dt: 2895.51 ms
2026-01-04 16:47:31,716 - INFO - step 1752 | dt: 3179.50 ms
2026-01-04 16:47:35,145 - INFO - step 1753 | dt: 3426.98 ms
2026-01-04 16:47:38,012 - INFO - step 1754 | dt: 2863.49 ms
2026-01-04 16:47:40,887 - INFO - step 1755 | dt: 2873.72 ms
2026-01-04 16:47:43,549 - INFO - step 1756 | dt: 2659.58 ms
2026-01-04 16:47:46,534 - INFO - step 1757 | dt: 2983.80 ms
2026-01-04 16:47:50,246 - INFO - step 1758 | dt: 3709.00 ms
2026-01-04 16:47:52,824 - INFO - step 1759 | dt: 2575.52 ms
2026-01-04 16:47:55,451 - INFO - step 1760 | dt: 2621.58 ms
2026-01-04 16:47:57,961 - INFO - step 1761 | dt: 2505.99 ms
2026-01-04 16:48:00,453 - INFO - step 1762 | dt: 2488.36 ms
2026-01-04 16:48:03,202 - INFO - step 1763 | dt: 2745.40 ms
2026-01-04 16:48:05,711 - INFO - step 1764 | dt: 2506.27 ms
2026-01-04 16:48:08,282 - INFO - step 1765 | dt: 2568.06 ms
2026-01-04 16:48:11,240 - INFO - step 1766 | dt: 2954.57 ms
2026-01-04 16:48:14,471 - INFO - step 1767 | dt: 3229.32 ms
2026-01-04 16:48:16,946 - INFO - step 1768 | dt: 2473.08 ms
2026-01-04 16:48:19,577 - INFO - step 1769 | dt: 2629.36 ms
2026-01-04 16:48:22,054 - INFO - step 1770 | dt: 2472.60 ms
2026-01-04 16:48:24,694 - INFO - step 1771 | dt: 2633.98 ms
2026-01-04 16:48:27,346 - INFO - step 1772 | dt: 2650.97 ms
2026-01-04 16:48:30,380 - INFO - step 1773 | dt: 3029.34 ms
2026-01-04 16:48:33,984 - INFO - step 1774 | dt: 3601.95 ms
2026-01-04 16:48:36,525 - INFO - step 1775 | dt: 2538.46 ms
2026-01-04 16:48:39,015 - INFO - step 1776 | dt: 2487.93 ms
2026-01-04 16:48:41,572 - INFO - step 1777 | dt: 2554.84 ms
2026-01-04 16:48:44,773 - INFO - step 1778 | dt: 3197.63 ms
2026-01-04 16:48:47,383 - INFO - step 1779 | dt: 2606.83 ms
2026-01-04 16:48:50,004 - INFO - step 1780 | dt: 2618.85 ms
2026-01-04 16:48:52,651 - INFO - step 1781 | dt: 2644.53 ms
2026-01-04 16:48:55,321 - INFO - step 1782 | dt: 2665.91 ms
2026-01-04 16:48:57,945 - INFO - step 1783 | dt: 2621.87 ms
2026-01-04 16:49:00,635 - INFO - step 1784 | dt: 2686.59 ms
2026-01-04 16:49:03,221 - INFO - step 1785 | dt: 2584.63 ms
2026-01-04 16:49:05,801 - INFO - step 1786 | dt: 2577.84 ms
2026-01-04 16:49:08,331 - INFO - step 1787 | dt: 2527.88 ms
2026-01-04 16:49:10,972 - INFO - step 1788 | dt: 2636.54 ms
2026-01-04 16:49:13,574 - INFO - step 1789 | dt: 2599.03 ms
2026-01-04 16:49:16,090 - INFO - step 1790 | dt: 2513.61 ms
2026-01-04 16:49:18,594 - INFO - step 1791 | dt: 2502.63 ms
2026-01-04 16:49:21,071 - INFO - step 1792 | dt: 2473.55 ms
2026-01-04 16:49:24,462 - INFO - step 1793 | dt: 3388.65 ms
2026-01-04 16:49:27,478 - INFO - step 1794 | dt: 3013.54 ms
2026-01-04 16:49:30,004 - INFO - step 1795 | dt: 2524.76 ms
2026-01-04 16:49:32,677 - INFO - step 1796 | dt: 2669.61 ms
2026-01-04 16:49:35,163 - INFO - step 1797 | dt: 2482.65 ms
2026-01-04 16:49:37,687 - INFO - step 1798 | dt: 2521.08 ms
2026-01-04 16:49:40,459 - INFO - step 1799 | dt: 2765.73 ms
2026-01-04 16:49:43,066 - INFO - step 1800 | dt: 2603.98 ms
2026-01-04 16:49:46,441 - INFO - step 1801 | dt: 3370.75 ms
2026-01-04 16:49:49,694 - INFO - step 1802 | dt: 3249.93 ms
2026-01-04 16:49:53,102 - INFO - step 1803 | dt: 3407.21 ms
2026-01-04 16:49:56,394 - INFO - step 1804 | dt: 3289.46 ms
2026-01-04 16:49:59,788 - INFO - step 1805 | dt: 3392.28 ms
2026-01-04 16:50:03,330 - INFO - step 1806 | dt: 3539.26 ms
2026-01-04 16:50:06,550 - INFO - step 1807 | dt: 3218.61 ms
2026-01-04 16:50:09,630 - INFO - step 1808 | dt: 3076.78 ms
2026-01-04 16:50:12,197 - INFO - step 1809 | dt: 2565.52 ms
2026-01-04 16:50:14,806 - INFO - step 1810 | dt: 2606.79 ms
2026-01-04 16:50:17,491 - INFO - step 1811 | dt: 2681.64 ms
2026-01-04 16:50:20,069 - INFO - step 1812 | dt: 2574.46 ms
2026-01-04 16:50:22,727 - INFO - step 1813 | dt: 2655.04 ms
2026-01-04 16:50:26,078 - INFO - step 1814 | dt: 3348.48 ms
2026-01-04 16:50:28,600 - INFO - step 1815 | dt: 2518.73 ms
2026-01-04 16:50:31,175 - INFO - step 1816 | dt: 2571.81 ms
2026-01-04 16:50:33,682 - INFO - step 1817 | dt: 2505.56 ms
2026-01-04 16:50:36,308 - INFO - step 1818 | dt: 2622.04 ms
2026-01-04 16:50:38,850 - INFO - step 1819 | dt: 2537.82 ms
2026-01-04 16:50:41,416 - INFO - step 1820 | dt: 2563.22 ms
2026-01-04 16:50:43,916 - INFO - step 1821 | dt: 2498.61 ms
2026-01-04 16:50:46,965 - INFO - step 1822 | dt: 3045.84 ms
2026-01-04 16:50:49,549 - INFO - step 1823 | dt: 2580.82 ms
2026-01-04 16:50:52,195 - INFO - step 1824 | dt: 2644.65 ms
2026-01-04 16:50:54,916 - INFO - step 1825 | dt: 2718.69 ms
2026-01-04 16:50:57,524 - INFO - step 1826 | dt: 2606.16 ms
2026-01-04 16:51:00,267 - INFO - step 1827 | dt: 2740.40 ms
2026-01-04 16:51:02,850 - INFO - step 1828 | dt: 2581.50 ms
2026-01-04 16:51:05,482 - INFO - step 1829 | dt: 2630.15 ms
2026-01-04 16:51:08,225 - INFO - step 1830 | dt: 2741.50 ms
2026-01-04 16:51:10,875 - INFO - step 1831 | dt: 2646.32 ms
2026-01-04 16:51:13,973 - INFO - step 1832 | dt: 3094.55 ms
2026-01-04 16:51:16,621 - INFO - step 1833 | dt: 2645.81 ms
2026-01-04 16:51:19,169 - INFO - step 1834 | dt: 2546.97 ms
2026-01-04 16:51:22,335 - INFO - step 1835 | dt: 3162.34 ms
2026-01-04 16:51:25,832 - INFO - step 1836 | dt: 3494.08 ms
2026-01-04 16:51:29,090 - INFO - step 1837 | dt: 3254.36 ms
2026-01-04 16:51:31,776 - INFO - step 1838 | dt: 2683.93 ms
2026-01-04 16:51:34,224 - INFO - step 1839 | dt: 2445.11 ms
2026-01-04 16:51:36,838 - INFO - step 1840 | dt: 2611.68 ms
2026-01-04 16:51:40,257 - INFO - step 1841 | dt: 3416.05 ms
2026-01-04 16:51:43,841 - INFO - step 1842 | dt: 3582.70 ms
2026-01-04 16:51:47,149 - INFO - step 1843 | dt: 3306.21 ms
2026-01-04 16:51:50,315 - INFO - step 1844 | dt: 3163.15 ms
2026-01-04 16:51:53,462 - INFO - step 1845 | dt: 3143.14 ms
2026-01-04 16:51:56,655 - INFO - step 1846 | dt: 3189.66 ms
2026-01-04 16:51:59,848 - INFO - step 1847 | dt: 3190.68 ms
2026-01-04 16:52:03,191 - INFO - step 1848 | dt: 3341.45 ms
2026-01-04 16:52:07,291 - INFO - step 1849 | dt: 4095.82 ms
2026-01-04 16:52:10,692 - INFO - step 1850 | dt: 3394.17 ms
2026-01-04 16:52:14,116 - INFO - step 1851 | dt: 3420.62 ms
2026-01-04 16:52:16,717 - INFO - step 1852 | dt: 2599.68 ms
2026-01-04 16:52:19,236 - INFO - step 1853 | dt: 2515.46 ms
2026-01-04 16:52:21,958 - INFO - step 1854 | dt: 2717.31 ms
2026-01-04 16:52:24,671 - INFO - step 1855 | dt: 2710.35 ms
2026-01-04 16:52:27,796 - INFO - step 1856 | dt: 3122.70 ms
2026-01-04 16:52:30,481 - INFO - step 1857 | dt: 2683.22 ms
2026-01-04 16:52:33,204 - INFO - step 1858 | dt: 2717.94 ms
2026-01-04 16:52:36,177 - INFO - step 1859 | dt: 2971.02 ms
2026-01-04 16:52:38,763 - INFO - step 1860 | dt: 2584.57 ms
2026-01-04 16:52:41,945 - INFO - step 1861 | dt: 3177.31 ms
2026-01-04 16:52:45,386 - INFO - step 1862 | dt: 3438.57 ms
2026-01-04 16:52:48,713 - INFO - step 1863 | dt: 3325.54 ms
2026-01-04 16:52:52,141 - INFO - step 1864 | dt: 3424.82 ms
2026-01-04 16:52:55,505 - INFO - step 1865 | dt: 3363.07 ms
2026-01-04 16:52:58,758 - INFO - step 1866 | dt: 3251.31 ms
2026-01-04 16:53:02,186 - INFO - step 1867 | dt: 3425.44 ms
2026-01-04 16:53:05,297 - INFO - step 1868 | dt: 3104.04 ms
2026-01-04 16:53:08,513 - INFO - step 1869 | dt: 3213.75 ms
2026-01-04 16:53:11,809 - INFO - step 1870 | dt: 3294.74 ms
2026-01-04 16:53:14,301 - INFO - step 1871 | dt: 2487.07 ms
2026-01-04 16:53:17,038 - INFO - step 1872 | dt: 2734.14 ms
2026-01-04 16:53:19,655 - INFO - step 1873 | dt: 2612.80 ms
2026-01-04 16:53:22,166 - INFO - step 1874 | dt: 2507.85 ms
2026-01-04 16:53:24,854 - INFO - step 1875 | dt: 2684.76 ms
2026-01-04 16:53:27,929 - INFO - step 1876 | dt: 3072.27 ms
2026-01-04 16:53:31,190 - INFO - step 1877 | dt: 3258.15 ms
2026-01-04 16:53:34,066 - INFO - step 1878 | dt: 2874.10 ms
2026-01-04 16:53:37,029 - INFO - step 1879 | dt: 2960.53 ms
2026-01-04 16:53:40,346 - INFO - step 1880 | dt: 3314.82 ms
2026-01-04 16:53:43,747 - INFO - step 1881 | dt: 3397.88 ms
2026-01-04 16:53:47,478 - INFO - step 1882 | dt: 3727.77 ms
2026-01-04 16:53:51,269 - INFO - step 1883 | dt: 3787.73 ms
2026-01-04 16:53:54,739 - INFO - step 1884 | dt: 3466.25 ms
2026-01-04 16:53:58,174 - INFO - step 1885 | dt: 3431.98 ms
2026-01-04 16:54:01,304 - INFO - step 1886 | dt: 3127.23 ms
2026-01-04 16:54:04,430 - INFO - step 1887 | dt: 3123.81 ms
2026-01-04 16:54:07,476 - INFO - step 1888 | dt: 3042.81 ms
2026-01-04 16:54:10,546 - INFO - step 1889 | dt: 3066.09 ms
2026-01-04 16:54:13,787 - INFO - step 1890 | dt: 3237.54 ms
2026-01-04 16:54:16,773 - INFO - step 1891 | dt: 2982.89 ms
2026-01-04 16:54:19,494 - INFO - step 1892 | dt: 2717.98 ms
2026-01-04 16:54:22,312 - INFO - step 1893 | dt: 2816.19 ms
2026-01-04 16:54:25,373 - INFO - step 1894 | dt: 3059.46 ms
2026-01-04 16:54:28,192 - INFO - step 1895 | dt: 2816.69 ms
2026-01-04 16:54:30,801 - INFO - step 1896 | dt: 2606.20 ms
2026-01-04 16:54:33,351 - INFO - step 1897 | dt: 2548.86 ms
2026-01-04 16:54:35,959 - INFO - step 1898 | dt: 2604.63 ms
2026-01-04 16:54:39,333 - INFO - step 1899 | dt: 3355.65 ms
2026-01-04 16:54:42,342 - INFO - step 1900 | dt: 3004.36 ms
2026-01-04 16:54:45,541 - INFO - step 1901 | dt: 3197.61 ms
2026-01-04 16:54:48,691 - INFO - step 1902 | dt: 3147.27 ms
2026-01-04 16:54:51,921 - INFO - step 1903 | dt: 3228.51 ms
2026-01-04 16:54:55,266 - INFO - step 1904 | dt: 3341.10 ms
2026-01-04 16:54:58,568 - INFO - step 1905 | dt: 3300.17 ms
2026-01-04 16:55:02,033 - INFO - step 1906 | dt: 3462.63 ms
2026-01-04 16:55:05,157 - INFO - step 1907 | dt: 3122.35 ms
2026-01-04 16:55:08,074 - INFO - step 1908 | dt: 2915.01 ms
2026-01-04 16:55:11,265 - INFO - step 1909 | dt: 3189.07 ms
2026-01-04 16:55:14,435 - INFO - step 1910 | dt: 3167.99 ms
2026-01-04 16:55:17,641 - INFO - step 1911 | dt: 3202.71 ms
2026-01-04 16:55:20,765 - INFO - step 1912 | dt: 3120.85 ms
2026-01-04 16:55:24,204 - INFO - step 1913 | dt: 3434.59 ms
2026-01-04 16:55:27,639 - INFO - step 1914 | dt: 3432.43 ms
2026-01-04 16:55:30,644 - INFO - step 1915 | dt: 3001.85 ms
2026-01-04 16:55:33,331 - INFO - step 1916 | dt: 2683.96 ms
2026-01-04 16:55:36,694 - INFO - step 1917 | dt: 3360.50 ms
2026-01-04 16:55:40,038 - INFO - step 1918 | dt: 3341.24 ms
2026-01-04 16:55:43,026 - INFO - step 1919 | dt: 2984.98 ms
2026-01-04 16:55:46,066 - INFO - step 1920 | dt: 3037.97 ms
2026-01-04 16:55:49,293 - INFO - step 1921 | dt: 3224.07 ms
2026-01-04 16:55:53,104 - INFO - step 1922 | dt: 3809.17 ms
2026-01-04 16:55:56,116 - INFO - step 1923 | dt: 3008.66 ms
2026-01-04 16:55:58,724 - INFO - step 1924 | dt: 2605.72 ms
2026-01-04 16:56:01,459 - INFO - step 1925 | dt: 2729.90 ms
2026-01-04 16:56:04,144 - INFO - step 1926 | dt: 2680.83 ms
2026-01-04 16:56:06,707 - INFO - step 1927 | dt: 2558.95 ms
2026-01-04 16:56:09,826 - INFO - step 1928 | dt: 3116.53 ms
2026-01-04 16:56:13,044 - INFO - step 1929 | dt: 3214.91 ms
2026-01-04 16:56:16,118 - INFO - step 1930 | dt: 3071.75 ms
2026-01-04 16:56:19,226 - INFO - step 1931 | dt: 3105.16 ms
2026-01-04 16:56:22,488 - INFO - step 1932 | dt: 3260.58 ms
2026-01-04 16:56:25,964 - INFO - step 1933 | dt: 3472.97 ms
2026-01-04 16:56:29,319 - INFO - step 1934 | dt: 3351.70 ms
2026-01-04 16:56:32,800 - INFO - step 1935 | dt: 3478.68 ms
2026-01-04 16:56:35,852 - INFO - step 1936 | dt: 3048.94 ms
2026-01-04 16:56:38,773 - INFO - step 1937 | dt: 2918.39 ms
2026-01-04 16:56:41,777 - INFO - step 1938 | dt: 3001.55 ms
2026-01-04 16:56:44,533 - INFO - step 1939 | dt: 2752.22 ms
2026-01-04 16:56:47,280 - INFO - step 1940 | dt: 2743.60 ms
2026-01-04 16:56:49,899 - INFO - step 1941 | dt: 2614.17 ms
2026-01-04 16:56:52,346 - INFO - step 1942 | dt: 2444.70 ms
2026-01-04 16:56:54,931 - INFO - step 1943 | dt: 2581.79 ms
2026-01-04 16:56:58,338 - INFO - step 1944 | dt: 3403.93 ms
2026-01-04 16:57:01,564 - INFO - step 1945 | dt: 3222.83 ms
2026-01-04 16:57:04,519 - INFO - step 1946 | dt: 2951.95 ms
2026-01-04 16:57:07,288 - INFO - step 1947 | dt: 2765.90 ms
2026-01-04 16:57:10,697 - INFO - step 1948 | dt: 3406.51 ms
2026-01-04 16:57:14,063 - INFO - step 1949 | dt: 3353.19 ms
2026-01-04 16:57:17,480 - INFO - step 1950 | dt: 3408.95 ms
2026-01-04 16:57:20,886 - INFO - step 1951 | dt: 3403.79 ms
2026-01-04 16:57:24,268 - INFO - step 1952 | dt: 3377.35 ms
2026-01-04 16:57:27,771 - INFO - step 1953 | dt: 3500.30 ms
2026-01-04 16:57:31,150 - INFO - step 1954 | dt: 3375.70 ms
2026-01-04 16:57:34,360 - INFO - step 1955 | dt: 3207.03 ms
2026-01-04 16:57:37,648 - INFO - step 1956 | dt: 3286.82 ms
2026-01-04 16:57:40,781 - INFO - step 1957 | dt: 3129.60 ms
2026-01-04 16:57:43,994 - INFO - step 1958 | dt: 3211.67 ms
2026-01-04 16:57:47,361 - INFO - step 1959 | dt: 3363.11 ms
2026-01-04 16:57:50,679 - INFO - step 1960 | dt: 3315.78 ms
2026-01-04 16:57:53,831 - INFO - step 1961 | dt: 3150.39 ms
2026-01-04 16:57:57,138 - INFO - step 1962 | dt: 3305.41 ms
2026-01-04 16:58:00,438 - INFO - step 1963 | dt: 3297.90 ms
2026-01-04 16:58:03,676 - INFO - step 1964 | dt: 3237.36 ms
2026-01-04 16:58:06,787 - INFO - step 1965 | dt: 3101.68 ms
2026-01-04 16:58:10,097 - INFO - step 1966 | dt: 3308.45 ms
2026-01-04 16:58:13,543 - INFO - step 1967 | dt: 3443.18 ms
2026-01-04 16:58:16,803 - INFO - step 1968 | dt: 3255.92 ms
2026-01-04 16:58:20,158 - INFO - step 1969 | dt: 3353.74 ms
2026-01-04 16:58:23,540 - INFO - step 1970 | dt: 3379.37 ms
2026-01-04 16:58:26,533 - INFO - step 1971 | dt: 2989.10 ms
2026-01-04 16:58:29,544 - INFO - step 1972 | dt: 3009.75 ms
2026-01-04 16:58:32,677 - INFO - step 1973 | dt: 3131.85 ms
2026-01-04 16:58:35,283 - INFO - step 1974 | dt: 2604.66 ms
2026-01-04 16:58:37,900 - INFO - step 1975 | dt: 2610.11 ms
2026-01-04 16:58:41,161 - INFO - step 1976 | dt: 3258.37 ms
2026-01-04 16:58:43,743 - INFO - step 1977 | dt: 2578.11 ms
2026-01-04 16:58:46,354 - INFO - step 1978 | dt: 2606.61 ms
2026-01-04 16:58:48,982 - INFO - step 1979 | dt: 2626.29 ms
2026-01-04 16:58:51,661 - INFO - step 1980 | dt: 2674.39 ms
2026-01-04 16:58:54,434 - INFO - step 1981 | dt: 2767.90 ms
2026-01-04 16:58:57,101 - INFO - step 1982 | dt: 2665.07 ms
2026-01-04 16:58:59,778 - INFO - step 1983 | dt: 2674.35 ms
2026-01-04 16:59:02,688 - INFO - step 1984 | dt: 2906.30 ms
2026-01-04 16:59:05,862 - INFO - step 1985 | dt: 3170.70 ms
2026-01-04 16:59:09,213 - INFO - step 1986 | dt: 3347.29 ms
2026-01-04 16:59:12,530 - INFO - step 1987 | dt: 3315.69 ms
2026-01-04 16:59:15,786 - INFO - step 1988 | dt: 3253.88 ms
2026-01-04 16:59:18,977 - INFO - step 1989 | dt: 3188.64 ms
2026-01-04 16:59:22,410 - INFO - step 1990 | dt: 3430.15 ms
2026-01-04 16:59:25,882 - INFO - step 1991 | dt: 3470.30 ms
2026-01-04 16:59:29,137 - INFO - step 1992 | dt: 3252.33 ms
2026-01-04 16:59:32,404 - INFO - step 1993 | dt: 3265.03 ms
2026-01-04 16:59:35,865 - INFO - step 1994 | dt: 3458.38 ms
2026-01-04 16:59:38,782 - INFO - step 1995 | dt: 2913.27 ms
2026-01-04 16:59:41,459 - INFO - step 1996 | dt: 2675.18 ms
2026-01-04 16:59:44,169 - INFO - step 1997 | dt: 2709.14 ms
2026-01-04 16:59:47,619 - INFO - step 1998 | dt: 3445.72 ms
2026-01-04 16:59:51,070 - INFO - step 1999 | dt: 3438.58 ms
2026-01-04 16:59:54,058 - INFO - step 2000 | dt: 2983.18 ms
2026-01-04 16:59:56,630 - INFO - step 2001 | dt: 2570.43 ms
2026-01-04 16:59:59,495 - INFO - step 2002 | dt: 2862.79 ms
2026-01-04 17:00:02,957 - INFO - step 2003 | dt: 3459.86 ms
2026-01-04 17:00:05,990 - INFO - step 2004 | dt: 3029.47 ms
2026-01-04 17:00:08,922 - INFO - step 2005 | dt: 2930.12 ms
2026-01-04 17:00:11,723 - INFO - step 2006 | dt: 2795.86 ms
2026-01-04 17:00:14,388 - INFO - step 2007 | dt: 2660.74 ms
2026-01-04 17:00:17,063 - INFO - step 2008 | dt: 2674.09 ms
2026-01-04 17:00:20,076 - INFO - step 2009 | dt: 3008.83 ms
2026-01-04 17:00:23,045 - INFO - step 2010 | dt: 2965.93 ms
2026-01-04 17:00:26,863 - INFO - step 2011 | dt: 3814.78 ms
2026-01-04 17:00:30,241 - INFO - step 2012 | dt: 3375.81 ms
2026-01-04 17:00:33,674 - INFO - step 2013 | dt: 3430.76 ms
2026-01-04 17:00:36,365 - INFO - step 2014 | dt: 2688.25 ms
2026-01-04 17:00:38,885 - INFO - step 2015 | dt: 2517.50 ms
2026-01-04 17:00:41,410 - INFO - step 2016 | dt: 2523.24 ms
2026-01-04 17:00:44,046 - INFO - step 2017 | dt: 2631.29 ms
2026-01-04 17:00:47,561 - INFO - step 2018 | dt: 3511.27 ms
2026-01-04 17:00:50,891 - INFO - step 2019 | dt: 3322.18 ms
2026-01-04 17:00:53,914 - INFO - step 2020 | dt: 3019.35 ms
2026-01-04 17:00:56,744 - INFO - step 2021 | dt: 2827.66 ms
2026-01-04 17:01:00,251 - INFO - step 2022 | dt: 3505.91 ms
2026-01-04 17:01:03,232 - INFO - step 2023 | dt: 2977.77 ms
2026-01-04 17:01:06,637 - INFO - step 2024 | dt: 3403.32 ms
2026-01-04 17:01:09,900 - INFO - step 2025 | dt: 3260.28 ms
2026-01-04 17:01:13,104 - INFO - step 2026 | dt: 3201.33 ms
2026-01-04 17:01:16,170 - INFO - step 2027 | dt: 3063.13 ms
2026-01-04 17:01:19,548 - INFO - step 2028 | dt: 3374.12 ms
2026-01-04 17:01:22,389 - INFO - step 2029 | dt: 2837.57 ms
2026-01-04 17:01:25,578 - INFO - step 2030 | dt: 3187.80 ms
2026-01-04 17:01:28,801 - INFO - step 2031 | dt: 3220.31 ms
2026-01-04 17:01:32,038 - INFO - step 2032 | dt: 3234.83 ms
2026-01-04 17:01:35,420 - INFO - step 2033 | dt: 3379.86 ms
2026-01-04 17:01:38,599 - INFO - step 2034 | dt: 3176.99 ms
2026-01-04 17:01:41,737 - INFO - step 2035 | dt: 3136.40 ms
2026-01-04 17:01:44,834 - INFO - step 2036 | dt: 3092.89 ms
2026-01-04 17:01:48,383 - INFO - step 2037 | dt: 3545.76 ms
2026-01-04 17:01:51,773 - INFO - step 2038 | dt: 3386.60 ms
2026-01-04 17:01:55,262 - INFO - step 2039 | dt: 3485.89 ms
2026-01-04 17:01:58,243 - INFO - step 2040 | dt: 2979.13 ms
2026-01-04 17:02:01,306 - INFO - step 2041 | dt: 3061.56 ms
2026-01-04 17:02:04,110 - INFO - step 2042 | dt: 2801.35 ms
2026-01-04 17:02:07,181 - INFO - step 2043 | dt: 3068.35 ms
2026-01-04 17:02:10,164 - INFO - step 2044 | dt: 2981.05 ms
2026-01-04 17:02:13,334 - INFO - step 2045 | dt: 3168.47 ms
2026-01-04 17:02:16,637 - INFO - step 2046 | dt: 3300.66 ms
2026-01-04 17:02:20,029 - INFO - step 2047 | dt: 3388.09 ms
2026-01-04 17:02:23,335 - INFO - step 2048 | dt: 3305.52 ms
2026-01-04 17:02:26,613 - INFO - step 2049 | dt: 3271.87 ms
2026-01-04 17:02:30,002 - INFO - step 2050 | dt: 3384.22 ms
2026-01-04 17:02:33,236 - INFO - step 2051 | dt: 3231.18 ms
2026-01-04 17:02:36,154 - INFO - step 2052 | dt: 2914.92 ms
2026-01-04 17:02:38,748 - INFO - step 2053 | dt: 2592.55 ms
2026-01-04 17:02:41,726 - INFO - step 2054 | dt: 2975.39 ms
2026-01-04 17:02:44,482 - INFO - step 2055 | dt: 2752.68 ms
2026-01-04 17:02:47,740 - INFO - step 2056 | dt: 3257.18 ms
2026-01-04 17:02:51,083 - INFO - step 2057 | dt: 3340.46 ms
2026-01-04 17:02:55,516 - INFO - step 2058 | dt: 4431.53 ms
2026-01-04 17:02:58,944 - INFO - step 2059 | dt: 3425.38 ms
2026-01-04 17:03:02,335 - INFO - step 2060 | dt: 3388.54 ms
2026-01-04 17:03:05,763 - INFO - step 2061 | dt: 3425.22 ms
2026-01-04 17:03:09,049 - INFO - step 2062 | dt: 3283.97 ms
2026-01-04 17:03:12,371 - INFO - step 2063 | dt: 3319.94 ms
2026-01-04 17:03:15,838 - INFO - step 2064 | dt: 3463.97 ms
2026-01-04 17:03:19,271 - INFO - step 2065 | dt: 3430.81 ms
2026-01-04 17:03:22,516 - INFO - step 2066 | dt: 3242.44 ms
2026-01-04 17:03:26,090 - INFO - step 2067 | dt: 3570.22 ms
2026-01-04 17:03:29,453 - INFO - step 2068 | dt: 3360.08 ms
2026-01-04 17:03:32,795 - INFO - step 2069 | dt: 3338.84 ms
2026-01-04 17:03:35,804 - INFO - step 2070 | dt: 3005.86 ms
2026-01-04 17:03:38,840 - INFO - step 2071 | dt: 3034.10 ms
2026-01-04 17:03:41,528 - INFO - step 2072 | dt: 2685.55 ms
2026-01-04 17:03:44,032 - INFO - step 2073 | dt: 2501.80 ms
2026-01-04 17:03:46,686 - INFO - step 2074 | dt: 2650.05 ms
2026-01-04 17:03:49,931 - INFO - step 2075 | dt: 3241.50 ms
2026-01-04 17:03:53,084 - INFO - step 2076 | dt: 3150.97 ms
2026-01-04 17:03:56,380 - INFO - step 2077 | dt: 3292.65 ms
2026-01-04 17:03:59,711 - INFO - step 2078 | dt: 3329.22 ms
2026-01-04 17:04:02,645 - INFO - step 2079 | dt: 2931.55 ms
2026-01-04 17:04:05,734 - INFO - step 2080 | dt: 3086.95 ms
2026-01-04 17:04:09,110 - INFO - step 2081 | dt: 3374.89 ms
2026-01-04 17:04:11,705 - INFO - step 2082 | dt: 2592.63 ms
2026-01-04 17:04:14,335 - INFO - step 2083 | dt: 2627.77 ms
2026-01-04 17:04:17,174 - INFO - step 2084 | dt: 2836.51 ms
2026-01-04 17:04:20,255 - INFO - step 2085 | dt: 3076.33 ms
2026-01-04 17:04:23,621 - INFO - step 2086 | dt: 3364.03 ms
2026-01-04 17:04:26,809 - INFO - step 2087 | dt: 3184.97 ms
2026-01-04 17:04:29,955 - INFO - step 2088 | dt: 3144.10 ms
2026-01-04 17:04:32,956 - INFO - step 2089 | dt: 2999.19 ms
2026-01-04 17:04:35,573 - INFO - step 2090 | dt: 2614.32 ms
2026-01-04 17:04:38,591 - INFO - step 2091 | dt: 3014.87 ms
2026-01-04 17:04:41,862 - INFO - step 2092 | dt: 3269.22 ms
2026-01-04 17:04:45,351 - INFO - step 2093 | dt: 3485.15 ms
2026-01-04 17:04:47,876 - INFO - step 2094 | dt: 2521.97 ms
2026-01-04 17:04:50,502 - INFO - step 2095 | dt: 2622.93 ms
2026-01-04 17:04:52,929 - INFO - step 2096 | dt: 2424.38 ms
2026-01-04 17:04:55,549 - INFO - step 2097 | dt: 2618.25 ms
2026-01-04 17:04:58,030 - INFO - step 2098 | dt: 2477.11 ms
2026-01-04 17:05:00,835 - INFO - step 2099 | dt: 2786.70 ms
2026-01-04 17:05:03,854 - INFO - step 2100 | dt: 3013.68 ms
2026-01-04 17:05:07,220 - INFO - step 2101 | dt: 3362.82 ms
2026-01-04 17:05:10,679 - INFO - step 2102 | dt: 3455.61 ms
2026-01-04 17:05:13,989 - INFO - step 2103 | dt: 3307.75 ms
2026-01-04 17:05:17,380 - INFO - step 2104 | dt: 3389.46 ms
2026-01-04 17:05:20,712 - INFO - step 2105 | dt: 3329.14 ms
2026-01-04 17:05:23,729 - INFO - step 2106 | dt: 3015.09 ms
2026-01-04 17:05:26,748 - INFO - step 2107 | dt: 3016.83 ms
2026-01-04 17:05:30,255 - INFO - step 2108 | dt: 3504.10 ms
2026-01-04 17:05:33,258 - INFO - step 2109 | dt: 3001.47 ms
2026-01-04 17:05:36,535 - INFO - step 2110 | dt: 3274.81 ms
2026-01-04 17:05:40,208 - INFO - step 2111 | dt: 3669.67 ms
2026-01-04 17:05:43,111 - INFO - step 2112 | dt: 2899.10 ms
2026-01-04 17:05:45,642 - INFO - step 2113 | dt: 2527.53 ms
2026-01-04 17:05:49,144 - INFO - step 2114 | dt: 3500.59 ms
2026-01-04 17:05:51,848 - INFO - step 2115 | dt: 2702.18 ms
2026-01-04 17:05:55,120 - INFO - step 2116 | dt: 3269.77 ms
2026-01-04 17:05:58,135 - INFO - step 2117 | dt: 3012.65 ms
2026-01-04 17:06:00,867 - INFO - step 2118 | dt: 2730.42 ms
2026-01-04 17:06:03,769 - INFO - step 2119 | dt: 2899.86 ms
2026-01-04 17:06:06,449 - INFO - step 2120 | dt: 2677.77 ms
2026-01-04 17:06:09,261 - INFO - step 2121 | dt: 2809.03 ms
2026-01-04 17:06:12,535 - INFO - step 2122 | dt: 3270.73 ms
2026-01-04 17:06:15,663 - INFO - step 2123 | dt: 3125.21 ms
2026-01-04 17:06:18,776 - INFO - step 2124 | dt: 3110.81 ms
2026-01-04 17:06:22,053 - INFO - step 2125 | dt: 3272.37 ms
2026-01-04 17:06:25,510 - INFO - step 2126 | dt: 3454.82 ms
2026-01-04 17:06:28,709 - INFO - step 2127 | dt: 3193.61 ms
2026-01-04 17:06:31,775 - INFO - step 2128 | dt: 3063.88 ms
2026-01-04 17:06:35,032 - INFO - step 2129 | dt: 3256.04 ms
2026-01-04 17:06:38,249 - INFO - step 2130 | dt: 3213.08 ms
2026-01-04 17:06:41,645 - INFO - step 2131 | dt: 3393.52 ms
2026-01-04 17:06:44,943 - INFO - step 2132 | dt: 3294.44 ms
2026-01-04 17:06:48,014 - INFO - step 2133 | dt: 3070.55 ms
2026-01-04 17:06:51,354 - INFO - step 2134 | dt: 3337.07 ms
2026-01-04 17:06:54,356 - INFO - step 2135 | dt: 2998.77 ms
2026-01-04 17:06:57,526 - INFO - step 2136 | dt: 3168.26 ms
2026-01-04 17:07:00,812 - INFO - step 2137 | dt: 3284.43 ms
2026-01-04 17:07:03,987 - INFO - step 2138 | dt: 3171.98 ms
2026-01-04 17:07:06,991 - INFO - step 2139 | dt: 3001.81 ms
2026-01-04 17:07:10,101 - INFO - step 2140 | dt: 3107.66 ms
2026-01-04 17:07:12,778 - INFO - step 2141 | dt: 2674.87 ms
2026-01-04 17:07:15,297 - INFO - step 2142 | dt: 2516.59 ms
2026-01-04 17:07:17,821 - INFO - step 2143 | dt: 2519.01 ms
2026-01-04 17:07:20,384 - INFO - step 2144 | dt: 2560.32 ms
2026-01-04 17:07:23,041 - INFO - step 2145 | dt: 2654.95 ms
2026-01-04 17:07:25,642 - INFO - step 2146 | dt: 2598.01 ms
2026-01-04 17:07:28,242 - INFO - step 2147 | dt: 2599.00 ms
2026-01-04 17:07:30,826 - INFO - step 2148 | dt: 2580.67 ms
2026-01-04 17:07:34,131 - INFO - step 2149 | dt: 3293.07 ms
2026-01-04 17:07:37,539 - INFO - step 2150 | dt: 3405.09 ms
2026-01-04 17:07:40,797 - INFO - step 2151 | dt: 3256.03 ms
2026-01-04 17:07:44,032 - INFO - step 2152 | dt: 3233.15 ms
2026-01-04 17:07:47,275 - INFO - step 2153 | dt: 3241.47 ms
2026-01-04 17:07:50,760 - INFO - step 2154 | dt: 3482.80 ms
2026-01-04 17:07:53,970 - INFO - step 2155 | dt: 3206.80 ms
2026-01-04 17:07:56,802 - INFO - step 2156 | dt: 2829.43 ms
2026-01-04 17:07:59,543 - INFO - step 2157 | dt: 2735.86 ms
2026-01-04 17:08:02,210 - INFO - step 2158 | dt: 2664.48 ms
2026-01-04 17:08:05,185 - INFO - step 2159 | dt: 2973.38 ms
2026-01-04 17:08:08,149 - INFO - step 2160 | dt: 2962.13 ms
2026-01-04 17:08:11,498 - INFO - step 2161 | dt: 3347.03 ms
2026-01-04 17:08:14,540 - INFO - step 2162 | dt: 3039.57 ms
2026-01-04 17:08:17,653 - INFO - step 2163 | dt: 3111.26 ms
2026-01-04 17:08:20,925 - INFO - step 2164 | dt: 3268.69 ms
2026-01-04 17:08:24,288 - INFO - step 2165 | dt: 3362.27 ms
2026-01-04 17:08:27,749 - INFO - step 2166 | dt: 3458.25 ms
2026-01-04 17:08:31,011 - INFO - step 2167 | dt: 3259.46 ms
2026-01-04 17:08:34,090 - INFO - step 2168 | dt: 3077.79 ms
2026-01-04 17:08:36,755 - INFO - step 2169 | dt: 2663.62 ms
2026-01-04 17:08:39,319 - INFO - step 2170 | dt: 2560.42 ms
2026-01-04 17:08:41,908 - INFO - step 2171 | dt: 2584.83 ms
2026-01-04 17:08:44,434 - INFO - step 2172 | dt: 2523.18 ms
2026-01-04 17:08:47,598 - INFO - step 2173 | dt: 3159.75 ms
2026-01-04 17:08:50,854 - INFO - step 2174 | dt: 3254.57 ms
2026-01-04 17:08:53,632 - INFO - step 2175 | dt: 2776.01 ms
2026-01-04 17:08:56,240 - INFO - step 2176 | dt: 2605.04 ms
2026-01-04 17:08:58,817 - INFO - step 2177 | dt: 2574.86 ms
2026-01-04 17:09:01,538 - INFO - step 2178 | dt: 2717.08 ms
2026-01-04 17:09:04,249 - INFO - step 2179 | dt: 2709.01 ms
2026-01-04 17:09:07,309 - INFO - step 2180 | dt: 3056.66 ms
2026-01-04 17:09:10,389 - INFO - step 2181 | dt: 3077.94 ms
2026-01-04 17:09:13,381 - INFO - step 2182 | dt: 2989.21 ms
2026-01-04 17:09:15,936 - INFO - step 2183 | dt: 2554.09 ms
2026-01-04 17:09:18,635 - INFO - step 2184 | dt: 2697.39 ms
2026-01-04 17:09:21,755 - INFO - step 2185 | dt: 3116.99 ms
2026-01-04 17:09:24,494 - INFO - step 2186 | dt: 2736.46 ms
2026-01-04 17:09:27,359 - INFO - step 2187 | dt: 2863.68 ms
2026-01-04 17:09:30,427 - INFO - step 2188 | dt: 3063.99 ms
2026-01-04 17:09:33,585 - INFO - step 2189 | dt: 3155.16 ms
2026-01-04 17:09:36,488 - INFO - step 2190 | dt: 2901.70 ms
2026-01-04 17:09:39,624 - INFO - step 2191 | dt: 3134.22 ms
2026-01-04 17:09:42,564 - INFO - step 2192 | dt: 2938.63 ms
2026-01-04 17:09:45,738 - INFO - step 2193 | dt: 3171.66 ms
2026-01-04 17:09:49,016 - INFO - step 2194 | dt: 3276.19 ms
2026-01-04 17:09:51,944 - INFO - step 2195 | dt: 2925.94 ms
2026-01-04 17:09:54,616 - INFO - step 2196 | dt: 2668.43 ms
2026-01-04 17:09:57,265 - INFO - step 2197 | dt: 2647.94 ms
2026-01-04 17:09:59,884 - INFO - step 2198 | dt: 2615.31 ms
2026-01-04 17:10:02,832 - INFO - step 2199 | dt: 2943.28 ms
2026-01-04 17:10:05,968 - INFO - step 2200 | dt: 3132.43 ms
2026-01-04 17:10:09,121 - INFO - step 2201 | dt: 3151.36 ms
2026-01-04 17:10:12,528 - INFO - step 2202 | dt: 3403.59 ms
2026-01-04 17:10:15,794 - INFO - step 2203 | dt: 3264.49 ms
2026-01-04 17:10:18,960 - INFO - step 2204 | dt: 3163.92 ms
2026-01-04 17:10:22,213 - INFO - step 2205 | dt: 3250.79 ms
2026-01-04 17:10:25,573 - INFO - step 2206 | dt: 3358.46 ms
2026-01-04 17:10:28,820 - INFO - step 2207 | dt: 3244.83 ms
2026-01-04 17:10:32,183 - INFO - step 2208 | dt: 3361.26 ms
2026-01-04 17:10:35,801 - INFO - step 2209 | dt: 3616.07 ms
2026-01-04 17:10:38,772 - INFO - step 2210 | dt: 2968.15 ms
2026-01-04 17:10:41,319 - INFO - step 2211 | dt: 2546.49 ms
2026-01-04 17:10:43,878 - INFO - step 2212 | dt: 2557.01 ms
2026-01-04 17:10:46,383 - INFO - step 2213 | dt: 2503.91 ms
2026-01-04 17:10:49,020 - INFO - step 2214 | dt: 2633.40 ms
2026-01-04 17:10:51,808 - INFO - step 2215 | dt: 2785.01 ms
2026-01-04 17:10:54,382 - INFO - step 2216 | dt: 2572.48 ms
2026-01-04 17:10:57,074 - INFO - step 2217 | dt: 2689.75 ms
2026-01-04 17:10:59,644 - INFO - step 2218 | dt: 2566.48 ms
2026-01-04 17:11:02,466 - INFO - step 2219 | dt: 2820.78 ms
2026-01-04 17:11:05,674 - INFO - step 2220 | dt: 3205.90 ms
2026-01-04 17:11:08,884 - INFO - step 2221 | dt: 3208.25 ms
2026-01-04 17:11:12,217 - INFO - step 2222 | dt: 3330.30 ms
2026-01-04 17:11:15,539 - INFO - step 2223 | dt: 3319.04 ms
2026-01-04 17:11:18,576 - INFO - step 2224 | dt: 3035.03 ms
2026-01-04 17:11:21,880 - INFO - step 2225 | dt: 3302.17 ms
2026-01-04 17:11:25,465 - INFO - step 2226 | dt: 3581.86 ms
2026-01-04 17:11:28,518 - INFO - step 2227 | dt: 3050.23 ms
2026-01-04 17:11:31,557 - INFO - step 2228 | dt: 3037.35 ms
2026-01-04 17:11:34,213 - INFO - step 2229 | dt: 2653.59 ms
2026-01-04 17:11:37,487 - INFO - step 2230 | dt: 3271.89 ms
2026-01-04 17:11:40,109 - INFO - step 2231 | dt: 2619.91 ms
2026-01-04 17:11:43,069 - INFO - step 2232 | dt: 2958.53 ms
2026-01-04 17:11:46,417 - INFO - step 2233 | dt: 3346.79 ms
2026-01-04 17:11:49,900 - INFO - step 2234 | dt: 3480.03 ms
2026-01-04 17:11:53,321 - INFO - step 2235 | dt: 3419.10 ms
2026-01-04 17:11:56,208 - INFO - step 2236 | dt: 2883.55 ms
2026-01-04 17:11:58,973 - INFO - step 2237 | dt: 2762.98 ms
2026-01-04 17:12:02,133 - INFO - step 2238 | dt: 3157.17 ms
2026-01-04 17:12:04,840 - INFO - step 2239 | dt: 2704.15 ms
2026-01-04 17:12:07,374 - INFO - step 2240 | dt: 2531.54 ms
2026-01-04 17:12:10,441 - INFO - step 2241 | dt: 3064.81 ms
2026-01-04 17:12:13,093 - INFO - step 2242 | dt: 2650.43 ms
2026-01-04 17:12:16,149 - INFO - step 2243 | dt: 3054.43 ms
2026-01-04 17:12:19,350 - INFO - step 2244 | dt: 3196.96 ms
2026-01-04 17:12:22,734 - INFO - step 2245 | dt: 3382.00 ms
2026-01-04 17:12:25,963 - INFO - step 2246 | dt: 3227.35 ms
2026-01-04 17:12:29,085 - INFO - step 2247 | dt: 3118.94 ms
2026-01-04 17:12:32,035 - INFO - step 2248 | dt: 2949.16 ms
2026-01-04 17:12:35,222 - INFO - step 2249 | dt: 3183.81 ms
2026-01-04 17:12:38,434 - INFO - step 2250 | dt: 3208.70 ms
2026-01-04 17:12:41,626 - INFO - step 2251 | dt: 3189.94 ms
2026-01-04 17:12:44,746 - INFO - step 2252 | dt: 3116.90 ms
2026-01-04 17:12:48,164 - INFO - step 2253 | dt: 3416.83 ms
2026-01-04 17:12:51,727 - INFO - step 2254 | dt: 3556.21 ms
2026-01-04 17:12:55,326 - INFO - step 2255 | dt: 3595.33 ms
2026-01-04 17:12:58,809 - INFO - step 2256 | dt: 3480.40 ms
2026-01-04 17:13:02,288 - INFO - step 2257 | dt: 3476.39 ms
2026-01-04 17:13:05,534 - INFO - step 2258 | dt: 3243.11 ms
2026-01-04 17:13:08,018 - INFO - step 2259 | dt: 2481.17 ms
2026-01-04 17:13:11,001 - INFO - step 2260 | dt: 2981.16 ms
2026-01-04 17:13:14,200 - INFO - step 2261 | dt: 3195.68 ms
2026-01-04 17:13:17,453 - INFO - step 2262 | dt: 3250.03 ms
2026-01-04 17:13:20,676 - INFO - step 2263 | dt: 3221.46 ms
2026-01-04 17:13:23,878 - INFO - step 2264 | dt: 3199.80 ms
2026-01-04 17:13:27,091 - INFO - step 2265 | dt: 3210.76 ms
2026-01-04 17:13:30,183 - INFO - step 2266 | dt: 3090.29 ms
2026-01-04 17:13:33,515 - INFO - step 2267 | dt: 3329.75 ms
2026-01-04 17:13:36,676 - INFO - step 2268 | dt: 3158.36 ms
2026-01-04 17:13:39,874 - INFO - step 2269 | dt: 3195.31 ms
2026-01-04 17:13:43,080 - INFO - step 2270 | dt: 3203.82 ms
2026-01-04 17:13:46,461 - INFO - step 2271 | dt: 3378.98 ms
2026-01-04 17:13:50,022 - INFO - step 2272 | dt: 3560.13 ms
2026-01-04 17:13:53,434 - INFO - step 2273 | dt: 3407.22 ms
2026-01-04 17:13:56,594 - INFO - step 2274 | dt: 3158.63 ms
2026-01-04 17:14:00,086 - INFO - step 2275 | dt: 3487.76 ms
2026-01-04 17:14:03,122 - INFO - step 2276 | dt: 3032.87 ms
2026-01-04 17:14:05,561 - INFO - step 2277 | dt: 2437.26 ms
2026-01-04 17:14:08,005 - INFO - step 2278 | dt: 2440.36 ms
2026-01-04 17:14:10,932 - INFO - step 2279 | dt: 2924.57 ms
2026-01-04 17:14:13,919 - INFO - step 2280 | dt: 2983.38 ms
2026-01-04 17:14:16,571 - INFO - step 2281 | dt: 2650.96 ms
2026-01-04 17:14:19,278 - INFO - step 2282 | dt: 2705.08 ms
2026-01-04 17:14:21,985 - INFO - step 2283 | dt: 2703.40 ms
2026-01-04 17:14:24,493 - INFO - step 2284 | dt: 2506.08 ms
2026-01-04 17:14:27,030 - INFO - step 2285 | dt: 2535.00 ms
2026-01-04 17:14:30,397 - INFO - step 2286 | dt: 3362.96 ms
2026-01-04 17:14:33,400 - INFO - step 2287 | dt: 3001.12 ms
2026-01-04 17:14:36,348 - INFO - step 2288 | dt: 2945.88 ms
2026-01-04 17:14:38,856 - INFO - step 2289 | dt: 2506.09 ms
2026-01-04 17:14:41,790 - INFO - step 2290 | dt: 2930.93 ms
2026-01-04 17:14:44,303 - INFO - step 2291 | dt: 2511.75 ms
2026-01-04 17:14:47,751 - INFO - step 2292 | dt: 3445.67 ms
2026-01-04 17:14:50,401 - INFO - step 2293 | dt: 2647.67 ms
2026-01-04 17:14:53,850 - INFO - step 2294 | dt: 3446.95 ms
2026-01-04 17:14:56,389 - INFO - step 2295 | dt: 2532.64 ms
2026-01-04 17:14:59,010 - INFO - step 2296 | dt: 2617.22 ms
2026-01-04 17:15:01,448 - INFO - step 2297 | dt: 2435.70 ms
2026-01-04 17:15:04,075 - INFO - step 2298 | dt: 2625.66 ms
2026-01-04 17:15:07,301 - INFO - step 2299 | dt: 3211.26 ms
2026-01-04 17:15:10,518 - INFO - step 2300 | dt: 3210.70 ms
2026-01-04 17:15:14,058 - INFO - step 2301 | dt: 3537.86 ms
2026-01-04 17:15:17,505 - INFO - step 2302 | dt: 3445.21 ms
2026-01-04 17:15:20,711 - INFO - step 2303 | dt: 3203.77 ms
2026-01-04 17:15:23,657 - INFO - step 2304 | dt: 2943.37 ms
2026-01-04 17:15:26,618 - INFO - step 2305 | dt: 2959.39 ms
2026-01-04 17:15:29,216 - INFO - step 2306 | dt: 2593.06 ms
2026-01-04 17:15:31,939 - INFO - step 2307 | dt: 2720.66 ms
2026-01-04 17:15:35,365 - INFO - step 2308 | dt: 3422.21 ms
2026-01-04 17:15:38,468 - INFO - step 2309 | dt: 3101.52 ms
2026-01-04 17:15:42,327 - INFO - step 2310 | dt: 3856.66 ms
2026-01-04 17:15:46,044 - INFO - step 2311 | dt: 3713.66 ms
2026-01-04 17:15:49,550 - INFO - step 2312 | dt: 3503.14 ms
2026-01-04 17:15:52,889 - INFO - step 2313 | dt: 3335.95 ms
2026-01-04 17:15:56,211 - INFO - step 2314 | dt: 3318.98 ms
2026-01-04 17:15:59,639 - INFO - step 2315 | dt: 3424.43 ms
2026-01-04 17:16:02,834 - INFO - step 2316 | dt: 3192.30 ms
2026-01-04 17:16:05,406 - INFO - step 2317 | dt: 2570.68 ms
2026-01-04 17:16:07,963 - INFO - step 2318 | dt: 2553.94 ms
2026-01-04 17:16:11,343 - INFO - step 2319 | dt: 3376.96 ms
2026-01-04 17:16:14,417 - INFO - step 2320 | dt: 3071.06 ms
2026-01-04 17:16:17,573 - INFO - step 2321 | dt: 3153.70 ms
2026-01-04 17:16:20,821 - INFO - step 2322 | dt: 3245.69 ms
2026-01-04 17:16:23,716 - INFO - step 2323 | dt: 2892.24 ms
2026-01-04 17:16:26,492 - INFO - step 2324 | dt: 2773.67 ms
2026-01-04 17:16:29,662 - INFO - step 2325 | dt: 3166.74 ms
2026-01-04 17:16:32,615 - INFO - step 2326 | dt: 2950.54 ms
2026-01-04 17:16:36,096 - INFO - step 2327 | dt: 3479.62 ms
2026-01-04 17:16:39,199 - INFO - step 2328 | dt: 3100.41 ms
2026-01-04 17:16:42,769 - INFO - step 2329 | dt: 3565.92 ms
2026-01-04 17:16:46,046 - INFO - step 2330 | dt: 3273.70 ms
2026-01-04 17:16:49,085 - INFO - step 2331 | dt: 3036.13 ms
2026-01-04 17:16:51,592 - INFO - step 2332 | dt: 2504.93 ms
2026-01-04 17:16:54,227 - INFO - step 2333 | dt: 2632.61 ms
2026-01-04 17:16:56,843 - INFO - step 2334 | dt: 2611.73 ms
2026-01-04 17:16:59,519 - INFO - step 2335 | dt: 2672.40 ms
2026-01-04 17:17:02,132 - INFO - step 2336 | dt: 2609.58 ms
2026-01-04 17:17:04,813 - INFO - step 2337 | dt: 2678.41 ms
2026-01-04 17:17:07,403 - INFO - step 2338 | dt: 2587.17 ms
2026-01-04 17:17:10,003 - INFO - step 2339 | dt: 2598.14 ms
2026-01-04 17:17:13,099 - INFO - step 2340 | dt: 3092.59 ms
2026-01-04 17:17:16,097 - INFO - step 2341 | dt: 2995.63 ms
2026-01-04 17:17:19,488 - INFO - step 2342 | dt: 3388.83 ms
2026-01-04 17:17:22,065 - INFO - step 2343 | dt: 2573.36 ms
2026-01-04 17:17:24,815 - INFO - step 2344 | dt: 2746.81 ms
2026-01-04 17:17:27,640 - INFO - step 2345 | dt: 2822.25 ms
2026-01-04 17:17:30,313 - INFO - step 2346 | dt: 2670.36 ms
2026-01-04 17:17:32,971 - INFO - step 2347 | dt: 2654.86 ms
2026-01-04 17:17:35,709 - INFO - step 2348 | dt: 2736.45 ms
2026-01-04 17:17:39,091 - INFO - step 2349 | dt: 3365.66 ms
2026-01-04 17:17:42,277 - INFO - step 2350 | dt: 3179.76 ms
2026-01-04 17:17:45,675 - INFO - step 2351 | dt: 3395.72 ms
2026-01-04 17:17:48,765 - INFO - step 2352 | dt: 3086.55 ms
2026-01-04 17:17:51,997 - INFO - step 2353 | dt: 3230.51 ms
2026-01-04 17:17:55,299 - INFO - step 2354 | dt: 3298.93 ms
2026-01-04 17:17:58,463 - INFO - step 2355 | dt: 3160.96 ms
2026-01-04 17:18:01,741 - INFO - step 2356 | dt: 3273.61 ms
2026-01-04 17:18:04,599 - INFO - step 2357 | dt: 2854.51 ms
2026-01-04 17:18:07,465 - INFO - step 2358 | dt: 2863.00 ms
2026-01-04 17:18:10,414 - INFO - step 2359 | dt: 2948.25 ms
2026-01-04 17:18:13,004 - INFO - step 2360 | dt: 2587.10 ms
2026-01-04 17:18:15,640 - INFO - step 2361 | dt: 2631.28 ms
2026-01-04 17:18:18,152 - INFO - step 2362 | dt: 2510.18 ms
2026-01-04 17:18:20,834 - INFO - step 2363 | dt: 2678.33 ms
2026-01-04 17:18:23,658 - INFO - step 2364 | dt: 2820.26 ms
2026-01-04 17:18:26,585 - INFO - step 2365 | dt: 2923.02 ms
2026-01-04 17:18:29,514 - INFO - step 2366 | dt: 2927.59 ms
2026-01-04 17:18:32,026 - INFO - step 2367 | dt: 2509.56 ms
2026-01-04 17:18:35,278 - INFO - step 2368 | dt: 3250.46 ms
2026-01-04 17:18:38,336 - INFO - step 2369 | dt: 3054.98 ms
2026-01-04 17:18:41,590 - INFO - step 2370 | dt: 3252.74 ms
2026-01-04 17:18:45,107 - INFO - step 2371 | dt: 3514.44 ms
2026-01-04 17:18:48,381 - INFO - step 2372 | dt: 3271.23 ms
2026-01-04 17:18:51,697 - INFO - step 2373 | dt: 3313.92 ms
2026-01-04 17:18:54,827 - INFO - step 2374 | dt: 3126.91 ms
2026-01-04 17:18:57,885 - INFO - step 2375 | dt: 3054.53 ms
2026-01-04 17:19:00,885 - INFO - step 2376 | dt: 2998.13 ms
2026-01-04 17:19:03,649 - INFO - step 2377 | dt: 2762.89 ms
2026-01-04 17:19:06,524 - INFO - step 2378 | dt: 2872.34 ms
2026-01-04 17:19:09,021 - INFO - step 2379 | dt: 2493.05 ms
2026-01-04 17:19:11,574 - INFO - step 2380 | dt: 2551.84 ms
2026-01-04 17:19:14,216 - INFO - step 2381 | dt: 2638.55 ms
2026-01-04 17:19:17,380 - INFO - step 2382 | dt: 3161.02 ms
2026-01-04 17:19:20,562 - INFO - step 2383 | dt: 3180.61 ms
2026-01-04 17:19:23,684 - INFO - step 2384 | dt: 3120.47 ms
2026-01-04 17:19:26,590 - INFO - step 2385 | dt: 2902.72 ms
2026-01-04 17:19:29,747 - INFO - step 2386 | dt: 3155.29 ms
2026-01-04 17:19:32,668 - INFO - step 2387 | dt: 2918.99 ms
2026-01-04 17:19:36,106 - INFO - step 2388 | dt: 3436.26 ms
2026-01-04 17:19:38,700 - INFO - step 2389 | dt: 2585.27 ms
2026-01-04 17:19:41,279 - INFO - step 2390 | dt: 2576.62 ms
2026-01-04 17:19:43,718 - INFO - step 2391 | dt: 2435.16 ms
2026-01-04 17:19:46,281 - INFO - step 2392 | dt: 2559.34 ms
2026-01-04 17:19:49,816 - INFO - step 2393 | dt: 3530.52 ms
2026-01-04 17:19:53,542 - INFO - step 2394 | dt: 3721.62 ms
2026-01-04 17:19:56,200 - INFO - step 2395 | dt: 2654.68 ms
2026-01-04 17:19:58,682 - INFO - step 2396 | dt: 2479.08 ms
2026-01-04 17:20:01,252 - INFO - step 2397 | dt: 2567.69 ms
2026-01-04 17:20:03,697 - INFO - step 2398 | dt: 2439.20 ms
2026-01-04 17:20:06,431 - INFO - step 2399 | dt: 2716.15 ms
2026-01-04 17:20:09,959 - INFO - step 2400 | dt: 3522.15 ms
2026-01-04 17:20:12,447 - INFO - step 2401 | dt: 2484.06 ms
2026-01-04 17:20:15,493 - INFO - step 2402 | dt: 3043.37 ms
2026-01-04 17:20:18,723 - INFO - step 2403 | dt: 3228.42 ms
2026-01-04 17:20:22,107 - INFO - step 2404 | dt: 3380.81 ms
2026-01-04 17:20:25,548 - INFO - step 2405 | dt: 3438.86 ms
2026-01-04 17:20:28,736 - INFO - step 2406 | dt: 3185.22 ms
2026-01-04 17:20:31,598 - INFO - step 2407 | dt: 2859.31 ms
2026-01-04 17:20:34,205 - INFO - step 2408 | dt: 2604.72 ms
2026-01-04 17:20:37,229 - INFO - step 2409 | dt: 3022.31 ms
2026-01-04 17:20:39,830 - INFO - step 2410 | dt: 2598.28 ms
2026-01-04 17:20:42,322 - INFO - step 2411 | dt: 2490.06 ms
2026-01-04 17:20:44,936 - INFO - step 2412 | dt: 2612.18 ms
2026-01-04 17:20:47,419 - INFO - step 2413 | dt: 2479.55 ms
2026-01-04 17:20:50,052 - INFO - step 2414 | dt: 2631.50 ms
2026-01-04 17:20:52,752 - INFO - step 2415 | dt: 2697.66 ms
2026-01-04 17:20:55,937 - INFO - step 2416 | dt: 3182.69 ms
2026-01-04 17:20:59,069 - INFO - step 2417 | dt: 3128.95 ms
2026-01-04 17:21:01,914 - INFO - step 2418 | dt: 2843.22 ms
2026-01-04 17:21:04,629 - INFO - step 2419 | dt: 2713.51 ms
2026-01-04 17:21:07,486 - INFO - step 2420 | dt: 2855.47 ms
2026-01-04 17:21:10,405 - INFO - step 2421 | dt: 2914.55 ms
2026-01-04 17:21:13,565 - INFO - step 2422 | dt: 3158.07 ms
2026-01-04 17:21:16,769 - INFO - step 2423 | dt: 3202.81 ms
2026-01-04 17:21:19,675 - INFO - step 2424 | dt: 2902.64 ms
2026-01-04 17:21:22,602 - INFO - step 2425 | dt: 2925.51 ms
2026-01-04 17:21:25,764 - INFO - step 2426 | dt: 3161.04 ms
2026-01-04 17:21:29,060 - INFO - step 2427 | dt: 3292.56 ms
2026-01-04 17:21:32,301 - INFO - step 2428 | dt: 3239.58 ms
2026-01-04 17:21:35,668 - INFO - step 2429 | dt: 3364.67 ms
2026-01-04 17:21:38,774 - INFO - step 2430 | dt: 3103.76 ms
2026-01-04 17:21:41,724 - INFO - step 2431 | dt: 2949.24 ms
2026-01-04 17:21:44,585 - INFO - step 2432 | dt: 2859.40 ms
2026-01-04 17:21:47,788 - INFO - step 2433 | dt: 3200.41 ms
2026-01-04 17:21:51,153 - INFO - step 2434 | dt: 3361.50 ms
2026-01-04 17:21:54,210 - INFO - step 2435 | dt: 3054.96 ms
2026-01-04 17:21:57,340 - INFO - step 2436 | dt: 3128.67 ms
2026-01-04 17:22:00,649 - INFO - step 2437 | dt: 3305.69 ms
2026-01-04 17:22:03,832 - INFO - step 2438 | dt: 3181.34 ms
2026-01-04 17:22:06,744 - INFO - step 2439 | dt: 2910.68 ms
2026-01-04 17:22:10,076 - INFO - step 2440 | dt: 3328.92 ms
2026-01-04 17:22:13,196 - INFO - step 2441 | dt: 3118.89 ms
2026-01-04 17:22:16,368 - INFO - step 2442 | dt: 3168.82 ms
2026-01-04 17:22:19,670 - INFO - step 2443 | dt: 3299.49 ms
2026-01-04 17:22:22,936 - INFO - step 2444 | dt: 3264.63 ms
2026-01-04 17:22:26,183 - INFO - step 2445 | dt: 3243.58 ms
2026-01-04 17:22:29,307 - INFO - step 2446 | dt: 3122.37 ms
2026-01-04 17:22:32,251 - INFO - step 2447 | dt: 2941.72 ms
2026-01-04 17:22:35,357 - INFO - step 2448 | dt: 3103.96 ms
2026-01-04 17:22:38,683 - INFO - step 2449 | dt: 3319.58 ms
2026-01-04 17:22:41,953 - INFO - step 2450 | dt: 3266.87 ms
2026-01-04 17:22:45,139 - INFO - step 2451 | dt: 3184.58 ms
2026-01-04 17:22:48,094 - INFO - step 2452 | dt: 2951.27 ms
2026-01-04 17:22:51,531 - INFO - step 2453 | dt: 3435.02 ms
2026-01-04 17:22:54,412 - INFO - step 2454 | dt: 2877.98 ms
2026-01-04 17:22:57,817 - INFO - step 2455 | dt: 3403.26 ms
2026-01-04 17:23:00,590 - INFO - step 2456 | dt: 2770.81 ms
2026-01-04 17:23:03,335 - INFO - step 2457 | dt: 2742.30 ms
2026-01-04 17:23:06,185 - INFO - step 2458 | dt: 2847.38 ms
2026-01-04 17:23:08,954 - INFO - step 2459 | dt: 2766.45 ms
2026-01-04 17:23:11,632 - INFO - step 2460 | dt: 2674.54 ms
2026-01-04 17:23:14,214 - INFO - step 2461 | dt: 2579.12 ms
2026-01-04 17:23:16,708 - INFO - step 2462 | dt: 2493.15 ms
2026-01-04 17:23:19,366 - INFO - step 2463 | dt: 2654.73 ms
2026-01-04 17:23:22,329 - INFO - step 2464 | dt: 2960.76 ms
2026-01-04 17:23:25,136 - INFO - step 2465 | dt: 2804.52 ms
2026-01-04 17:23:27,891 - INFO - step 2466 | dt: 2753.61 ms
2026-01-04 17:23:30,558 - INFO - step 2467 | dt: 2663.62 ms
2026-01-04 17:23:33,226 - INFO - step 2468 | dt: 2666.55 ms
2026-01-04 17:23:36,169 - INFO - step 2469 | dt: 2940.33 ms
2026-01-04 17:23:39,286 - INFO - step 2470 | dt: 3114.69 ms
2026-01-04 17:23:42,675 - INFO - step 2471 | dt: 3386.65 ms
2026-01-04 17:23:45,934 - INFO - step 2472 | dt: 3257.01 ms
2026-01-04 17:23:49,167 - INFO - step 2473 | dt: 3229.29 ms
2026-01-04 17:23:52,539 - INFO - step 2474 | dt: 3369.71 ms
2026-01-04 17:23:55,666 - INFO - step 2475 | dt: 3123.75 ms
2026-01-04 17:23:58,710 - INFO - step 2476 | dt: 3041.20 ms
2026-01-04 17:24:01,618 - INFO - step 2477 | dt: 2906.84 ms
2026-01-04 17:24:04,455 - INFO - step 2478 | dt: 2834.72 ms
2026-01-04 17:24:07,561 - INFO - step 2479 | dt: 3102.75 ms
2026-01-04 17:24:10,775 - INFO - step 2480 | dt: 3212.11 ms
2026-01-04 17:24:13,468 - INFO - step 2481 | dt: 2691.59 ms
2026-01-04 17:24:16,646 - INFO - step 2482 | dt: 3176.28 ms
2026-01-04 17:24:19,529 - INFO - step 2483 | dt: 2880.67 ms
2026-01-04 17:24:22,209 - INFO - step 2484 | dt: 2677.95 ms
2026-01-04 17:24:25,268 - INFO - step 2485 | dt: 3051.13 ms
2026-01-04 17:24:28,397 - INFO - step 2486 | dt: 3125.09 ms
2026-01-04 17:24:31,425 - INFO - step 2487 | dt: 3026.90 ms
2026-01-04 17:24:34,693 - INFO - step 2488 | dt: 3266.42 ms
2026-01-04 17:24:38,009 - INFO - step 2489 | dt: 3314.62 ms
2026-01-04 17:24:41,218 - INFO - step 2490 | dt: 3206.16 ms
2026-01-04 17:24:44,039 - INFO - step 2491 | dt: 2819.24 ms
2026-01-04 17:24:46,611 - INFO - step 2492 | dt: 2568.80 ms
2026-01-04 17:24:49,693 - INFO - step 2493 | dt: 3079.83 ms
2026-01-04 17:24:52,361 - INFO - step 2494 | dt: 2664.96 ms
2026-01-04 17:24:55,036 - INFO - step 2495 | dt: 2673.72 ms
2026-01-04 17:24:57,669 - INFO - step 2496 | dt: 2631.08 ms
2026-01-04 17:25:00,211 - INFO - step 2497 | dt: 2538.88 ms
2026-01-04 17:25:03,298 - INFO - step 2498 | dt: 3085.22 ms
2026-01-04 17:25:06,562 - INFO - step 2499 | dt: 3262.17 ms
2026-01-04 17:25:09,744 - INFO - step 2500 | dt: 3176.56 ms
2026-01-04 17:25:10,684 - INFO - Step 2500 | train_loss=0.5875
2026-01-04 17:25:10,724 - INFO - Starting generation for prompt: 'First Citizen:'
2026-01-04 17:25:17,069 - INFO - Generation | new_tokens: 50 | dt: 6344.58 ms | tok/s: 8
2026-01-04 17:25:17,084 - INFO - 
================================================================================
2026-01-04 17:25:17,084 - INFO - Step 2500 - Generated text:
2026-01-04 17:25:17,084 - INFO - First Citizen:
I know you, tell me what this is in a
day's journey.

Second Servingman:
Ay, and have been so great a one were.

Second Servingman:
Ay, and be prosperous;
2026-01-04 17:25:17,084 - INFO - ================================================================================

2026-01-04 17:25:21,681 - INFO - Saving checkpoint at step 2500
2026-01-04 17:25:34,632 - INFO - Saving checkpoint at step 2500
